Component: ARM Compiler 5.06 update 6 (build 750) Tool: armlink [4d35ed]

==============================================================================

Section Cross References

    stm32f0xx_hal.o(i.HAL_DeInit) refers to stm32f0xx_hal.o(i.HAL_MspDeInit) for HAL_MspDeInit
    stm32f0xx_hal.o(i.HAL_Delay) refers to stm32f0xx_hal.o(i.HAL_GetTick) for HAL_GetTick
    stm32f0xx_hal.o(i.HAL_GetTick) refers to stm32f0xx_hal.o(.data) for .data
    stm32f0xx_hal.o(i.HAL_IncTick) refers to stm32f0xx_hal.o(.data) for .data
    stm32f0xx_hal.o(i.HAL_Init) refers to stm32f0xx_hal.o(i.HAL_InitTick) for HAL_InitTick
    stm32f0xx_hal.o(i.HAL_Init) refers to stm32f0xx_hal.o(i.HAL_MspInit) for HAL_MspInit
    stm32f0xx_hal.o(i.HAL_InitTick) refers to stm32f0xx_hal_rcc.o(i.HAL_RCC_GetHCLKFreq) for HAL_RCC_GetHCLKFreq
    stm32f0xx_hal.o(i.HAL_InitTick) refers to aeabi_sdiv.o(.text) for __aeabi_uidivmod
    stm32f0xx_hal.o(i.HAL_InitTick) refers to stm32f0xx_hal_cortex.o(i.HAL_SYSTICK_Config) for HAL_SYSTICK_Config
    stm32f0xx_hal.o(i.HAL_InitTick) refers to stm32f0xx_hal_cortex.o(i.HAL_NVIC_SetPriority) for HAL_NVIC_SetPriority
    stm32f0xx_hal.o(.ARM.exidx) refers to stm32f0xx_hal.o(i.HAL_MspInit) for i.HAL_MspInit
    stm32f0xx_hal.o(.ARM.exidx) refers to stm32f0xx_hal.o(i.HAL_InitTick) for i.HAL_InitTick
    stm32f0xx_hal.o(.ARM.exidx) refers to stm32f0xx_hal.o(i.HAL_Init) for i.HAL_Init
    stm32f0xx_hal.o(.ARM.exidx) refers to stm32f0xx_hal.o(i.HAL_MspDeInit) for i.HAL_MspDeInit
    stm32f0xx_hal.o(.ARM.exidx) refers to stm32f0xx_hal.o(i.HAL_DeInit) for i.HAL_DeInit
    stm32f0xx_hal.o(.ARM.exidx) refers to stm32f0xx_hal.o(i.HAL_IncTick) for i.HAL_IncTick
    stm32f0xx_hal.o(.ARM.exidx) refers to stm32f0xx_hal.o(i.HAL_GetTick) for i.HAL_GetTick
    stm32f0xx_hal.o(.ARM.exidx) refers to stm32f0xx_hal.o(i.HAL_Delay) for i.HAL_Delay
    stm32f0xx_hal.o(.ARM.exidx) refers to stm32f0xx_hal.o(i.HAL_SuspendTick) for i.HAL_SuspendTick
    stm32f0xx_hal.o(.ARM.exidx) refers to stm32f0xx_hal.o(i.HAL_ResumeTick) for i.HAL_ResumeTick
    stm32f0xx_hal.o(.ARM.exidx) refers to stm32f0xx_hal.o(i.HAL_GetHalVersion) for i.HAL_GetHalVersion
    stm32f0xx_hal.o(.ARM.exidx) refers to stm32f0xx_hal.o(i.HAL_GetREVID) for i.HAL_GetREVID
    stm32f0xx_hal.o(.ARM.exidx) refers to stm32f0xx_hal.o(i.HAL_GetDEVID) for i.HAL_GetDEVID
    stm32f0xx_hal.o(.ARM.exidx) refers to stm32f0xx_hal.o(i.HAL_GetUIDw0) for i.HAL_GetUIDw0
    stm32f0xx_hal.o(.ARM.exidx) refers to stm32f0xx_hal.o(i.HAL_GetUIDw1) for i.HAL_GetUIDw1
    stm32f0xx_hal.o(.ARM.exidx) refers to stm32f0xx_hal.o(i.HAL_GetUIDw2) for i.HAL_GetUIDw2
    stm32f0xx_hal.o(.ARM.exidx) refers to stm32f0xx_hal.o(i.HAL_DBGMCU_EnableDBGStopMode) for i.HAL_DBGMCU_EnableDBGStopMode
    stm32f0xx_hal.o(.ARM.exidx) refers to stm32f0xx_hal.o(i.HAL_DBGMCU_DisableDBGStopMode) for i.HAL_DBGMCU_DisableDBGStopMode
    stm32f0xx_hal.o(.ARM.exidx) refers to stm32f0xx_hal.o(i.HAL_DBGMCU_EnableDBGStandbyMode) for i.HAL_DBGMCU_EnableDBGStandbyMode
    stm32f0xx_hal.o(.ARM.exidx) refers to stm32f0xx_hal.o(i.HAL_DBGMCU_DisableDBGStandbyMode) for i.HAL_DBGMCU_DisableDBGStandbyMode
    stm32f0xx_hal_cortex.o(i.HAL_NVIC_SetPriority) refers to stm32f0xx_hal_cortex.o(i._ZN44_INTERNAL_22_stm32f0xx_hal_cortex_c_910ac08716NVIC_SetPriorityE9IRQn_Typej) for [local to stm32f0xx_hal_cortex_c]::NVIC_SetPriority(IRQn_Type, unsigned)
    stm32f0xx_hal_cortex.o(i.HAL_SYSTICK_Config) refers to stm32f0xx_hal_cortex.o(i._ZN44_INTERNAL_22_stm32f0xx_hal_cortex_c_910ac08716NVIC_SetPriorityE9IRQn_Typej) for [local to stm32f0xx_hal_cortex_c]::NVIC_SetPriority(IRQn_Type, unsigned)
    stm32f0xx_hal_cortex.o(i.HAL_SYSTICK_IRQHandler) refers to stm32f0xx_hal_cortex.o(i.HAL_SYSTICK_Callback) for HAL_SYSTICK_Callback
    stm32f0xx_hal_cortex.o(.ARM.exidx) refers to stm32f0xx_hal_cortex.o(i._ZN44_INTERNAL_22_stm32f0xx_hal_cortex_c_910ac08716NVIC_SetPriorityE9IRQn_Typej) for i._ZN44_INTERNAL_22_stm32f0xx_hal_cortex_c_910ac08716NVIC_SetPriorityE9IRQn_Typej
    stm32f0xx_hal_cortex.o(.ARM.exidx) refers to stm32f0xx_hal_cortex.o(i.HAL_NVIC_SetPriority) for i.HAL_NVIC_SetPriority
    stm32f0xx_hal_cortex.o(.ARM.exidx) refers to stm32f0xx_hal_cortex.o(i.HAL_NVIC_EnableIRQ) for i.HAL_NVIC_EnableIRQ
    stm32f0xx_hal_cortex.o(.ARM.exidx) refers to stm32f0xx_hal_cortex.o(i.HAL_NVIC_DisableIRQ) for i.HAL_NVIC_DisableIRQ
    stm32f0xx_hal_cortex.o(.ARM.exidx) refers to stm32f0xx_hal_cortex.o(i.HAL_NVIC_SystemReset) for i.HAL_NVIC_SystemReset
    stm32f0xx_hal_cortex.o(.ARM.exidx) refers to stm32f0xx_hal_cortex.o(i.HAL_SYSTICK_Config) for i.HAL_SYSTICK_Config
    stm32f0xx_hal_cortex.o(.ARM.exidx) refers to stm32f0xx_hal_cortex.o(i.HAL_NVIC_GetPriority) for i.HAL_NVIC_GetPriority
    stm32f0xx_hal_cortex.o(.ARM.exidx) refers to stm32f0xx_hal_cortex.o(i.HAL_NVIC_SetPendingIRQ) for i.HAL_NVIC_SetPendingIRQ
    stm32f0xx_hal_cortex.o(.ARM.exidx) refers to stm32f0xx_hal_cortex.o(i.HAL_NVIC_GetPendingIRQ) for i.HAL_NVIC_GetPendingIRQ
[...]
    Removing stm32f0xx_hal_spi.o(i._ZN41_INTERNAL_19_stm32f0xx_hal_spi_c_5e7b22bd23SPI_DMAHalfTransmitCpltEP19__DMA_HandleTypeDef), (10 bytes).
    Removing stm32f0xx_hal_spi.o(i._ZN41_INTERNAL_19_stm32f0xx_hal_spi_c_5e7b22bd24SPI_2linesRxISR_16BITCRCEP19__SPI_HandleTypeDef), (30 bytes).
    Removing stm32f0xx_hal_spi.o(i._ZN41_INTERNAL_19_stm32f0xx_hal_spi_c_5e7b22bd26SPI_DMATransmitReceiveCpltEP19__DMA_HandleTypeDef), (220 bytes).
    Removing stm32f0xx_hal_spi.o(i._ZN41_INTERNAL_19_stm32f0xx_hal_spi_c_5e7b22bd30SPI_DMAHalfTransmitReceiveCpltEP19__DMA_HandleTypeDef), (10 bytes).
    Removing stm32f0xx_hal_spi.o(.ARM.exidx), (8 bytes).
    Removing stm32f0xx_hal_spi.o(.ARM.exidx), (8 bytes).
    Removing stm32f0xx_hal_spi.o(.ARM.exidx), (8 bytes).
    Removing stm32f0xx_hal_spi.o(.ARM.exidx), (8 bytes).
    Removing stm32f0xx_hal_spi.o(.ARM.exidx), (8 bytes).
    Removing stm32f0xx_hal_spi.o(.ARM.exidx), (8 bytes).
    Removing stm32f0xx_hal_spi.o(.ARM.exidx), (8 bytes).
    Removing stm32f0xx_hal_spi.o(.ARM.exidx), (8 bytes).
    Removing stm32f0xx_hal_spi.o(.ARM.exidx), (8 bytes).
    Removing stm32f0xx_hal_spi.o(.ARM.exidx), (8 bytes).
    Removing stm32f0xx_hal_spi.o(.ARM.exidx), (8 bytes).
    Removing stm32f0xx_hal_spi.o(.ARM.exidx), (8 bytes).
    Removing stm32f0xx_hal_spi.o(.ARM.exidx), (8 bytes).
    Removing stm32f0xx_hal_spi.o(.ARM.exidx), (8 bytes).
    Removing stm32f0xx_hal_spi.o(.ARM.exidx), (8 bytes).
    Removing stm32f0xx_hal_spi.o(.ARM.exidx), (8 bytes).
    Removing stm32f0xx_hal_spi.o(.ARM.exidx), (8 bytes).
    Removing stm32f0xx_hal_spi.o(.ARM.exidx), (8 bytes).
    Removing stm32f0xx_hal_spi.o(.ARM.exidx), (8 bytes).
    Removing stm32f0xx_hal_spi.o(.ARM.exidx), (8 bytes).
    Removing stm32f0xx_hal_spi.o(.ARM.exidx), (8 bytes).
    Removing stm32f0xx_hal_spi.o(.ARM.exidx), (8 bytes).
    Removing stm32f0xx_hal_spi.o(.ARM.exidx), (8 bytes).
    Removing stm32f0xx_hal_spi.o(.ARM.exidx), (8 bytes).
    Removing stm32f0xx_hal_spi.o(.ARM.exidx), (8 bytes).
    Removing stm32f0xx_hal_spi.o(.ARM.exidx), (8 bytes).
    Removing stm32f0xx_hal_spi.o(.ARM.exidx), (8 bytes).
    Removing stm32f0xx_hal_spi.o(.ARM.exidx), (8 bytes).
    Removing stm32f0xx_hal_spi.o(.ARM.exidx), (8 bytes).
    Removing stm32f0xx_hal_spi.o(.ARM.exidx), (8 bytes).
    Removing stm32f0xx_hal_spi.o(.ARM.exidx), (8 bytes).
    Removing stm32f0xx_hal_spi.o(.ARM.exidx), (8 bytes).
    Removing stm32f0xx_hal_spi.o(.ARM.exidx), (8 bytes).
    Removing stm32f0xx_hal_spi.o(.ARM.exidx), (8 bytes).
    Removing stm32f0xx_hal_spi.o(.ARM.exidx), (8 bytes).
    Removing stm32f0xx_hal_spi.o(.ARM.exidx), (8 bytes).
    Removing stm32f0xx_hal_spi.o(.ARM.exidx), (8 bytes).
    Removing stm32f0xx_hal_spi.o(.ARM.exidx), (8 bytes).
    Removing stm32f0xx_hal_spi.o(.ARM.exidx), (8 bytes).
    Removing stm32f0xx_hal_spi.o(.ARM.exidx), (8 bytes).
    Removing stm32f0xx_hal_spi.o(.ARM.exidx), (8 bytes).
    Removing stm32f0xx_hal_spi.o(.ARM.exidx), (8 bytes).
    Removing stm32f0xx_hal_spi.o(.ARM.exidx), (8 bytes).
    Removing stm32f0xx_hal_spi.o(.ARM.exidx), (8 bytes).
    Removing stm32f0xx_hal_spi.o(.ARM.exidx), (8 bytes).
    Removing stm32f0xx_hal_spi.o(.ARM.exidx), (8 bytes).
    Removing stm32f0xx_hal_spi.o(.ARM.exidx), (8 bytes).
    Removing stm32f0xx_hal_spi.o(.ARM.exidx), (8 bytes).
    Removing stm32f0xx_hal_spi.o(.ARM.exidx), (8 bytes).
    Removing stm32f0xx_hal_spi.o(.ARM.exidx), (8 bytes).
    Removing stm32f0xx_hal_spi.o(.ARM.exidx), (8 bytes).
    Removing stm32f0xx_hal_spi.o(.ARM.exidx), (8 bytes).
    Removing stm32f0xx_hal_spi.o(.ARM.exidx), (8 bytes).
    Removing stm32f0xx_hal_spi.o(.ARM.exidx), (8 bytes).
    Removing stm32f0xx_hal_spi.o(.ARM.exidx), (8 bytes).
    Removing stm32f0xx_hal_spi.o(.ARM.exidx), (8 bytes).
    Removing stm32f0xx_hal_spi.o(.ARM.exidx), (8 bytes).
    Removing stm32f0xx_hal_spi.o(.ARM.exidx), (8 bytes).
    Removing stm32f0xx_hal_spi.o(.ARM.exidx), (8 bytes).
    Removing stm32f0xx_hal_spi.o(.ARM.exidx), (8 bytes).
    Removing stm32f0xx_hal_dma.o(.ARM.exidx), (8 bytes).
    Removing mian.o(.ARM.exidx), (8 bytes).
    Removing mian.o(.ARM.exidx), (8 bytes).
    Removing ssd1306.o(.ARM.exidx), (8 bytes).
    Removing ssd1306.o(.ARM.exidx), (8 bytes).
    Removing ssd1306.o(.ARM.exidx), (8 bytes).

374 unused section(s) (total 12638 bytes) removed from the image.

==============================================================================

Image Symbol Table

    Local Symbols

    Symbol Name                              Value     Ov Type        Size  Object(Section)

    ../clib/angel/boardlib.s                 0x00000000   Number         0  boardinit1.o ABSOLUTE
    ../clib/angel/boardlib.s                 0x00000000   Number         0  boardinit2.o ABSOLUTE
    ../clib/angel/boardlib.s                 0x00000000   Number         0  boardshut.o ABSOLUTE
    ../clib/angel/boardlib.s                 0x00000000   Number         0  boardinit3.o ABSOLUTE
    ../clib/angel/handlers.s                 0x00000000   Number         0  __scatter_zi.o ABSOLUTE
    ../clib/angel/handlers.s                 0x00000000   Number         0  __scatter_copy.o ABSOLUTE
    ../clib/angel/kernel.s                   0x00000000   Number         0  rtexit.o ABSOLUTE
    ../clib/angel/kernel.s                   0x00000000   Number         0  rtexit2.o ABSOLUTE
    ../clib/angel/kernel.s                   0x00000000   Number         0  __rtentry4.o ABSOLUTE
    ../clib/angel/kernel.s                   0x00000000   Number         0  __rtentry2.o ABSOLUTE
    ../clib/angel/kernel.s                   0x00000000   Number         0  __rtentry.o ABSOLUTE
    ../clib/angel/rt.s                       0x00000000   Number         0  rt_ddtor_pointer_addr_intlibspace.o ABSOLUTE
    ../clib/angel/rt.s                       0x00000000   Number         0  aeabi_idiv0.o ABSOLUTE
    ../clib/angel/rt.s                       0x00000000   Number         0  rt_raise.o ABSOLUTE
    ../clib/angel/rt.s                       0x00000000   Number         0  aeabi_idiv0_sigfpe.o ABSOLUTE
    ../clib/angel/rt.s                       0x00000000   Number         0  rt_heap_descriptor_intlibspace.o ABSOLUTE
    ../clib/angel/rt.s                       0x00000000   Number         0  rt_heap_descriptor.o ABSOLUTE
    ../clib/angel/rt.s                       0x00000000   Number         0  rt_div0.o ABSOLUTE
    ../clib/angel/rt.s                       0x00000000   Number         0  rt_ddtor_pointer_addr.o ABSOLUTE
    ../clib/angel/scatterp.s                 0x00000000   Number         0  __scatter.o ABSOLUTE
    ../clib/angel/startup.s                  0x00000000   Number         0  __main.o ABSOLUTE
    ../clib/angel/sys.s                      0x00000000   Number         0  sys_stackheap_outer.o ABSOLUTE
    ../clib/angel/sys.s                      0x00000000   Number         0  use_no_semi.o ABSOLUTE
    ../clib/angel/sys.s                      0x00000000   Number         0  indicate_semi.o ABSOLUTE
    ../clib/angel/sys.s                      0x00000000   Number         0  tempstk.o ABSOLUTE
    ../clib/angel/sys.s                      0x00000000   Number         0  libspace.o ABSOLUTE
    ../clib/angel/sys.s                      0x00000000   Number         0  mutex_dummy.o ABSOLUTE
    ../clib/angel/sysapp.c                   0x00000000   Number         0  sys_wrch.o ABSOLUTE
    ../clib/angel/sysapp.c                   0x00000000   Number         0  sys_exit.o ABSOLUTE
    ../clib/angel/sysapp.c                   0x00000000   Number         0  sys_command.o ABSOLUTE
    ../clib/arm_runtime.c                    0x00000000   Number         0  init_aeabi.o ABSOLUTE
    ../clib/arm_runtime.c                    0x00000000   Number         0  init_aeabi.o ABSOLUTE
    ../clib/armsys.c                         0x00000000   Number         0  _get_argv_nomalloc.o ABSOLUTE
    ../clib/armsys.c                         0x00000000   Number         0  no_argv.o ABSOLUTE
    ../clib/armsys.c                         0x00000000   Number         0  _get_argv.o ABSOLUTE
    ../clib/armsys.c                         0x00000000   Number         0  argv_veneer.o ABSOLUTE
    ../clib/division.c                       0x00000000   Number         0  rtudiv10.o ABSOLUTE
    ../clib/division.s                       0x00000000   Number         0  aeabi_sdiv_div0.o ABSOLUTE
    ../clib/division.s                       0x00000000   Number         0  aeabi_sdiv.o ABSOLUTE
    ../clib/heap1.c                          0x00000000   Number         0  h1_final_mt.o ABSOLUTE
    ../clib/heap1.c                          0x00000000   Number         0  h1_final.o ABSOLUTE
    ../clib/heap1.c                          0x00000000   Number         0  h1_free.o ABSOLUTE
    ../clib/heap1.c                          0x00000000   Number         0  h1_extend_mt.o ABSOLUTE
    ../clib/heap1.c                          0x00000000   Number         0  h1_init.o ABSOLUTE
    ../clib/heap1.c                          0x00000000   Number         0  h1_init_mt.o ABSOLUTE
    ../clib/heap1.c                          0x00000000   Number         0  h1_free_mt.o ABSOLUTE
    ../clib/heap1.c                          0x00000000   Number         0  h1_extend.o ABSOLUTE
    ../clib/heap1.c                          0x00000000   Number         0  h1_alloc.o ABSOLUTE
    ../clib/heap1.c                          0x00000000   Number         0  h1_alloc_mt.o ABSOLUTE
    ../clib/heap2.c                          0x00000000   Number         0  heap2mt.o ABSOLUTE
    ../clib/heap2.c                          0x00000000   Number         0  heap2.o ABSOLUTE
    ../clib/heap2.c                          0x00000000   Number         0  fdtree.o ABSOLUTE
    ../clib/heapalloc.c                      0x00000000   Number         0  hguard.o ABSOLUTE
    ../clib/heapalloc.c                      0x00000000   Number         0  init_alloc.o ABSOLUTE
    ../clib/heapalloc.c                      0x00000000   Number         0  free.o ABSOLUTE
    ../clib/heapalloc.c                      0x00000000   Number         0  heapstubs.o ABSOLUTE
    ../clib/heapalloc.c                      0x00000000   Number         0  term_alloc.o ABSOLUTE
    ../clib/heapalloc.c                      0x00000000   Number         0  maybetermalloc2.o ABSOLUTE
    ../clib/heapalloc.c                      0x00000000   Number         0  maybetermalloc2.o ABSOLUTE
    ../clib/heapalloc.c                      0x00000000   Number         0  maybetermalloc1.o ABSOLUTE
    ../clib/heapalloc.c                      0x00000000   Number         0  maybetermalloc1.o ABSOLUTE
    ../clib/heapalloc.c                      0x00000000   Number         0  hrguard.o ABSOLUTE
    ../clib/heapalloc.c                      0x00000000   Number         0  malloc.o ABSOLUTE
    ../clib/heapaux.c                        0x00000000   Number         0  heapauxi.o ABSOLUTE
    ../clib/heapaux.c                        0x00000000   Number         0  heapauxa.o ABSOLUTE
    ../clib/libinit.s                        0x00000000   Number         0  libinit.o ABSOLUTE
    ../clib/libinit.s                        0x00000000   Number         0  libinit2.o ABSOLUTE
    ../clib/libinit.s                        0x00000000   Number         0  libshutdown.o ABSOLUTE
    ../clib/libinit.s                        0x00000000   Number         0  libshutdown2.o ABSOLUTE
    ../clib/longlong.c                       0x00000000   Number         0  llushr.o ABSOLUTE
    ../clib/memcpset.c                       0x00000000   Number         0  rt_memmove.o ABSOLUTE
    ../clib/memcpset.c                       0x00000000   Number         0  rt_memcpy.o ABSOLUTE
    ../clib/memcpset.c                       0x00000000   Number         0  rt_memcpy.o ABSOLUTE
    ../clib/printf.c                         0x00000000   Number         0  _snputc.o ABSOLUTE
    ../clib/printf.c                         0x00000000   Number         0  __printf_nopercent.o ABSOLUTE
    ../clib/printf.c                         0x00000000   Number         0  _printf_intcommon.o ABSOLUTE
    ../clib/printf.c                         0x00000000   Number         0  __printf_wp.o ABSOLUTE
    ../clib/printf.c                         0x00000000   Number         0  __printf_ss_wp.o ABSOLUTE
    ../clib/printf.c                         0x00000000   Number         0  _printf_char_common.o ABSOLUTE
    ../clib/printf.c                         0x00000000   Number         0  _sputc.o ABSOLUTE
    ../clib/printf.c                         0x00000000   Number         0  __printf_flags_ss_wp.o ABSOLUTE
    ../clib/printf.c                         0x00000000   Number         0  __printf_flags_ss.o ABSOLUTE
    ../clib/printf.c                         0x00000000   Number         0  __2snprintf.o ABSOLUTE
    ../clib/printf.c                         0x00000000   Number         0  noretval__2snprintf.o ABSOLUTE
    ../clib/printf.c                         0x00000000   Number         0  __printf_flags_wp.o ABSOLUTE
    ../clib/printf.c                         0x00000000   Number         0  __printf.o ABSOLUTE
    ../clib/printf.c                         0x00000000   Number         0  _printf_dec.o ABSOLUTE
    ../clib/printf.c                         0x00000000   Number         0  __printf_flags.o ABSOLUTE
    ../clib/printf.c                         0x00000000   Number         0  __printf_ss.o ABSOLUTE
    ../clib/printf_percent.s                 0x00000000   Number         0  _printf_d.o ABSOLUTE
    ../clib/printf_percent.s                 0x00000000   Number         0  _printf_percent.o ABSOLUTE
    ../clib/printf_percent.s                 0x00000000   Number         0  _printf_percent_end.o ABSOLUTE
    ../clib/signal.c                         0x00000000   Number         0  defsig_abrt_inner.o ABSOLUTE
    ../clib/signal.c                         0x00000000   Number         0  defsig_fpe_outer.o ABSOLUTE
    ../clib/signal.c                         0x00000000   Number         0  __raise.o ABSOLUTE
    ../clib/signal.c                         0x00000000   Number         0  defsig_fpe_inner.o ABSOLUTE
    ../clib/signal.c                         0x00000000   Number         0  defsig_rtmem_inner.o ABSOLUTE
    ../clib/signal.c                         0x00000000   Number         0  defsig_fpe_formal.o ABSOLUTE
    ../clib/signal.c                         0x00000000   Number         0  defsig_pvfn_inner.o ABSOLUTE
    ../clib/signal.c                         0x00000000   Number         0  defsig_stak_inner.o ABSOLUTE
    ../clib/signal.c                         0x00000000   Number         0  defsig_rtred_inner.o ABSOLUTE
    ../clib/signal.c                         0x00000000   Number         0  defsig_other.o ABSOLUTE
    ../clib/signal.c                         0x00000000   Number         0  defsig_exit.o ABSOLUTE
    ../clib/signal.c                         0x00000000   Number         0  defsig_segv_inner.o ABSOLUTE
    ../clib/signal.c                         0x00000000   Number         0  defsig_general.o ABSOLUTE
    ../clib/signal.c                         0x00000000   Number         0  defsig_rtmem_outer.o ABSOLUTE
    ../clib/signal.c                         0x00000000   Number         0  defsig_rtmem_formal.o ABSOLUTE
    ../clib/signal.c                         0x00000000   Number         0  defsig_cppl_inner.o ABSOLUTE
    ../clib/signal.s                         0x00000000   Number         0  defsig.o ABSOLUTE
    ../clib/stdlib.c                         0x00000000   Number         0  exit.o ABSOLUTE
    ../clib/stdlib.c                         0x00000000   Number         0  aeabi_atexit.o ABSOLUTE
    ../clib/stdlib.c                         0x00000000   Number         0  atexit_aeabi.o ABSOLUTE
    ../clib/stdlib.c                         0x00000000   Number         0  cxa_finalize.o ABSOLUTE
    ../fplib/cfplib/ddiv.c                   0x00000000   Number         0  ddiv.o ABSOLUTE
    ../fplib/cfplib/f2d.c                    0x00000000   Number         0  f2d.o ABSOLUTE
    ../fplib/cfplib/ffix.c                   0x00000000   Number         0  dfixi.o ABSOLUTE
    ../fplib/cfplib/fflt.c                   0x00000000   Number         0  fflti.o ABSOLUTE
    ../fplib/cfplib/fflt.c                   0x00000000   Number         0  dflti.o ABSOLUTE
    ../fplib/cfplib/fpinit.c                 0x00000000   Number         0  fpinit.o ABSOLUTE
    ../fplib/usenofp.s                       0x00000000   Number         0  usenofp.o ABSOLUTE
    ..\..\..\libmcu\F0\STM32F0xx_HAL_Driver\Src\stm32f0xx_hal.c 0x00000000   Number         0  stm32f0xx_hal.o ABSOLUTE
    ..\..\..\libmcu\F0\STM32F0xx_HAL_Driver\Src\stm32f0xx_hal_cortex.c 0x00000000   Number         0  stm32f0xx_hal_cortex.o ABSOLUTE
    ..\..\..\libmcu\F0\STM32F0xx_HAL_Driver\Src\stm32f0xx_hal_dma.c 0x00000000   Number         0  stm32f0xx_hal_dma.o ABSOLUTE
    ..\..\..\libmcu\F0\STM32F0xx_HAL_Driver\Src\stm32f0xx_hal_flash.c 0x00000000   Number         0  stm32f0xx_hal_flash.o ABSOLUTE
    ..\..\..\libmcu\F0\STM32F0xx_HAL_Driver\Src\stm32f0xx_hal_flash_ex.c 0x00000000   Number         0  stm32f0xx_hal_flash_ex.o ABSOLUTE
    ..\..\..\libmcu\F0\STM32F0xx_HAL_Driver\Src\stm32f0xx_hal_gpio.c 0x00000000   Number         0  stm32f0xx_hal_gpio.o ABSOLUTE
    ..\..\..\libmcu\F0\STM32F0xx_HAL_Driver\Src\stm32f0xx_hal_pwr.c 0x00000000   Number         0  stm32f0xx_hal_pwr.o ABSOLUTE
    ..\..\..\libmcu\F0\STM32F0xx_HAL_Driver\Src\stm32f0xx_hal_pwr_ex.c 0x00000000   Number         0  stm32f0xx_hal_pwr_ex.o ABSOLUTE
    ..\..\..\libmcu\F0\STM32F0xx_HAL_Driver\Src\stm32f0xx_hal_rcc.c 0x00000000   Number         0  stm32f0xx_hal_rcc.o ABSOLUTE
    ..\..\..\libmcu\F0\STM32F0xx_HAL_Driver\Src\stm32f0xx_hal_rcc_ex.c 0x00000000   Number         0  stm32f0xx_hal_rcc_ex.o ABSOLUTE
    ..\..\..\libmcu\F0\STM32F0xx_HAL_Driver\Src\stm32f0xx_hal_spi.c 0x00000000   Number         0  stm32f0xx_hal_spi.o ABSOLUTE
    ..\..\..\libmcu\F0\hal_cpp\font.cpp      0x00000000   Number         0  font.o ABSOLUTE
    ..\..\..\libmcu\F0\hal_cpp\ssd1306.cpp   0x00000000   Number         0  ssd1306.o ABSOLUTE
    ..\\..\\..\\libmcu\\F0\\STM32F0xx_HAL_Driver\\Src\\stm32f0xx_hal.c 0x00000000   Number         0  stm32f0xx_hal.o ABSOLUTE
    ..\\..\\..\\libmcu\\F0\\STM32F0xx_HAL_Driver\\Src\\stm32f0xx_hal_cortex.c 0x00000000   Number         0  stm32f0xx_hal_cortex.o ABSOLUTE
    ..\\..\\..\\libmcu\\F0\\STM32F0xx_HAL_Driver\\Src\\stm32f0xx_hal_dma.c 0x00000000   Number         0  stm32f0xx_hal_dma.o ABSOLUTE
    ..\\..\\..\\libmcu\\F0\\STM32F0xx_HAL_Driver\\Src\\stm32f0xx_hal_flash.c 0x00000000   Number         0  stm32f0xx_hal_flash.o ABSOLUTE
    ..\\..\\..\\libmcu\\F0\\STM32F0xx_HAL_Driver\\Src\\stm32f0xx_hal_flash_ex.c 0x00000000   Number         0  stm32f0xx_hal_flash_ex.o ABSOLUTE
    ..\\..\\..\\libmcu\\F0\\STM32F0xx_HAL_Driver\\Src\\stm32f0xx_hal_gpio.c 0x00000000   Number         0  stm32f0xx_hal_gpio.o ABSOLUTE
    ..\\..\\..\\libmcu\\F0\\STM32F0xx_HAL_Driver\\Src\\stm32f0xx_hal_pwr.c 0x00000000   Number         0  stm32f0xx_hal_pwr.o ABSOLUTE
    ..\\..\\..\\libmcu\\F0\\STM32F0xx_HAL_Driver\\Src\\stm32f0xx_hal_pwr_ex.c 0x00000000   Number         0  stm32f0xx_hal_pwr_ex.o ABSOLUTE
    ..\\..\\..\\libmcu\\F0\\STM32F0xx_HAL_Driver\\Src\\stm32f0xx_hal_rcc.c 0x00000000   Number         0  stm32f0xx_hal_rcc.o ABSOLUTE
    ..\\..\\..\\libmcu\\F0\\STM32F0xx_HAL_Driver\\Src\\stm32f0xx_hal_rcc_ex.c 0x00000000   Number         0  stm32f0xx_hal_rcc_ex.o ABSOLUTE
    ..\\..\\..\\libmcu\\F0\\STM32F0xx_HAL_Driver\\Src\\stm32f0xx_hal_spi.c 0x00000000   Number         0  stm32f0xx_hal_spi.o ABSOLUTE
    ..\\..\\..\\libmcu\\F0\\hal_cpp\\ssd1306.cpp 0x00000000   Number         0  ssd1306.o ABSOLUTE
    ..\\mian.cpp                             0x00000000   Number         0  mian.o ABSOLUTE
    ..\\stm32f0xx_it.cpp                     0x00000000   Number         0  stm32f0xx_it.o ABSOLUTE
    ..\\system_stm32f0xx.c                   0x00000000   Number         0  system_stm32f0xx.o ABSOLUTE
    ..\mian.cpp                              0x00000000   Number         0  mian.o ABSOLUTE
    ..\stm32f0xx_it.cpp                      0x00000000   Number         0  stm32f0xx_it.o ABSOLUTE
    ..\system_stm32f0xx.c                    0x00000000   Number         0  system_stm32f0xx.o ABSOLUTE
    dc.s                                     0x00000000   Number         0  dc.o ABSOLUTE
    keil_startup_stm32f030x6.s               0x00000000   Number         0  keil_startup_stm32f030x6.o ABSOLUTE
    RESET                                    0x08000000   Section      176  keil_startup_stm32f030x6.o(RESET)
    !!!main                                  0x080000b0   Section        8  __main.o(!!!main)
    !!!scatter                               0x080000b8   Section       60  __scatter.o(!!!scatter)
    !!handler_copy                           0x080000f4   Section       26  __scatter_copy.o(!!handler_copy)
    !!handler_zi                             0x08000110   Section       28  __scatter_zi.o(!!handler_zi)
    .ARM.Collect$$_printf_percent$$00000000  0x0800012c   Section        2  _printf_percent.o(.ARM.Collect$$_printf_percent$$00000000)
    .ARM.Collect$$_printf_percent$$00000009  0x0800012e   Section       10  _printf_d.o(.ARM.Collect$$_printf_percent$$00000009)
    .ARM.Collect$$_printf_percent$$00000017  0x08000138   Section        4  _printf_percent_end.o(.ARM.Collect$$_printf_percent$$00000017)
    .ARM.Collect$$libinit$$00000000          0x0800013c   Section        2  libinit.o(.ARM.Collect$$libinit$$00000000)
    .ARM.Collect$$libinit$$00000002          0x0800013e   Section        0  libinit2.o(.ARM.Collect$$libinit$$00000002)
    .ARM.Collect$$libinit$$00000004          0x0800013e   Section        0  libinit2.o(.ARM.Collect$$libinit$$00000004)
    .ARM.Collect$$libinit$$00000005          0x0800013e   Section        8  libinit2.o(.ARM.Collect$$libinit$$00000005)
    .ARM.Collect$$libinit$$0000000A          0x08000146   Section        0  libinit2.o(.ARM.Collect$$libinit$$0000000A)
    .ARM.Collect$$libinit$$0000000C          0x08000146   Section        0  libinit2.o(.ARM.Collect$$libinit$$0000000C)
    .ARM.Collect$$libinit$$0000000E          0x08000146   Section        0  libinit2.o(.ARM.Collect$$libinit$$0000000E)
    .ARM.Collect$$libinit$$00000011          0x08000146   Section        0  libinit2.o(.ARM.Collect$$libinit$$00000011)
    .ARM.Collect$$libinit$$00000013          0x08000146   Section        0  libinit2.o(.ARM.Collect$$libinit$$00000013)
    .ARM.Collect$$libinit$$00000015          0x08000146   Section        0  libinit2.o(.ARM.Collect$$libinit$$00000015)
    .ARM.Collect$$libinit$$00000017          0x08000146   Section        0  libinit2.o(.ARM.Collect$$libinit$$00000017)
    .ARM.Collect$$libinit$$00000019          0x08000146   Section        0  libinit2.o(.ARM.Collect$$libinit$$00000019)
    .ARM.Collect$$libinit$$0000001B          0x08000146   Section        0  libinit2.o(.ARM.Collect$$libinit$$0000001B)
    .ARM.Collect$$libinit$$0000001D          0x08000146   Section        0  libinit2.o(.ARM.Collect$$libinit$$0000001D)
    .ARM.Collect$$libinit$$0000001F          0x08000146   Section        0  libinit2.o(.ARM.Collect$$libinit$$0000001F)
    .ARM.Collect$$libinit$$00000021          0x08000146   Section        0  libinit2.o(.ARM.Collect$$libinit$$00000021)
    .ARM.Collect$$libinit$$00000023          0x08000146   Section        0  libinit2.o(.ARM.Collect$$libinit$$00000023)
    .ARM.Collect$$libinit$$00000025          0x08000146   Section        0  libinit2.o(.ARM.Collect$$libinit$$00000025)
    .ARM.Collect$$libinit$$0000002C          0x08000146   Section        0  libinit2.o(.ARM.Collect$$libinit$$0000002C)
    .ARM.Collect$$libinit$$0000002E          0x08000146   Section        0  libinit2.o(.ARM.Collect$$libinit$$0000002E)
    .ARM.Collect$$libinit$$00000030          0x08000146   Section        0  libinit2.o(.ARM.Collect$$libinit$$00000030)
    .ARM.Collect$$libinit$$00000031          0x08000146   Section        4  libinit2.o(.ARM.Collect$$libinit$$00000031)
    .ARM.Collect$$libinit$$00000032          0x0800014a   Section        0  libinit2.o(.ARM.Collect$$libinit$$00000032)
    .ARM.Collect$$libinit$$00000033          0x0800014a   Section        2  libinit2.o(.ARM.Collect$$libinit$$00000033)
    .ARM.Collect$$libshutdown$$00000000      0x0800014c   Section        2  libshutdown.o(.ARM.Collect$$libshutdown$$00000000)
    .ARM.Collect$$libshutdown$$00000001      0x0800014e   Section        6  libshutdown2.o(.ARM.Collect$$libshutdown$$00000001)
    .ARM.Collect$$libshutdown$$00000002      0x08000154   Section        0  libshutdown2.o(.ARM.Collect$$libshutdown$$00000002)
    .ARM.Collect$$libshutdown$$00000004      0x08000154   Section        0  libshutdown2.o(.ARM.Collect$$libshutdown$$00000004)
    .ARM.Collect$$libshutdown$$00000007      0x08000154   Section        0  libshutdown2.o(.ARM.Collect$$libshutdown$$00000007)
    .ARM.Collect$$libshutdown$$0000000A      0x08000154   Section        0  libshutdown2.o(.ARM.Collect$$libshutdown$$0000000A)
    .ARM.Collect$$libshutdown$$0000000C      0x08000154   Section        0  libshutdown2.o(.ARM.Collect$$libshutdown$$0000000C)
    .ARM.Collect$$libshutdown$$0000000F      0x08000154   Section        0  libshutdown2.o(.ARM.Collect$$libshutdown$$0000000F)
    .ARM.Collect$$libshutdown$$00000010      0x08000154   Section        2  libshutdown2.o(.ARM.Collect$$libshutdown$$00000010)
    .ARM.Collect$$rtentry$$00000000          0x08000156   Section        0  __rtentry.o(.ARM.Collect$$rtentry$$00000000)
    .ARM.Collect$$rtentry$$00000002          0x08000156   Section        0  __rtentry2.o(.ARM.Collect$$rtentry$$00000002)
    .ARM.Collect$$rtentry$$00000004          0x08000156   Section        6  __rtentry4.o(.ARM.Collect$$rtentry$$00000004)
    .ARM.Collect$$rtentry$$00000009          0x0800015c   Section        0  __rtentry2.o(.ARM.Collect$$rtentry$$00000009)
    .ARM.Collect$$rtentry$$0000000A          0x0800015c   Section        4  __rtentry2.o(.ARM.Collect$$rtentry$$0000000A)
    .ARM.Collect$$rtentry$$0000000C          0x08000160   Section        0  __rtentry2.o(.ARM.Collect$$rtentry$$0000000C)
    .ARM.Collect$$rtentry$$0000000D          0x08000160   Section        8  __rtentry2.o(.ARM.Collect$$rtentry$$0000000D)
    .ARM.Collect$$rtexit$$00000000           0x08000168   Section        2  rtexit.o(.ARM.Collect$$rtexit$$00000000)
    .ARM.Collect$$rtexit$$00000002           0x0800016a   Section        0  rtexit2.o(.ARM.Collect$$rtexit$$00000002)
    .ARM.Collect$$rtexit$$00000003           0x0800016a   Section        4  rtexit2.o(.ARM.Collect$$rtexit$$00000003)
    .ARM.Collect$$rtexit$$00000004           0x0800016e   Section        6  rtexit2.o(.ARM.Collect$$rtexit$$00000004)
    .emb_text                                0x08000174   Section       56  rt_memcpy.o(.emb_text)
    .emb_text                                0x080001ac   Section        0  maybetermalloc1.o(.emb_text)
    .text                                    0x080001ac   Section       56  keil_startup_stm32f030x6.o(.text)
    .text                                    0x080001e4   Section        0  noretval__2snprintf.o(.text)
    .text                                    0x0800021c   Section        0  __printf.o(.text)
    .text                                    0x08000288   Section        0  _printf_dec.o(.text)
    .text                                    0x080002f4   Section        0  aeabi_atexit.o(.text)
    .text                                    0x0800031e   Section        0  rt_memmove.o(.text)
    .text                                    0x080003b4   Section      346  aeabi_sdiv.o(.text)
    .text                                    0x0800050e   Section        0  heapauxi.o(.text)
    .text                                    0x08000514   Section        0  init_aeabi.o(.text)
    .text                                    0x08000538   Section        0  ddiv.o(.text)
    .text                                    0x08000980   Section        0  dfixi.o(.text)
    .text                                    0x080009ec   Section        0  dflti.o(.text)
    .text                                    0x08000a44   Section        0  f2d.o(.text)
    .text                                    0x08000a98   Section        0  fflti.o(.text)
    .text                                    0x08000af8   Section        8  rt_ddtor_pointer_addr_intlibspace.o(.text)
    .text                                    0x08000b00   Section        0  h1_alloc.o(.text)
    .text                                    0x08000b62   Section        0  _printf_intcommon.o(.text)
    .text                                    0x08000c14   Section        0  _printf_char_common.o(.text)
    _printf_input_char                       0x08000c15   Thumb Code    10  _printf_char_common.o(.text)
    .text                                    0x08000c44   Section        0  _sputc.o(.text)
    .text                                    0x08000c4e   Section        0  _snputc.o(.text)
    .text                                    0x08000c5e   Section        0  cxa_finalize.o(.text)
    .text                                    0x08000ca0   Section        0  rt_memcpy.o(.text)
    .text                                    0x08000d22   Section        0  rtudiv10.o(.text)
    .text                                    0x08000d4c   Section        8  libspace.o(.text)
    .text                                    0x08000d54   Section        8  rt_heap_descriptor_intlibspace.o(.text)
    .text                                    0x08000d5c   Section        0  hguard.o(.text)
    .text                                    0x08000d60   Section        0  init_alloc.o(.text)
    .text                                    0x08000de8   Section        0  h1_init.o(.text)
    .text                                    0x08000df6   Section        0  h1_free.o(.text)
    .text                                    0x08000e42   Section       62  sys_stackheap_outer.o(.text)
    .text                                    0x08000e80   Section        0  h1_extend.o(.text)
    .text                                    0x08000eb4   Section        0  exit.o(.text)
    .text                                    0x08000ec4   Section        0  defsig_rtmem_outer.o(.text)
    .text                                    0x08000ed0   Section        2  use_no_semi.o(.text)
    .text                                    0x08000ed2   Section        0  indicate_semi.o(.text)
    .text                                    0x08000ed2   Section        0  defsig_exit.o(.text)
    .text                                    0x08000ee0   Section        0  defsig_rtmem_inner.o(.text)
    .text                                    0x08000f30   Section        0  sys_exit.o(.text)
    .text                                    0x08000f3c   Section        0  defsig_general.o(.text)
    .text                                    0x08000f70   Section        0  sys_wrch.o(.text)
    i.HAL_Delay                              0x08000f7c   Section        0  stm32f0xx_hal.o(i.HAL_Delay)
    i.HAL_GPIO_DeInit                        0x08000f98   Section        0  stm32f0xx_hal_gpio.o(i.HAL_GPIO_DeInit)
    i.HAL_GPIO_Init                          0x08001068   Section        0  stm32f0xx_hal_gpio.o(i.HAL_GPIO_Init)
    i.HAL_GetTick                            0x080011b0   Section        0  stm32f0xx_hal.o(i.HAL_GetTick)
    i.HAL_IncTick                            0x080011bc   Section        0  stm32f0xx_hal.o(i.HAL_IncTick)
    i.HAL_Init                               0x080011cc   Section        0  stm32f0xx_hal.o(i.HAL_Init)
    i.HAL_InitTick                           0x080011ec   Section        0  stm32f0xx_hal.o(i.HAL_InitTick)
    i.HAL_MspInit                            0x0800120e   Section        0  stm32f0xx_hal.o(i.HAL_MspInit)
    i.HAL_NVIC_SetPriority                   0x08001210   Section        0  stm32f0xx_hal_cortex.o(i.HAL_NVIC_SetPriority)
    i.HAL_RCCEx_PeriphCLKConfig              0x08001218   Section        0  stm32f0xx_hal_rcc_ex.o(i.HAL_RCCEx_PeriphCLKConfig)
    i.HAL_RCC_ClockConfig                    0x08001304   Section        0  stm32f0xx_hal_rcc.o(i.HAL_RCC_ClockConfig)
    i.HAL_RCC_GetHCLKFreq                    0x08001430   Section        0  stm32f0xx_hal_rcc.o(i.HAL_RCC_GetHCLKFreq)
    i.HAL_RCC_GetSysClockFreq                0x0800143c   Section        0  stm32f0xx_hal_rcc.o(i.HAL_RCC_GetSysClockFreq)
    i.HAL_RCC_OscConfig                      0x080014b8   Section        0  stm32f0xx_hal_rcc.o(i.HAL_RCC_OscConfig)
    i.HAL_SPI_Init                           0x0800180c   Section        0  stm32f0xx_hal_spi.o(i.HAL_SPI_Init)
    i.HAL_SPI_MspInit                        0x080018e2   Section        0  stm32f0xx_hal_spi.o(i.HAL_SPI_MspInit)
    i.HAL_SPI_Transmit                       0x080018e4   Section        0  stm32f0xx_hal_spi.o(i.HAL_SPI_Transmit)
    i.HAL_SYSTICK_CLKSourceConfig            0x08001a84   Section        0  stm32f0xx_hal_cortex.o(i.HAL_SYSTICK_CLKSourceConfig)
    i.HAL_SYSTICK_Callback                   0x08001a9c   Section        0  stm32f0xx_hal_cortex.o(i.HAL_SYSTICK_Callback)
    i.HAL_SYSTICK_Config                     0x08001aa0   Section        0  stm32f0xx_hal_cortex.o(i.HAL_SYSTICK_Config)
    i.HAL_SYSTICK_IRQHandler                 0x08001ad0   Section        0  stm32f0xx_hal_cortex.o(i.HAL_SYSTICK_IRQHandler)
    i.HardFault_Handler                      0x08001ad8   Section        0  stm32f0xx_it.o(i.HardFault_Handler)
    i.NMI_Handler                            0x08001ada   Section        0  stm32f0xx_it.o(i.NMI_Handler)
    i.PendSV_Handler                         0x08001adc   Section        0  stm32f0xx_it.o(i.PendSV_Handler)
    i.SVC_Handler                            0x08001ade   Section        0  stm32f0xx_it.o(i.SVC_Handler)
    i.SysTick_Handler                        0x08001ae0   Section        0  stm32f0xx_it.o(i.SysTick_Handler)
    i.SystemInit                             0x08001aec   Section        0  system_stm32f0xx.o(i.SystemInit)
    i._Z18SystemClock_Configv                0x08001b48   Section        0  mian.o(i._Z18SystemClock_Configv)
    i._ZN20SpiDev_ssd1306_4wire10draw_pixelEhhNS_7Color_tE 0x08001ba8   Section        0  ssd1306.o(i._ZN20SpiDev_ssd1306_4wire10draw_pixelEhhNS_7Color_tE)
    i._ZN20SpiDev_ssd1306_4wire10put_stringEPc7FontDefNS_7Color_tE 0x08001bea   Section        0  ssd1306.o(i._ZN20SpiDev_ssd1306_4wire10put_stringEPc7FontDefNS_7Color_tE)
    i._ZN20SpiDev_ssd1306_4wire10write_dataEPhj 0x08001c18   Section        0  ssd1306.o(i._ZN20SpiDev_ssd1306_4wire10write_dataEPhj)
    i._ZN20SpiDev_ssd1306_4wire11test_borderEv 0x08001c2a   Section        0  ssd1306.o(i._ZN20SpiDev_ssd1306_4wire11test_borderEv)
    i._ZN20SpiDev_ssd1306_4wire12init_ssd1306Eb 0x08001d1c   Section        0  ssd1306.o(i._ZN20SpiDev_ssd1306_4wire12init_ssd1306Eb)
    i._ZN20SpiDev_ssd1306_4wire4fillENS_7Color_tE 0x08001e56   Section        0  ssd1306.o(i._ZN20SpiDev_ssd1306_4wire4fillENS_7Color_tE)
    i._ZN20SpiDev_ssd1306_4wire5resetEv      0x08001e76   Section        0  ssd1306.o(i._ZN20SpiDev_ssd1306_4wire5resetEv)
    i._ZN20SpiDev_ssd1306_4wire6updateEv     0x08001e9a   Section        0  ssd1306.o(i._ZN20SpiDev_ssd1306_4wire6updateEv)
    i._ZN20SpiDev_ssd1306_4wire8put_charEc7FontDefNS_7Color_tE 0x08001ed4   Section        0  ssd1306.o(i._ZN20SpiDev_ssd1306_4wire8put_charEc7FontDefNS_7Color_tE)
    i._ZN20SpiDev_ssd1306_4wire8test_fpsEv   0x08001f68   Section        0  ssd1306.o(i._ZN20SpiDev_ssd1306_4wire8test_fpsEv)
    i._ZN20SpiDev_ssd1306_4wire9write_cmdEh  0x08002080   Section        0  ssd1306.o(i._ZN20SpiDev_ssd1306_4wire9write_cmdEh)
    i._ZN3Spi11init_spibusEb                 0x08002098   Section        0  ssd1306.o(i._ZN3Spi11init_spibusEb)
    i._ZN3Spi5writeEPhj                      0x0800220c   Section        0  ssd1306.o(i._ZN3Spi5writeEPhj)
    i._ZN41_INTERNAL_19_stm32f0xx_hal_spi_c_5e7b22bd22SPI_EndRxTxTransactionEP19__SPI_HandleTypeDefjj 0x0800221c   Section        0  stm32f0xx_hal_spi.o(i._ZN41_INTERNAL_19_stm32f0xx_hal_spi_c_5e7b22bd22SPI_EndRxTxTransactionEP19__SPI_HandleTypeDefjj)
    [local to stm32f0xx_hal_spi_c]::SPI_EndRxTxTransaction(__SPI_HandleTypeDef*, unsigned, unsigned) 0x0800221d   Thumb Code    76  stm32f0xx_hal_spi.o(i._ZN41_INTERNAL_19_stm32f0xx_hal_spi_c_5e7b22bd22SPI_EndRxTxTransactionEP19__SPI_HandleTypeDefjj)
    i._ZN41_INTERNAL_19_stm32f0xx_hal_spi_c_5e7b22bd29SPI_WaitFifoStateUntilTimeoutEP19__SPI_HandleTypeDefjjjj 0x08002268   Section        0  stm32f0xx_hal_spi.o(i._ZN41_INTERNAL_19_stm32f0xx_hal_spi_c_5e7b22bd29SPI_WaitFifoStateUntilTimeoutEP19__SPI_HandleTypeDefjjjj)
    [local to stm32f0xx_hal_spi_c]::SPI_WaitFifoStateUntilTimeout(__SPI_HandleTypeDef*, unsigned, unsigned, unsigned, unsigned) 0x08002269   Thumb Code   150  stm32f0xx_hal_spi.o(i._ZN41_INTERNAL_19_stm32f0xx_hal_spi_c_5e7b22bd29SPI_WaitFifoStateUntilTimeoutEP19__SPI_HandleTypeDefjjjj)
    i._ZN41_INTERNAL_19_stm32f0xx_hal_spi_c_5e7b22bd29SPI_WaitFlagStateUntilTimeoutEP19__SPI_HandleTypeDefjjjj 0x080022fe   Section        0  stm32f0xx_hal_spi.o(i._ZN41_INTERNAL_19_stm32f0xx_hal_spi_c_5e7b22bd29SPI_WaitFlagStateUntilTimeoutEP19__SPI_HandleTypeDefjjjj)
    [local to stm32f0xx_hal_spi_c]::SPI_WaitFlagStateUntilTimeout(__SPI_HandleTypeDef*, unsigned, unsigned, unsigned, unsigned) 0x080022ff   Thumb Code   140  stm32f0xx_hal_spi.o(i._ZN41_INTERNAL_19_stm32f0xx_hal_spi_c_5e7b22bd29SPI_WaitFlagStateUntilTimeoutEP19__SPI_HandleTypeDefjjjj)
    i._ZN44_INTERNAL_22_stm32f0xx_hal_cortex_c_910ac08716NVIC_SetPriorityE9IRQn_Typej 0x0800238c   Section        0  stm32f0xx_hal_cortex.o(i._ZN44_INTERNAL_22_stm32f0xx_hal_cortex_c_910ac08716NVIC_SetPriorityE9IRQn_Typej)
    [local to stm32f0xx_hal_cortex_c]::NVIC_SetPriority(IRQn_Type, unsigned) 0x0800238d   Thumb Code    60  stm32f0xx_hal_cortex.o(i._ZN44_INTERNAL_22_stm32f0xx_hal_cortex_c_910ac08716NVIC_SetPriorityE9IRQn_Typej)
    i._ZN4Gpio4initENS_11Gpio_mode_tENS_11Gpio_pull_tENS_12Gpio_speed_tENS_18Gpio_outputlevel_tENS_9Gpio_af_tE 0x080023d0   Section        0  ssd1306.o(i._ZN4Gpio4initENS_11Gpio_mode_tENS_11Gpio_pull_tENS_12Gpio_speed_tENS_18Gpio_outputlevel_tENS_9Gpio_af_tE)
    i._ZN4GpioC1Ech                          0x0800249c   Section        0  mian.o(i._ZN4GpioC1Ech)
    i._ZN4GpioD1Ev                           0x080024c2   Section        0  mian.o(i._ZN4GpioD1Ev)
    i.__ARM_common_switch8                   0x080024d2   Section        0  stm32f0xx_hal_dma.o(i.__ARM_common_switch8)
    i.__sti___8_mian_cpp_PA3                 0x080024ec   Section        0  mian.o(i.__sti___8_mian_cpp_PA3)
    __sti___8_mian_cpp_PA3                   0x080024ed   Thumb Code   156  mian.o(i.__sti___8_mian_cpp_PA3)
    i.main                                   0x0800259c   Section        0  mian.o(i.main)
    .constdata                               0x080025ec   Section       16  system_stm32f0xx.o(.constdata)
    x$fpl$usenofp                            0x080025ec   Section        0  usenofp.o(x$fpl$usenofp)
    .constdata                               0x080025fc   Section     1900  font.o(.constdata)
    Font7x10                                 0x080025fc   Data        1900  font.o(.constdata)
    .constdata                               0x08002d68   Section      128  ddiv.o(.constdata)
    ddiv_reciptbl                            0x08002d68   Data         128  ddiv.o(.constdata)
    .init_array                              0x08002e08   Section        4  mian.o(.init_array)
    .init_array                              0x08002e0c   Section        0  init_aeabi.o(.init_array)
    .data                                    0x20000000   Section        4  stm32f0xx_hal.o(.data)
    .data                                    0x20000004   Section       12  mian.o(.data)
    .data                                    0x20000010   Section        4  system_stm32f0xx.o(.data)
    .data                                    0x20000014   Section        8  font.o(.data)
    .bss                                     0x2000001c   Section      720  mian.o(.bss)
    .bss                                     0x200002ec   Section       96  libspace.o(.bss)
    HEAP                                     0x20000350   Section      512  keil_startup_stm32f030x6.o(HEAP)
    Heap_Mem                                 0x20000350   Data         512  keil_startup_stm32f030x6.o(HEAP)
    STACK                                    0x20000550   Section     1024  keil_startup_stm32f030x6.o(STACK)
    Stack_Mem                                0x20000550   Data        1024  keil_startup_stm32f030x6.o(STACK)
    __initial_sp                             0x20000950   Data           0  keil_startup_stm32f030x6.o(STACK)

    Global Symbols

    Symbol Name                              Value     Ov Type        Size  Object(Section)

    BuildAttributes$$THM_ISAv3M$S$PE$A:L22$X:L11$S22$IEEE1$IW$USESV6$~STKCKD$USESV7$~SHL$OTIME$ROPI$EBA8$UX$STANDARDLIB$REQ8$PRES8$EABIv2 0x00000000   Number         0  anon$$obj.o ABSOLUTE
    __ARM_use_no_argv                        0x00000000   Number         0  mian.o ABSOLUTE
    __ARM_exceptions_init                     - Undefined Weak Reference
    __alloca_initialize                       - Undefined Weak Reference
    __arm_preinit_                            - Undefined Weak Reference
    __rt_locale                               - Undefined Weak Reference
    __sigvec_lookup                           - Undefined Weak Reference
    __user_heap_extent                        - Undefined Weak Reference
    _atexit_init                              - Undefined Weak Reference
    _call_atexit_fns                          - Undefined Weak Reference
    _clock_init                               - Undefined Weak Reference
    _fp_trap_init                             - Undefined Weak Reference
    _fp_trap_shutdown                         - Undefined Weak Reference
    _get_lc_collate                           - Undefined Weak Reference
    _get_lc_ctype                             - Undefined Weak Reference
    _get_lc_monetary                          - Undefined Weak Reference
    _get_lc_numeric                           - Undefined Weak Reference
    _get_lc_time                              - Undefined Weak Reference
    _getenv_init                              - Undefined Weak Reference
    _handle_redirection                       - Undefined Weak Reference
    _initio                                   - Undefined Weak Reference
    _mutex_acquire                            - Undefined Weak Reference
    _mutex_free                               - Undefined Weak Reference
    _mutex_release                            - Undefined Weak Reference
    _printf_post_padding                      - Undefined Weak Reference
    _printf_pre_padding                       - Undefined Weak Reference
    _printf_truncate_signed                   - Undefined Weak Reference
    _printf_truncate_unsigned                 - Undefined Weak Reference
    _rand_init                                - Undefined Weak Reference
    _signal_finish                            - Undefined Weak Reference
    _signal_init                              - Undefined Weak Reference
    _terminateio                              - Undefined Weak Reference
    __Vectors_Size                           0x000000b0   Number         0  keil_startup_stm32f030x6.o ABSOLUTE
    __Vectors                                0x08000000   Data           4  keil_startup_stm32f030x6.o(RESET)
    __dso_handle                             0x08000000   Number         0  keil_startup_stm32f030x6.o(RESET)
    __Vectors_End                            0x080000b0   Data           0  keil_startup_stm32f030x6.o(RESET)
    __main                                   0x080000b1   Thumb Code     8  __main.o(!!!main)
    __scatterload                            0x080000b9   Thumb Code     0  __scatter.o(!!!scatter)
    __scatterload_rt2                        0x080000b9   Thumb Code    52  __scatter.o(!!!scatter)
    __scatterload_rt2_thumb_only             0x080000b9   Thumb Code     0  __scatter.o(!!!scatter)
    __scatterload_null                       0x080000c9   Thumb Code     0  __scatter.o(!!!scatter)
    __scatterload_copy                       0x080000f5   Thumb Code    26  __scatter_copy.o(!!handler_copy)
    __scatterload_zeroinit                   0x08000111   Thumb Code    28  __scatter_zi.o(!!handler_zi)
    _printf_percent                          0x0800012d   Thumb Code     0  _printf_percent.o(.ARM.Collect$$_printf_percent$$00000000)
    _printf_d                                0x0800012f   Thumb Code     0  _printf_d.o(.ARM.Collect$$_printf_percent$$00000009)
    _printf_percent_end                      0x08000139   Thumb Code     0  _printf_percent_end.o(.ARM.Collect$$_printf_percent$$00000017)
    __rt_lib_init                            0x0800013d   Thumb Code     0  libinit.o(.ARM.Collect$$libinit$$00000000)
    __rt_lib_init_fp_1                       0x0800013f   Thumb Code     0  libinit2.o(.ARM.Collect$$libinit$$00000002)
    __rt_lib_init_heap_2                     0x0800013f   Thumb Code     0  libinit2.o(.ARM.Collect$$libinit$$00000005)
    __rt_lib_init_preinit_1                  0x0800013f   Thumb Code     0  libinit2.o(.ARM.Collect$$libinit$$00000004)
    __rt_lib_init_alloca_1                   0x08000147   Thumb Code     0  libinit2.o(.ARM.Collect$$libinit$$0000002E)
    __rt_lib_init_argv_1                     0x08000147   Thumb Code     0  libinit2.o(.ARM.Collect$$libinit$$0000002C)
    __rt_lib_init_atexit_1                   0x08000147   Thumb Code     0  libinit2.o(.ARM.Collect$$libinit$$0000001B)
    __rt_lib_init_clock_1                    0x08000147   Thumb Code     0  libinit2.o(.ARM.Collect$$libinit$$00000021)
    __rt_lib_init_cpp_2                      0x08000147   Thumb Code     0  libinit2.o(.ARM.Collect$$libinit$$00000031)
    __rt_lib_init_exceptions_1               0x08000147   Thumb Code     0  libinit2.o(.ARM.Collect$$libinit$$00000030)
    __rt_lib_init_fp_trap_1                  0x08000147   Thumb Code     0  libinit2.o(.ARM.Collect$$libinit$$0000001F)
    __rt_lib_init_getenv_1                   0x08000147   Thumb Code     0  libinit2.o(.ARM.Collect$$libinit$$00000023)
    __rt_lib_init_heap_1                     0x08000147   Thumb Code     0  libinit2.o(.ARM.Collect$$libinit$$0000000A)
    __rt_lib_init_lc_collate_1               0x08000147   Thumb Code     0  libinit2.o(.ARM.Collect$$libinit$$00000011)
    __rt_lib_init_lc_ctype_1                 0x08000147   Thumb Code     0  libinit2.o(.ARM.Collect$$libinit$$00000013)
    __rt_lib_init_lc_monetary_1              0x08000147   Thumb Code     0  libinit2.o(.ARM.Collect$$libinit$$00000015)
    __rt_lib_init_lc_numeric_1               0x08000147   Thumb Code     0  libinit2.o(.ARM.Collect$$libinit$$00000017)
    __rt_lib_init_lc_time_1                  0x08000147   Thumb Code     0  libinit2.o(.ARM.Collect$$libinit$$00000019)
    __rt_lib_init_rand_1                     0x08000147   Thumb Code     0  libinit2.o(.ARM.Collect$$libinit$$0000000E)
    __rt_lib_init_signal_1                   0x08000147   Thumb Code     0  libinit2.o(.ARM.Collect$$libinit$$0000001D)
    __rt_lib_init_stdio_1                    0x08000147   Thumb Code     0  libinit2.o(.ARM.Collect$$libinit$$00000025)
    __rt_lib_init_user_alloc_1               0x08000147   Thumb Code     0  libinit2.o(.ARM.Collect$$libinit$$0000000C)
    __rt_lib_init_cpp_1                      0x0800014b   Thumb Code     0  libinit2.o(.ARM.Collect$$libinit$$00000032)
    __rt_lib_init_return                     0x0800014b   Thumb Code     0  libinit2.o(.ARM.Collect$$libinit$$00000033)
    __rt_lib_shutdown                        0x0800014d   Thumb Code     0  libshutdown.o(.ARM.Collect$$libshutdown$$00000000)
    __rt_lib_shutdown_cpp_2                  0x0800014f   Thumb Code     0  libshutdown2.o(.ARM.Collect$$libshutdown$$00000001)
    __rt_lib_shutdown_cpp_1                  0x08000155   Thumb Code     0  libshutdown2.o(.ARM.Collect$$libshutdown$$00000002)
    __rt_lib_shutdown_fp_trap_1              0x08000155   Thumb Code     0  libshutdown2.o(.ARM.Collect$$libshutdown$$00000007)
    __rt_lib_shutdown_heap_1                 0x08000155   Thumb Code     0  libshutdown2.o(.ARM.Collect$$libshutdown$$0000000F)
    __rt_lib_shutdown_return                 0x08000155   Thumb Code     0  libshutdown2.o(.ARM.Collect$$libshutdown$$00000010)
    __rt_lib_shutdown_signal_1               0x08000155   Thumb Code     0  libshutdown2.o(.ARM.Collect$$libshutdown$$0000000A)
    __rt_lib_shutdown_stdio_1                0x08000155   Thumb Code     0  libshutdown2.o(.ARM.Collect$$libshutdown$$00000004)
    __rt_lib_shutdown_user_alloc_1           0x08000155   Thumb Code     0  libshutdown2.o(.ARM.Collect$$libshutdown$$0000000C)
    __rt_entry                               0x08000157   Thumb Code     0  __rtentry.o(.ARM.Collect$$rtentry$$00000000)
    __rt_entry_presh_1                       0x08000157   Thumb Code     0  __rtentry2.o(.ARM.Collect$$rtentry$$00000002)
    __rt_entry_sh                            0x08000157   Thumb Code     0  __rtentry4.o(.ARM.Collect$$rtentry$$00000004)
    __rt_entry_li                            0x0800015d   Thumb Code     0  __rtentry2.o(.ARM.Collect$$rtentry$$0000000A)
    __rt_entry_postsh_1                      0x0800015d   Thumb Code     0  __rtentry2.o(.ARM.Collect$$rtentry$$00000009)
    __rt_entry_main                          0x08000161   Thumb Code     0  __rtentry2.o(.ARM.Collect$$rtentry$$0000000D)
    __rt_entry_postli_1                      0x08000161   Thumb Code     0  __rtentry2.o(.ARM.Collect$$rtentry$$0000000C)
    __rt_exit                                0x08000169   Thumb Code     0  rtexit.o(.ARM.Collect$$rtexit$$00000000)
    __rt_exit_ls                             0x0800016b   Thumb Code     0  rtexit2.o(.ARM.Collect$$rtexit$$00000003)
    __rt_exit_prels_1                        0x0800016b   Thumb Code     0  rtexit2.o(.ARM.Collect$$rtexit$$00000002)
    __rt_exit_exit                           0x0800016f   Thumb Code     0  rtexit2.o(.ARM.Collect$$rtexit$$00000004)
    __aeabi_memcpy4                          0x08000175   Thumb Code    56  rt_memcpy.o(.emb_text)
    __aeabi_memcpy8                          0x08000175   Thumb Code     0  rt_memcpy.o(.emb_text)
    Reset_Handler                            0x080001ad   Thumb Code     8  keil_startup_stm32f030x6.o(.text)
    _maybe_terminate_alloc                   0x080001ad   Thumb Code     0  maybetermalloc1.o(.emb_text)
    ADC1_IRQHandler                          0x080001bf   Thumb Code     0  keil_startup_stm32f030x6.o(.text)
    DMA1_Channel1_IRQHandler                 0x080001bf   Thumb Code     0  keil_startup_stm32f030x6.o(.text)
    DMA1_Channel2_3_IRQHandler               0x080001bf   Thumb Code     0  keil_startup_stm32f030x6.o(.text)
    DMA1_Channel4_5_IRQHandler               0x080001bf   Thumb Code     0  keil_startup_stm32f030x6.o(.text)
    EXTI0_1_IRQHandler                       0x080001bf   Thumb Code     0  keil_startup_stm32f030x6.o(.text)
    EXTI2_3_IRQHandler                       0x080001bf   Thumb Code     0  keil_startup_stm32f030x6.o(.text)
    EXTI4_15_IRQHandler                      0x080001bf   Thumb Code     0  keil_startup_stm32f030x6.o(.text)
    FLASH_IRQHandler                         0x080001bf   Thumb Code     0  keil_startup_stm32f030x6.o(.text)
    I2C1_IRQHandler                          0x080001bf   Thumb Code     0  keil_startup_stm32f030x6.o(.text)
    RCC_IRQHandler                           0x080001bf   Thumb Code     0  keil_startup_stm32f030x6.o(.text)
    RTC_IRQHandler                           0x080001bf   Thumb Code     0  keil_startup_stm32f030x6.o(.text)
    SPI1_IRQHandler                          0x080001bf   Thumb Code     0  keil_startup_stm32f030x6.o(.text)
    TIM14_IRQHandler                         0x080001bf   Thumb Code     0  keil_startup_stm32f030x6.o(.text)
    TIM16_IRQHandler                         0x080001bf   Thumb Code     0  keil_startup_stm32f030x6.o(.text)
    TIM17_IRQHandler                         0x080001bf   Thumb Code     0  keil_startup_stm32f030x6.o(.text)
    TIM1_BRK_UP_TRG_COM_IRQHandler           0x080001bf   Thumb Code     0  keil_startup_stm32f030x6.o(.text)
    TIM1_CC_IRQHandler                       0x080001bf   Thumb Code     0  keil_startup_stm32f030x6.o(.text)
    TIM3_IRQHandler                          0x080001bf   Thumb Code     0  keil_startup_stm32f030x6.o(.text)
    USART1_IRQHandler                        0x080001bf   Thumb Code     0  keil_startup_stm32f030x6.o(.text)
    WWDG_IRQHandler                          0x080001bf   Thumb Code     0  keil_startup_stm32f030x6.o(.text)
    __user_initial_stackheap                 0x080001c1   Thumb Code     0  keil_startup_stm32f030x6.o(.text)
    __2snprintf                              0x080001e5   Thumb Code    50  noretval__2snprintf.o(.text)
    __printf                                 0x0800021d   Thumb Code   108  __printf.o(.text)
    _printf_int_dec                          0x08000289   Thumb Code    90  _printf_dec.o(.text)
    __aeabi_atexit                           0x080002f5   Thumb Code    42  aeabi_atexit.o(.text)
    __aeabi_memmove4                         0x0800031f   Thumb Code    70  rt_memmove.o(.text)
    __aeabi_memmove8                         0x0800031f   Thumb Code     0  rt_memmove.o(.text)
    __aeabi_memmove                          0x08000365   Thumb Code    80  rt_memmove.o(.text)
    __rt_memmove                             0x08000365   Thumb Code     0  rt_memmove.o(.text)
    __aeabi_uidiv                            0x080003b5   Thumb Code     0  aeabi_sdiv.o(.text)
    __aeabi_uidivmod                         0x080003b5   Thumb Code    20  aeabi_sdiv.o(.text)
    __aeabi_idiv                             0x080003c9   Thumb Code     0  aeabi_sdiv.o(.text)
    __aeabi_idivmod                          0x080003c9   Thumb Code   326  aeabi_sdiv.o(.text)
    __use_two_region_memory                  0x0800050f   Thumb Code     2  heapauxi.o(.text)
    __rt_heap_escrow                         0x08000511   Thumb Code     2  heapauxi.o(.text)
    __rt_heap_expand                         0x08000513   Thumb Code     2  heapauxi.o(.text)
    __cpp_initialize__aeabi_                 0x08000515   Thumb Code    26  init_aeabi.o(.text)
    __aeabi_ddiv                             0x08000539   Thumb Code     0  ddiv.o(.text)
    _ddiv                                    0x08000539   Thumb Code  1072  ddiv.o(.text)
    _drdiv                                   0x08000969   Thumb Code    20  ddiv.o(.text)
    __aeabi_d2iz                             0x08000981   Thumb Code     0  dfixi.o(.text)
    _dfix                                    0x08000981   Thumb Code    98  dfixi.o(.text)
    __aeabi_i2d_normalise                    0x080009ed   Thumb Code    66  dflti.o(.text)
    __aeabi_i2d                              0x08000a2f   Thumb Code    16  dflti.o(.text)
    _dflt                                    0x08000a2f   Thumb Code     0  dflti.o(.text)
    __aeabi_ui2d                             0x08000a3f   Thumb Code     6  dflti.o(.text)
    _dfltu                                   0x08000a3f   Thumb Code     0  dflti.o(.text)
    __aeabi_f2d                              0x08000a45   Thumb Code     0  f2d.o(.text)
    _f2d                                     0x08000a45   Thumb Code    80  f2d.o(.text)
    __aeabi_i2f_normalise                    0x08000a99   Thumb Code    72  fflti.o(.text)
    __aeabi_i2f                              0x08000ae1   Thumb Code    16  fflti.o(.text)
    _fflt                                    0x08000ae1   Thumb Code     0  fflti.o(.text)
    __aeabi_ui2f                             0x08000af1   Thumb Code     6  fflti.o(.text)
    _ffltu                                   0x08000af1   Thumb Code     0  fflti.o(.text)
    __rt_ddtor_pointer_addr                  0x08000af9   Thumb Code     8  rt_ddtor_pointer_addr_intlibspace.o(.text)
    malloc                                   0x08000b01   Thumb Code    98  h1_alloc.o(.text)
    _printf_int_common                       0x08000b63   Thumb Code   176  _printf_intcommon.o(.text)
    _printf_char_common                      0x08000c1f   Thumb Code    32  _printf_char_common.o(.text)
    _sputc                                   0x08000c45   Thumb Code    10  _sputc.o(.text)
    _snputc                                  0x08000c4f   Thumb Code    16  _snputc.o(.text)
    __cxa_finalize                           0x08000c5f   Thumb Code    66  cxa_finalize.o(.text)
    __aeabi_memcpy                           0x08000ca1   Thumb Code   130  rt_memcpy.o(.text)
    __rt_memcpy                              0x08000ca1   Thumb Code     0  rt_memcpy.o(.text)
    __rt_udiv10                              0x08000d23   Thumb Code    40  rtudiv10.o(.text)
    __user_libspace                          0x08000d4d   Thumb Code     8  libspace.o(.text)
    __user_perproc_libspace                  0x08000d4d   Thumb Code     0  libspace.o(.text)
    __user_perthread_libspace                0x08000d4d   Thumb Code     0  libspace.o(.text)
    __rt_heap_descriptor                     0x08000d55   Thumb Code     8  rt_heap_descriptor_intlibspace.o(.text)
    __use_no_heap                            0x08000d5d   Thumb Code     2  hguard.o(.text)
    __heap$guard                             0x08000d5f   Thumb Code     2  hguard.o(.text)
    _terminate_user_alloc                    0x08000d61   Thumb Code     2  init_alloc.o(.text)
    _init_user_alloc                         0x08000d63   Thumb Code     2  init_alloc.o(.text)
    __Heap_Full                              0x08000d65   Thumb Code    32  init_alloc.o(.text)
    __Heap_Broken                            0x08000d85   Thumb Code    10  init_alloc.o(.text)
    _init_alloc                              0x08000d8f   Thumb Code    90  init_alloc.o(.text)
    __Heap_Initialize                        0x08000de9   Thumb Code    10  h1_init.o(.text)
    __Heap_DescSize                          0x08000df3   Thumb Code     4  h1_init.o(.text)
    free                                     0x08000df7   Thumb Code    76  h1_free.o(.text)
    __user_setup_stackheap                   0x08000e43   Thumb Code    62  sys_stackheap_outer.o(.text)
    __Heap_ProvideMemory                     0x08000e81   Thumb Code    52  h1_extend.o(.text)
    exit                                     0x08000eb5   Thumb Code    16  exit.o(.text)
    __rt_SIGRTMEM                            0x08000ec5   Thumb Code    12  defsig_rtmem_outer.o(.text)
    __I$use$semihosting                      0x08000ed1   Thumb Code     0  use_no_semi.o(.text)
    __use_no_semihosting_swi                 0x08000ed1   Thumb Code     2  use_no_semi.o(.text)
    __semihosting_library_function           0x08000ed3   Thumb Code     0  indicate_semi.o(.text)
    __sig_exit                               0x08000ed3   Thumb Code    12  defsig_exit.o(.text)
    __rt_SIGRTMEM_inner                      0x08000ee1   Thumb Code    22  defsig_rtmem_inner.o(.text)
    _sys_exit                                0x08000f31   Thumb Code     8  sys_exit.o(.text)
    __default_signal_display                 0x08000f3d   Thumb Code    52  defsig_general.o(.text)
    _ttywrch                                 0x08000f71   Thumb Code    12  sys_wrch.o(.text)
    HAL_Delay                                0x08000f7d   Thumb Code    28  stm32f0xx_hal.o(i.HAL_Delay)
    HAL_GPIO_DeInit                          0x08000f99   Thumb Code   186  stm32f0xx_hal_gpio.o(i.HAL_GPIO_DeInit)
    HAL_GPIO_Init                            0x08001069   Thumb Code   302  stm32f0xx_hal_gpio.o(i.HAL_GPIO_Init)
    HAL_GetTick                              0x080011b1   Thumb Code     6  stm32f0xx_hal.o(i.HAL_GetTick)
    HAL_IncTick                              0x080011bd   Thumb Code    10  stm32f0xx_hal.o(i.HAL_IncTick)
    HAL_Init                                 0x080011cd   Thumb Code    26  stm32f0xx_hal.o(i.HAL_Init)
    HAL_InitTick                             0x080011ed   Thumb Code    34  stm32f0xx_hal.o(i.HAL_InitTick)
    HAL_MspInit                              0x0800120f   Thumb Code     2  stm32f0xx_hal.o(i.HAL_MspInit)
    HAL_NVIC_SetPriority                     0x08001211   Thumb Code     8  stm32f0xx_hal_cortex.o(i.HAL_NVIC_SetPriority)
    HAL_RCCEx_PeriphCLKConfig                0x08001219   Thumb Code   222  stm32f0xx_hal_rcc_ex.o(i.HAL_RCCEx_PeriphCLKConfig)
    HAL_RCC_ClockConfig                      0x08001305   Thumb Code   280  stm32f0xx_hal_rcc.o(i.HAL_RCC_ClockConfig)
    HAL_RCC_GetHCLKFreq                      0x08001431   Thumb Code     6  stm32f0xx_hal_rcc.o(i.HAL_RCC_GetHCLKFreq)
    HAL_RCC_GetSysClockFreq                  0x0800143d   Thumb Code    80  stm32f0xx_hal_rcc.o(i.HAL_RCC_GetSysClockFreq)
    HAL_RCC_OscConfig                        0x080014b9   Thumb Code   838  stm32f0xx_hal_rcc.o(i.HAL_RCC_OscConfig)
    HAL_SPI_Init                             0x0800180d   Thumb Code   214  stm32f0xx_hal_spi.o(i.HAL_SPI_Init)
    HAL_SPI_MspInit                          0x080018e3   Thumb Code     2  stm32f0xx_hal_spi.o(i.HAL_SPI_MspInit)
    HAL_SPI_Transmit                         0x080018e5   Thumb Code   416  stm32f0xx_hal_spi.o(i.HAL_SPI_Transmit)
    HAL_SYSTICK_CLKSourceConfig              0x08001a85   Thumb Code    20  stm32f0xx_hal_cortex.o(i.HAL_SYSTICK_CLKSourceConfig)
    HAL_SYSTICK_Callback                     0x08001a9d   Thumb Code     2  stm32f0xx_hal_cortex.o(i.HAL_SYSTICK_Callback)
    HAL_SYSTICK_Config                       0x08001aa1   Thumb Code    38  stm32f0xx_hal_cortex.o(i.HAL_SYSTICK_Config)
    HAL_SYSTICK_IRQHandler                   0x08001ad1   Thumb Code     8  stm32f0xx_hal_cortex.o(i.HAL_SYSTICK_IRQHandler)
    HardFault_Handler                        0x08001ad9   Thumb Code     2  stm32f0xx_it.o(i.HardFault_Handler)
    NMI_Handler                              0x08001adb   Thumb Code     2  stm32f0xx_it.o(i.NMI_Handler)
    PendSV_Handler                           0x08001add   Thumb Code     2  stm32f0xx_it.o(i.PendSV_Handler)
    SVC_Handler                              0x08001adf   Thumb Code     2  stm32f0xx_it.o(i.SVC_Handler)
    SysTick_Handler                          0x08001ae1   Thumb Code    12  stm32f0xx_it.o(i.SysTick_Handler)
    SystemInit                               0x08001aed   Thumb Code    78  system_stm32f0xx.o(i.SystemInit)
    SystemClock_Config()                     0x08001b49   Thumb Code    96  mian.o(i._Z18SystemClock_Configv)
    SpiDev_ssd1306_4wire::draw_pixel(unsigned char, unsigned char, SpiDev_ssd1306_4wire::Color_t) 0x08001ba9   Thumb Code    66  ssd1306.o(i._ZN20SpiDev_ssd1306_4wire10draw_pixelEhhNS_7Color_tE)
    SpiDev_ssd1306_4wire::put_string(char*, FontDef, SpiDev_ssd1306_4wire::Color_t) 0x08001beb   Thumb Code    46  ssd1306.o(i._ZN20SpiDev_ssd1306_4wire10put_stringEPc7FontDefNS_7Color_tE)
    SpiDev_ssd1306_4wire::write_data(unsigned char*, unsigned) 0x08001c19   Thumb Code    18  ssd1306.o(i._ZN20SpiDev_ssd1306_4wire10write_dataEPhj)
    SpiDev_ssd1306_4wire::test_border()      0x08001c2b   Thumb Code   242  ssd1306.o(i._ZN20SpiDev_ssd1306_4wire11test_borderEv)
    SpiDev_ssd1306_4wire::init_ssd1306(bool) 0x08001d1d   Thumb Code   314  ssd1306.o(i._ZN20SpiDev_ssd1306_4wire12init_ssd1306Eb)
    SpiDev_ssd1306_4wire::fill(SpiDev_ssd1306_4wire::Color_t) 0x08001e57   Thumb Code    32  ssd1306.o(i._ZN20SpiDev_ssd1306_4wire4fillENS_7Color_tE)
    SpiDev_ssd1306_4wire::reset()            0x08001e77   Thumb Code    36  ssd1306.o(i._ZN20SpiDev_ssd1306_4wire5resetEv)
    SpiDev_ssd1306_4wire::update()           0x08001e9b   Thumb Code    58  ssd1306.o(i._ZN20SpiDev_ssd1306_4wire6updateEv)
    SpiDev_ssd1306_4wire::put_char(char, FontDef, SpiDev_ssd1306_4wire::Color_t) 0x08001ed5   Thumb Code   148  ssd1306.o(i._ZN20SpiDev_ssd1306_4wire8put_charEc7FontDefNS_7Color_tE)
    SpiDev_ssd1306_4wire::test_fps()         0x08001f69   Thumb Code   232  ssd1306.o(i._ZN20SpiDev_ssd1306_4wire8test_fpsEv)
    SpiDev_ssd1306_4wire::write_cmd(unsigned char) 0x08002081   Thumb Code    22  ssd1306.o(i._ZN20SpiDev_ssd1306_4wire9write_cmdEh)
    Spi::init_spibus(bool)                   0x08002099   Thumb Code   364  ssd1306.o(i._ZN3Spi11init_spibusEb)
    Spi::write(unsigned char*, unsigned)     0x0800220d   Thumb Code    16  ssd1306.o(i._ZN3Spi5writeEPhj)
    Gpio::init(Gpio::Gpio_mode_t, Gpio::Gpio_pull_t, Gpio::Gpio_speed_t, Gpio::Gpio_outputlevel_t, Gpio::Gpio_af_t) 0x080023d1   Thumb Code   182  ssd1306.o(i._ZN4Gpio4initENS_11Gpio_mode_tENS_11Gpio_pull_tENS_12Gpio_speed_tENS_18Gpio_outputlevel_tENS_9Gpio_af_tE)
    Gpio::Gpio(char, unsigned char)          0x0800249d   Thumb Code    38  mian.o(i._ZN4GpioC1Ech)
    Gpio::Gpio__sub_object(char, unsigned char) 0x0800249d   Thumb Code     0  mian.o(i._ZN4GpioC1Ech)
    Gpio::~Gpio()                            0x080024c3   Thumb Code    16  mian.o(i._ZN4GpioD1Ev)
    Gpio::~Gpio__sub_object()                0x080024c3   Thumb Code     0  mian.o(i._ZN4GpioD1Ev)
    __ARM_common_switch8                     0x080024d3   Thumb Code    26  stm32f0xx_hal_dma.o(i.__ARM_common_switch8)
    main                                     0x0800259d   Thumb Code    74  mian.o(i.main)
    AHBPrescTable                            0x080025ec   Data          16  system_stm32f0xx.o(.constdata)
    __I$use$fp                               0x080025ec   Number         0  usenofp.o(x$fpl$usenofp)
    Region$$Table$$Base                      0x08002de8   Number         0  anon$$obj.o(Region$$Table)
    Region$$Table$$Limit                     0x08002e08   Number         0  anon$$obj.o(Region$$Table)
    SHT$$INIT_ARRAY$$Base                    0x08002e08   Number         0  mian.o(.init_array)
    SHT$$INIT_ARRAY$$Limit                   0x08002e0c   Number         0  init_aeabi.o(.init_array)
    uwTick                                   0x20000000   Data           4  stm32f0xx_hal.o(.data)
    oled_spi_config                          0x20000004   Data          12  mian.o(.data)
    SystemCoreClock                          0x20000010   Data           4  system_stm32f0xx.o(.data)
    Font_7x10                                0x20000014   Data           8  font.o(.data)
    PA3                                      0x2000001c   Data          12  mian.o(.bss)
    PA4                                      0x20000028   Data          12  mian.o(.bss)
    PA5                                      0x20000034   Data          12  mian.o(.bss)
    PA6                                      0x20000040   Data          12  mian.o(.bss)
    PA7                                      0x2000004c   Data          12  mian.o(.bss)
    oled                                     0x20000058   Data         660  mian.o(.bss)
    __libspace_start                         0x200002ec   Data          96  libspace.o(.bss)
    __temporary_stack_top$libspace           0x2000034c   Data           0  libspace.o(.bss)



==============================================================================

Memory Map of the image

  Image Entry point : 0x080000b1

  Load Region LR_IROM1 (Base: 0x08000000, Size: 0x00002e28, Max: 0x00004000, ABSOLUTE)

    Execution Region ER_IROM1 (Exec base: 0x08000000, Load base: 0x08000000, Size: 0x00002e0c, Max: 0x00004000, ABSOLUTE)

    Exec Addr    Load Addr    Size         Type   Attr      Idx    E Section Name        Object

    0x08000000   0x08000000   0x000000b0   Data   RO         1236    RESET               keil_startup_stm32f030x6.o
    0x080000b0   0x080000b0   0x00000008   Code   RO         1837  * !!!main             c_p.l(__main.o)
    0x080000b8   0x080000b8   0x0000003c   Code   RO         2155    !!!scatter          c_p.l(__scatter.o)
    0x080000f4   0x080000f4   0x0000001a   Code   RO         2157    !!handler_copy      c_p.l(__scatter_copy.o)
    0x0800010e   0x0800010e   0x00000002   PAD
    0x08000110   0x08000110   0x0000001c   Code   RO         2159    !!handler_zi        c_p.l(__scatter_zi.o)
    0x0800012c   0x0800012c   0x00000002   Code   RO         1822    .ARM.Collect$$_printf_percent$$00000000  c_p.l(_printf_percent.o)
    0x0800012e   0x0800012e   0x0000000a   Code   RO         1821    .ARM.Collect$$_printf_percent$$00000009  c_p.l(_printf_d.o)
    0x08000138   0x08000138   0x00000004   Code   RO         1930    .ARM.Collect$$_printf_percent$$00000017  c_p.l(_printf_percent_end.o)
    0x0800013c   0x0800013c   0x00000002   Code   RO         2098    .ARM.Collect$$libinit$$00000000  c_p.l(libinit.o)
    0x0800013e   0x0800013e   0x00000000   Code   RO         1941    .ARM.Collect$$libinit$$00000002  c_p.l(libinit2.o)
    0x0800013e   0x0800013e   0x00000000   Code   RO         1943    .ARM.Collect$$libinit$$00000004  c_p.l(libinit2.o)
    0x0800013e   0x0800013e   0x00000008   Code   RO         1944    .ARM.Collect$$libinit$$00000005  c_p.l(libinit2.o)
    0x08000146   0x08000146   0x00000000   Code   RO         1946    .ARM.Collect$$libinit$$0000000A  c_p.l(libinit2.o)
    0x08000146   0x08000146   0x00000000   Code   RO         1948    .ARM.Collect$$libinit$$0000000C  c_p.l(libinit2.o)
    0x08000146   0x08000146   0x00000000   Code   RO         1950    .ARM.Collect$$libinit$$0000000E  c_p.l(libinit2.o)
    0x08000146   0x08000146   0x00000000   Code   RO         1953    .ARM.Collect$$libinit$$00000011  c_p.l(libinit2.o)
    0x08000146   0x08000146   0x00000000   Code   RO         1955    .ARM.Collect$$libinit$$00000013  c_p.l(libinit2.o)
    0x08000146   0x08000146   0x00000000   Code   RO         1957    .ARM.Collect$$libinit$$00000015  c_p.l(libinit2.o)
    0x08000146   0x08000146   0x00000000   Code   RO         1959    .ARM.Collect$$libinit$$00000017  c_p.l(libinit2.o)
    0x08000146   0x08000146   0x00000000   Code   RO         1961    .ARM.Collect$$libinit$$00000019  c_p.l(libinit2.o)
    0x08000146   0x08000146   0x00000000   Code   RO         1963    .ARM.Collect$$libinit$$0000001B  c_p.l(libinit2.o)
    0x08000146   0x08000146   0x00000000   Code   RO         1965    .ARM.Collect$$libinit$$0000001D  c_p.l(libinit2.o)
    0x08000146   0x08000146   0x00000000   Code   RO         1967    .ARM.Collect$$libinit$$0000001F  c_p.l(libinit2.o)
    0x08000146   0x08000146   0x00000000   Code   RO         1969    .ARM.Collect$$libinit$$00000021  c_p.l(libinit2.o)
    0x08000146   0x08000146   0x00000000   Code   RO         1971    .ARM.Collect$$libinit$$00000023  c_p.l(libinit2.o)
    0x08000146   0x08000146   0x00000000   Code   RO         1973    .ARM.Collect$$libinit$$00000025  c_p.l(libinit2.o)
    0x08000146   0x08000146   0x00000000   Code   RO         1977    .ARM.Collect$$libinit$$0000002C  c_p.l(libinit2.o)
    0x08000146   0x08000146   0x00000000   Code   RO         1979    .ARM.Collect$$libinit$$0000002E  c_p.l(libinit2.o)
    0x08000146   0x08000146   0x00000000   Code   RO         1981    .ARM.Collect$$libinit$$00000030  c_p.l(libinit2.o)
    0x08000146   0x08000146   0x00000004   Code   RO         1982    .ARM.Collect$$libinit$$00000031  c_p.l(libinit2.o)
    0x0800014a   0x0800014a   0x00000000   Code   RO         1983    .ARM.Collect$$libinit$$00000032  c_p.l(libinit2.o)
    0x0800014a   0x0800014a   0x00000002   Code   RO         1984    .ARM.Collect$$libinit$$00000033  c_p.l(libinit2.o)
    0x0800014c   0x0800014c   0x00000002   Code   RO         2138    .ARM.Collect$$libshutdown$$00000000  c_p.l(libshutdown.o)
    0x0800014e   0x0800014e   0x00000006   Code   RO         2045    .ARM.Collect$$libshutdown$$00000001  c_p.l(libshutdown2.o)
    0x08000154   0x08000154   0x00000000   Code   RO         2046    .ARM.Collect$$libshutdown$$00000002  c_p.l(libshutdown2.o)
    0x08000154   0x08000154   0x00000000   Code   RO         2048    .ARM.Collect$$libshutdown$$00000004  c_p.l(libshutdown2.o)
    0x08000154   0x08000154   0x00000000   Code   RO         2051    .ARM.Collect$$libshutdown$$00000007  c_p.l(libshutdown2.o)
    0x08000154   0x08000154   0x00000000   Code   RO         2054    .ARM.Collect$$libshutdown$$0000000A  c_p.l(libshutdown2.o)
    0x08000154   0x08000154   0x00000000   Code   RO         2056    .ARM.Collect$$libshutdown$$0000000C  c_p.l(libshutdown2.o)
    0x08000154   0x08000154   0x00000000   Code   RO         2059    .ARM.Collect$$libshutdown$$0000000F  c_p.l(libshutdown2.o)
    0x08000154   0x08000154   0x00000002   Code   RO         2060    .ARM.Collect$$libshutdown$$00000010  c_p.l(libshutdown2.o)
    0x08000156   0x08000156   0x00000000   Code   RO         1856    .ARM.Collect$$rtentry$$00000000  c_p.l(__rtentry.o)
    0x08000156   0x08000156   0x00000000   Code   RO         1992    .ARM.Collect$$rtentry$$00000002  c_p.l(__rtentry2.o)
    0x08000156   0x08000156   0x00000006   Code   RO         2004    .ARM.Collect$$rtentry$$00000004  c_p.l(__rtentry4.o)
    0x0800015c   0x0800015c   0x00000000   Code   RO         1994    .ARM.Collect$$rtentry$$00000009  c_p.l(__rtentry2.o)
    0x0800015c   0x0800015c   0x00000004   Code   RO         1995    .ARM.Collect$$rtentry$$0000000A  c_p.l(__rtentry2.o)
    0x08000160   0x08000160   0x00000000   Code   RO         1997    .ARM.Collect$$rtentry$$0000000C  c_p.l(__rtentry2.o)
    0x08000160   0x08000160   0x00000008   Code   RO         1998    .ARM.Collect$$rtentry$$0000000D  c_p.l(__rtentry2.o)
    0x08000168   0x08000168   0x00000002   Code   RO         2103    .ARM.Collect$$rtexit$$00000000  c_p.l(rtexit.o)
    0x0800016a   0x0800016a   0x00000000   Code   RO         2118    .ARM.Collect$$rtexit$$00000002  c_p.l(rtexit2.o)
    0x0800016a   0x0800016a   0x00000004   Code   RO         2119    .ARM.Collect$$rtexit$$00000003  c_p.l(rtexit2.o)
    0x0800016e   0x0800016e   0x00000006   Code   RO         2120    .ARM.Collect$$rtexit$$00000004  c_p.l(rtexit2.o)
    0x08000174   0x08000174   0x00000038   Code   RO         1934    .emb_text           c_p.l(rt_memcpy.o)
    0x080001ac   0x080001ac   0x00000000   Code   RO         2070    .emb_text           c_p.l(maybetermalloc1.o)
    0x080001ac   0x080001ac   0x00000038   Code   RO         1237    .text               keil_startup_stm32f030x6.o
    0x080001e4   0x080001e4   0x00000038   Code   RO         1795    .text               c_p.l(noretval__2snprintf.o)
    0x0800021c   0x0800021c   0x0000006c   Code   RO         1797    .text               c_p.l(__printf.o)
    0x08000288   0x08000288   0x0000006c   Code   RO         1799    .text               c_p.l(_printf_dec.o)
    0x080002f4   0x080002f4   0x0000002a   Code   RO         1826    .text               c_p.l(aeabi_atexit.o)
    0x0800031e   0x0800031e   0x00000096   Code   RO         1829    .text               c_p.l(rt_memmove.o)
    0x080003b4   0x080003b4   0x0000015a   Code   RO         1831    .text               c_p.l(aeabi_sdiv.o)
    0x0800050e   0x0800050e   0x00000006   Code   RO         1835    .text               c_p.l(heapauxi.o)
    0x08000514   0x08000514   0x00000024   Code   RO         1842    .text               c_p.l(init_aeabi.o)
    0x08000538   0x08000538   0x00000448   Code   RO         1845    .text               fz_ps.l(ddiv.o)
    0x08000980   0x08000980   0x0000006c   Code   RO         1848    .text               fz_ps.l(dfixi.o)
    0x080009ec   0x080009ec   0x00000058   Code   RO         1850    .text               fz_ps.l(dflti.o)
    0x08000a44   0x08000a44   0x00000054   Code   RO         1852    .text               fz_ps.l(f2d.o)
    0x08000a98   0x08000a98   0x0000005e   Code   RO         1854    .text               fz_ps.l(fflti.o)
    0x08000af6   0x08000af6   0x00000002   PAD
    0x08000af8   0x08000af8   0x00000008   Code   RO         1864    .text               c_p.l(rt_ddtor_pointer_addr_intlibspace.o)
    0x08000b00   0x08000b00   0x00000062   Code   RO         1868    .text               c_p.l(h1_alloc.o)
    0x08000b62   0x08000b62   0x000000b0   Code   RO         1922    .text               c_p.l(_printf_intcommon.o)
    0x08000c12   0x08000c12   0x00000002   PAD
    0x08000c14   0x08000c14   0x00000030   Code   RO         1924    .text               c_p.l(_printf_char_common.o)
    0x08000c44   0x08000c44   0x0000000a   Code   RO         1926    .text               c_p.l(_sputc.o)
    0x08000c4e   0x08000c4e   0x00000010   Code   RO         1928    .text               c_p.l(_snputc.o)
    0x08000c5e   0x08000c5e   0x00000042   Code   RO         1931    .text               c_p.l(cxa_finalize.o)
    0x08000ca0   0x08000ca0   0x00000082   Code   RO         1935    .text               c_p.l(rt_memcpy.o)
    0x08000d22   0x08000d22   0x00000028   Code   RO         1938    .text               c_p.l(rtudiv10.o)
    0x08000d4a   0x08000d4a   0x00000002   PAD
    0x08000d4c   0x08000d4c   0x00000008   Code   RO         1986    .text               c_p.l(libspace.o)
    0x08000d54   0x08000d54   0x00000008   Code   RO         2011    .text               c_p.l(rt_heap_descriptor_intlibspace.o)
    0x08000d5c   0x08000d5c   0x00000004   Code   RO         2013    .text               c_p.l(hguard.o)
    0x08000d60   0x08000d60   0x00000088   Code   RO         2015    .text               c_p.l(init_alloc.o)
    0x08000de8   0x08000de8   0x0000000e   Code   RO         2021    .text               c_p.l(h1_init.o)
    0x08000df6   0x08000df6   0x0000004c   Code   RO         2023    .text               c_p.l(h1_free.o)
    0x08000e42   0x08000e42   0x0000003e   Code   RO         2065    .text               c_p.l(sys_stackheap_outer.o)
    0x08000e80   0x08000e80   0x00000034   Code   RO         2072    .text               c_p.l(h1_extend.o)
    0x08000eb4   0x08000eb4   0x00000010   Code   RO         2076    .text               c_p.l(exit.o)
    0x08000ec4   0x08000ec4   0x0000000c   Code   RO         2082    .text               c_p.l(defsig_rtmem_outer.o)
    0x08000ed0   0x08000ed0   0x00000002   Code   RO         2099    .text               c_p.l(use_no_semi.o)
    0x08000ed2   0x08000ed2   0x00000000   Code   RO         2101    .text               c_p.l(indicate_semi.o)
    0x08000ed2   0x08000ed2   0x0000000c   Code   RO         2109    .text               c_p.l(defsig_exit.o)
    0x08000ede   0x08000ede   0x00000002   PAD
    0x08000ee0   0x08000ee0   0x00000050   Code   RO         2113    .text               c_p.l(defsig_rtmem_inner.o)
    0x08000f30   0x08000f30   0x0000000c   Code   RO         2115    .text               c_p.l(sys_exit.o)
    0x08000f3c   0x08000f3c   0x00000034   Code   RO         2130    .text               c_p.l(defsig_general.o)
    0x08000f70   0x08000f70   0x0000000c   Code   RO         2132    .text               c_p.l(sys_wrch.o)
    0x08000f7c   0x08000f7c   0x0000001c   Code   RO            8    i.HAL_Delay         stm32f0xx_hal.o
    0x08000f98   0x08000f98   0x000000d0   Code   RO          581    i.HAL_GPIO_DeInit   stm32f0xx_hal_gpio.o
    0x08001068   0x08001068   0x00000148   Code   RO          584    i.HAL_GPIO_Init     stm32f0xx_hal_gpio.o
    0x080011b0   0x080011b0   0x0000000c   Code   RO           12    i.HAL_GetTick       stm32f0xx_hal.o
    0x080011bc   0x080011bc   0x00000010   Code   RO           16    i.HAL_IncTick       stm32f0xx_hal.o
    0x080011cc   0x080011cc   0x00000020   Code   RO           17    i.HAL_Init          stm32f0xx_hal.o
    0x080011ec   0x080011ec   0x00000022   Code   RO           18    i.HAL_InitTick      stm32f0xx_hal.o
    0x0800120e   0x0800120e   0x00000002   Code   RO           20    i.HAL_MspInit       stm32f0xx_hal.o
    0x08001210   0x08001210   0x00000008   Code   RO          245    i.HAL_NVIC_SetPriority  stm32f0xx_hal_cortex.o
    0x08001218   0x08001218   0x000000ec   Code   RO          882    i.HAL_RCCEx_PeriphCLKConfig  stm32f0xx_hal_rcc_ex.o
    0x08001304   0x08001304   0x0000012c   Code   RO          773    i.HAL_RCC_ClockConfig  stm32f0xx_hal_rcc.o
    0x08001430   0x08001430   0x0000000c   Code   RO          778    i.HAL_RCC_GetHCLKFreq  stm32f0xx_hal_rcc.o
    0x0800143c   0x0800143c   0x0000007c   Code   RO          781    i.HAL_RCC_GetSysClockFreq  stm32f0xx_hal_rcc.o
    0x080014b8   0x080014b8   0x00000354   Code   RO          784    i.HAL_RCC_OscConfig  stm32f0xx_hal_rcc.o
    0x0800180c   0x0800180c   0x000000d6   Code   RO         1396    i.HAL_SPI_Init      stm32f0xx_hal_spi.o
    0x080018e2   0x080018e2   0x00000002   Code   RO         1398    i.HAL_SPI_MspInit   stm32f0xx_hal_spi.o
    0x080018e4   0x080018e4   0x000001a0   Code   RO         1404    i.HAL_SPI_Transmit  stm32f0xx_hal_spi.o
    0x08001a84   0x08001a84   0x00000018   Code   RO          247    i.HAL_SYSTICK_CLKSourceConfig  stm32f0xx_hal_cortex.o
    0x08001a9c   0x08001a9c   0x00000002   Code   RO          248    i.HAL_SYSTICK_Callback  stm32f0xx_hal_cortex.o
    0x08001a9e   0x08001a9e   0x00000002   PAD
    0x08001aa0   0x08001aa0   0x00000030   Code   RO          249    i.HAL_SYSTICK_Config  stm32f0xx_hal_cortex.o
    0x08001ad0   0x08001ad0   0x00000008   Code   RO          250    i.HAL_SYSTICK_IRQHandler  stm32f0xx_hal_cortex.o
    0x08001ad8   0x08001ad8   0x00000002   Code   RO         1148    i.HardFault_Handler  stm32f0xx_it.o
    0x08001ada   0x08001ada   0x00000002   Code   RO         1149    i.NMI_Handler       stm32f0xx_it.o
    0x08001adc   0x08001adc   0x00000002   Code   RO         1150    i.PendSV_Handler    stm32f0xx_it.o
    0x08001ade   0x08001ade   0x00000002   Code   RO         1151    i.SVC_Handler       stm32f0xx_it.o
    0x08001ae0   0x08001ae0   0x0000000c   Code   RO         1152    i.SysTick_Handler   stm32f0xx_it.o
    0x08001aec   0x08001aec   0x0000005c   Code   RO         1011    i.SystemInit        system_stm32f0xx.o
    0x08001b48   0x08001b48   0x00000060   Code   RO          919    i._Z18SystemClock_Configv  mian.o
    0x08001ba8   0x08001ba8   0x00000042   Code   RO         1243    i._ZN20SpiDev_ssd1306_4wire10draw_pixelEhhNS_7Color_tE  ssd1306.o
    0x08001bea   0x08001bea   0x0000002e   Code   RO         1244    i._ZN20SpiDev_ssd1306_4wire10put_stringEPc7FontDefNS_7Color_tE  ssd1306.o
    0x08001c18   0x08001c18   0x00000012   Code   RO         1246    i._ZN20SpiDev_ssd1306_4wire10write_dataEPhj  ssd1306.o
    0x08001c2a   0x08001c2a   0x000000f2   Code   RO         1247    i._ZN20SpiDev_ssd1306_4wire11test_borderEv  ssd1306.o
    0x08001d1c   0x08001d1c   0x0000013a   Code   RO         1248    i._ZN20SpiDev_ssd1306_4wire12init_ssd1306Eb  ssd1306.o
    0x08001e56   0x08001e56   0x00000020   Code   RO         1249    i._ZN20SpiDev_ssd1306_4wire4fillENS_7Color_tE  ssd1306.o
    0x08001e76   0x08001e76   0x00000024   Code   RO         1250    i._ZN20SpiDev_ssd1306_4wire5resetEv  ssd1306.o
    0x08001e9a   0x08001e9a   0x0000003a   Code   RO         1251    i._ZN20SpiDev_ssd1306_4wire6updateEv  ssd1306.o
    0x08001ed4   0x08001ed4   0x00000094   Code   RO         1252    i._ZN20SpiDev_ssd1306_4wire8put_charEc7FontDefNS_7Color_tE  ssd1306.o
    0x08001f68   0x08001f68   0x00000118   Code   RO         1253    i._ZN20SpiDev_ssd1306_4wire8test_fpsEv  ssd1306.o
    0x08002080   0x08002080   0x00000016   Code   RO         1254    i._ZN20SpiDev_ssd1306_4wire9write_cmdEh  ssd1306.o
    0x08002096   0x08002096   0x00000002   PAD
    0x08002098   0x08002098   0x00000174   Code   RO         1330    i._ZN3Spi11init_spibusEb  ssd1306.o
    0x0800220c   0x0800220c   0x00000010   Code   RO         1336    i._ZN3Spi5writeEPhj  ssd1306.o
    0x0800221c   0x0800221c   0x0000004c   Code   RO         1437    i._ZN41_INTERNAL_19_stm32f0xx_hal_spi_c_5e7b22bd22SPI_EndRxTxTransactionEP19__SPI_HandleTypeDefjj  stm32f0xx_hal_spi.o
    0x08002268   0x08002268   0x00000096   Code   RO         1442    i._ZN41_INTERNAL_19_stm32f0xx_hal_spi_c_5e7b22bd29SPI_WaitFifoStateUntilTimeoutEP19__SPI_HandleTypeDefjjjj  stm32f0xx_hal_spi.o
    0x080022fe   0x080022fe   0x0000008c   Code   RO         1443    i._ZN41_INTERNAL_19_stm32f0xx_hal_spi_c_5e7b22bd29SPI_WaitFlagStateUntilTimeoutEP19__SPI_HandleTypeDefjjjj  stm32f0xx_hal_spi.o
    0x0800238a   0x0800238a   0x00000002   PAD
    0x0800238c   0x0800238c   0x00000044   Code   RO          251    i._ZN44_INTERNAL_22_stm32f0xx_hal_cortex_c_910ac08716NVIC_SetPriorityE9IRQn_Typej  stm32f0xx_hal_cortex.o
    0x080023d0   0x080023d0   0x000000cc   Code   RO         1324    i._ZN4Gpio4initENS_11Gpio_mode_tENS_11Gpio_pull_tENS_12Gpio_speed_tENS_18Gpio_outputlevel_tENS_9Gpio_af_tE  ssd1306.o
    0x0800249c   0x0800249c   0x00000026   Code   RO          957    i._ZN4GpioC1Ech     mian.o
    0x080024c2   0x080024c2   0x00000010   Code   RO          963    i._ZN4GpioD1Ev      mian.o
    0x080024d2   0x080024d2   0x0000001a   Code   RO          454    i.__ARM_common_switch8  stm32f0xx_hal_dma.o
    0x080024ec   0x080024ec   0x000000b0   Code   RO          920    i.__sti___8_mian_cpp_PA3  mian.o
    0x0800259c   0x0800259c   0x00000050   Code   RO          921    i.main              mian.o
    0x080025ec   0x080025ec   0x00000000   Code   RO         1985    x$fpl$usenofp       fz_ps.l(usenofp.o)
    0x080025ec   0x080025ec   0x00000010   Data   RO         1014    .constdata          system_stm32f0xx.o
    0x080025fc   0x080025fc   0x0000076c   Data   RO         1367    .constdata          font.o
    0x08002d68   0x08002d68   0x00000080   Data   RO         1846    .constdata          fz_ps.l(ddiv.o)
    0x08002de8   0x08002de8   0x00000020   Data   RO         2153    Region$$Table       anon$$obj.o
    0x08002e08   0x08002e08   0x00000004   Data   RO          929    .init_array         mian.o
    0x08002e0c   0x08002e08   0x00000000   Data   RO         1840    .init_array         c_p.l(init_aeabi.o)


    Execution Region RW_IRAM1 (Exec base: 0x20000000, Load base: 0x08002e0c, Size: 0x00000950, Max: 0x00001000, ABSOLUTE)

    Exec Addr    Load Addr    Size         Type   Attr      Idx    E Section Name        Object

    0x20000000   0x08002e0c   0x00000004   Data   RW           43    .data               stm32f0xx_hal.o
    0x20000004   0x08002e10   0x0000000c   Data   RW          928    .data               mian.o
    0x20000010   0x08002e1c   0x00000004   Data   RW         1016    .data               system_stm32f0xx.o
    0x20000014   0x08002e20   0x00000008   Data   RW         1368    .data               font.o
    0x2000001c        -       0x000002d0   Zero   RW          926    .bss                mian.o
    0x200002ec        -       0x00000060   Zero   RW         1987    .bss                c_p.l(libspace.o)
    0x2000034c   0x08002e28   0x00000004   PAD
    0x20000350        -       0x00000200   Zero   RW         1235    HEAP                keil_startup_stm32f030x6.o
    0x20000550        -       0x00000400   Zero   RW         1234    STACK               keil_startup_stm32f030x6.o


==============================================================================

Image component sizes


      Code (inc. data)   RO Data    RW Data    ZI Data      Debug   Object Name

         0          0       1900          8          0       2408   font.o
        56         26        176          0       1536        632   keil_startup_stm32f030x6.o
       406         26          4         12        720      25282   mian.o
      1854        104          0          0          0      17596   ssd1306.o
       124         18          0          4          0     229929   stm32f0xx_hal.o
       158         22          0          0          0      10170   stm32f0xx_hal_cortex.o
        26          0          0          0          0         72   stm32f0xx_hal_dma.o
       536         48          0          0          0       2846   stm32f0xx_hal_gpio.o
      1288         84          0          0          0       4790   stm32f0xx_hal_rcc.o
       236         14          0          0          0       1656   stm32f0xx_hal_rcc_ex.o
       998          0          0          0          0       6272   stm32f0xx_hal_spi.o
        20          0          0          0          0       2151   stm32f0xx_it.o
        92         14         16          4          0       1291   system_stm32f0xx.o

    ----------------------------------------------------------------------
      5800        356       2128         28       2256     305095   Object Totals
         0          0         32          0          0          0   (incl. Generated)
         6          0          0          0          0          0   (incl. Padding)

    ----------------------------------------------------------------------

      Code (inc. data)   RO Data    RW Data    ZI Data      Debug   Library Member Name

         8          0          0          0          0         68   __main.o
       108          0          0          0          0         76   __printf.o
         0          0          0          0          0          0   __rtentry.o
        12          0          0          0          0          0   __rtentry2.o
         6          0          0          0          0          0   __rtentry4.o
        60          8          0          0          0          0   __scatter.o
        26          0          0          0          0          0   __scatter_copy.o
        28          0          0          0          0          0   __scatter_zi.o
        48          6          0          0          0         88   _printf_char_common.o
        10          0          0          0          0          0   _printf_d.o
       108         18          0          0          0         76   _printf_dec.o
       176          0          0          0          0         84   _printf_intcommon.o
         2          0          0          0          0          0   _printf_percent.o
         4          0          0          0          0          0   _printf_percent_end.o
        16          0          0          0          0         60   _snputc.o
        10          0          0          0          0         60   _sputc.o
        42          0          0          0          0         76   aeabi_atexit.o
       346          0          0          0          0         92   aeabi_sdiv.o
        66          0          0          0          0         76   cxa_finalize.o
        12          0          0          0          0         68   defsig_exit.o
        52          0          0          0          0         72   defsig_general.o
        80         58          0          0          0         68   defsig_rtmem_inner.o
        12          0          0          0          0         68   defsig_rtmem_outer.o
        16          0          0          0          0         68   exit.o
        98          0          0          0          0         72   h1_alloc.o
        52          0          0          0          0         68   h1_extend.o
        76          0          0          0          0         72   h1_free.o
        14          0          0          0          0         76   h1_init.o
         6          0          0          0          0        136   heapauxi.o
         4          0          0          0          0        120   hguard.o
         0          0          0          0          0          0   indicate_semi.o
        36         10          0          0          0         72   init_aeabi.o
       136          0          0          0          0        160   init_alloc.o
         2          0          0          0          0          0   libinit.o
        14          0          0          0          0          0   libinit2.o
         2          0          0          0          0          0   libshutdown.o
         8          0          0          0          0          0   libshutdown2.o
         8          4          0          0         96         68   libspace.o
         0          0          0          0          0          0   maybetermalloc1.o
        56          6          0          0          0         84   noretval__2snprintf.o
         8          4          0          0          0         68   rt_ddtor_pointer_addr_intlibspace.o
         8          4          0          0          0         68   rt_heap_descriptor_intlibspace.o
       186          0          0          0          0        144   rt_memcpy.o
       150          0          0          0          0        104   rt_memmove.o
         2          0          0          0          0          0   rtexit.o
        10          0          0          0          0          0   rtexit2.o
        40          0          0          0          0         60   rtudiv10.o
        12          4          0          0          0         60   sys_exit.o
        62          0          0          0          0         80   sys_stackheap_outer.o
        12          0          0          0          0         68   sys_wrch.o
         2          0          0          0          0         68   use_no_semi.o
      1096         26        128          0          0        112   ddiv.o
       108         10          0          0          0         72   dfixi.o
        88          0          0          0          0         92   dflti.o
        84          4          0          0          0         60   f2d.o
        94          0          0          0          0         92   fflti.o
         0          0          0          0          0          0   usenofp.o

    ----------------------------------------------------------------------
      3732        162        128          0        100       3176   Library Totals
        10          0          0          0          4          0   (incl. Padding)

    ----------------------------------------------------------------------

      Code (inc. data)   RO Data    RW Data    ZI Data      Debug   Library Name

      2252        122          0          0         96       2748   c_p.l
      1470         40        128          0          0        428   fz_ps.l

    ----------------------------------------------------------------------
      3732        162        128          0        100       3176   Library Totals

    ----------------------------------------------------------------------

==============================================================================


      Code (inc. data)   RO Data    RW Data    ZI Data      Debug   

      9532        518       2256         28       2356     304539   Grand Totals
      9532        518       2256         28       2356     304539   ELF Image Totals
      9532        518       2256         28          0          0   ROM Totals

==============================================================================

    Total RO  Size (Code + RO Data)                11788 (  11.51kB)
    Total RW  Size (RW Data + ZI Data)              2384 (   2.33kB)
    Total ROM Size (Code + RO Data + RW Data)      11816 (  11.54kB)

==============================================================================

