Archive member included to satisfy reference by file (symbol)

c:/opt/gnutoo~1/72018-~1/bin/../lib/gcc/arm-none-eabi/7.3.1/../../../../arm-none-eabi/lib/thumb/v6-m\libstdc++_nano.a(eh_personality.o)
                              CMakeFiles/f030_cpp_demo.elf.dir/projects/f030_cpp_demo/mian.cpp.obj (__gxx_personality_v0)
c:/opt/gnutoo~1/72018-~1/bin/../lib/gcc/arm-none-eabi/7.3.1/../../../../arm-none-eabi/lib/thumb/v6-m\libstdc++_nano.a(eh_call.o)
                              c:/opt/gnutoo~1/72018-~1/bin/../lib/gcc/arm-none-eabi/7.3.1/../../../../arm-none-eabi/lib/thumb/v6-m\libstdc++_nano.a(eh_personality.o) (__cxa_call_terminate)
c:/opt/gnutoo~1/72018-~1/bin/../lib/gcc/arm-none-eabi/7.3.1/../../../../arm-none-eabi/lib/thumb/v6-m\libstdc++_nano.a(eh_catch.o)
                              c:/opt/gnutoo~1/72018-~1/bin/../lib/gcc/arm-none-eabi/7.3.1/../../../../arm-none-eabi/lib/thumb/v6-m\libstdc++_nano.a(eh_call.o) (__cxa_begin_catch)
c:/opt/gnutoo~1/72018-~1/bin/../lib/gcc/arm-none-eabi/7.3.1/../../../../arm-none-eabi/lib/thumb/v6-m\libstdc++_nano.a(eh_globals.o)
                              c:/opt/gnutoo~1/72018-~1/bin/../lib/gcc/arm-none-eabi/7.3.1/../../../../arm-none-eabi/lib/thumb/v6-m\libstdc++_nano.a(eh_catch.o) (__cxa_get_globals_fast)
c:/opt/gnutoo~1/72018-~1/bin/../lib/gcc/arm-none-eabi/7.3.1/../../../../arm-none-eabi/lib/thumb/v6-m\libstdc++_nano.a(eh_terminate.o)
                              c:/opt/gnutoo~1/72018-~1/bin/../lib/gcc/arm-none-eabi/7.3.1/../../../../arm-none-eabi/lib/thumb/v6-m\libstdc++_nano.a(eh_call.o) (__cxxabiv1::__terminate(void (*)()))
c:/opt/gnutoo~1/72018-~1/bin/../lib/gcc/arm-none-eabi/7.3.1/../../../../arm-none-eabi/lib/thumb/v6-m\libstdc++_nano.a(eh_arm.o)
                              c:/opt/gnutoo~1/72018-~1/bin/../lib/gcc/arm-none-eabi/7.3.1/../../../../arm-none-eabi/lib/thumb/v6-m\libstdc++_nano.a(eh_personality.o) (__cxa_type_match)
c:/opt/gnutoo~1/72018-~1/bin/../lib/gcc/arm-none-eabi/7.3.1/../../../../arm-none-eabi/lib/thumb/v6-m\libstdc++_nano.a(atexit_arm.o)
                              CMakeFiles/f030_cpp_demo.elf.dir/projects/f030_cpp_demo/mian.cpp.obj (__aeabi_atexit)
c:/opt/gnutoo~1/72018-~1/bin/../lib/gcc/arm-none-eabi/7.3.1/../../../../arm-none-eabi/lib/thumb/v6-m\libstdc++_nano.a(eh_exception.o)
                              c:/opt/gnutoo~1/72018-~1/bin/../lib/gcc/arm-none-eabi/7.3.1/../../../../arm-none-eabi/lib/thumb/v6-m\libstdc++_nano.a(eh_arm.o) (typeinfo for __cxxabiv1::__forced_unwind)
c:/opt/gnutoo~1/72018-~1/bin/../lib/gcc/arm-none-eabi/7.3.1/../../../../arm-none-eabi/lib/thumb/v6-m\libstdc++_nano.a(eh_term_handler.o)
                              c:/opt/gnutoo~1/72018-~1/bin/../lib/gcc/arm-none-eabi/7.3.1/../../../../arm-none-eabi/lib/thumb/v6-m\libstdc++_nano.a(eh_terminate.o) (__cxxabiv1::__terminate_handler)
c:/opt/gnutoo~1/72018-~1/bin/../lib/gcc/arm-none-eabi/7.3.1/../../../../arm-none-eabi/lib/thumb/v6-m\libstdc++_nano.a(pure.o)
                              c:/opt/gnutoo~1/72018-~1/bin/../lib/gcc/arm-none-eabi/7.3.1/../../../../arm-none-eabi/lib/thumb/v6-m\libstdc++_nano.a(eh_exception.o) (__cxa_pure_virtual)
c:/opt/gnutoo~1/72018-~1/bin/../lib/gcc/arm-none-eabi/7.3.1/../../../../arm-none-eabi/lib/thumb/v6-m\libstdc++_nano.a(eh_unex_handler.o)
                              c:/opt/gnutoo~1/72018-~1/bin/../lib/gcc/arm-none-eabi/7.3.1/../../../../arm-none-eabi/lib/thumb/v6-m\libstdc++_nano.a(eh_terminate.o) (__cxxabiv1::__unexpected_handler)
c:/opt/gnutoo~1/72018-~1/bin/../lib/gcc/arm-none-eabi/7.3.1/../../../../arm-none-eabi/lib/thumb/v6-m\libstdc++_nano.a(del_ops.o)
                              c:/opt/gnutoo~1/72018-~1/bin/../lib/gcc/arm-none-eabi/7.3.1/../../../../arm-none-eabi/lib/thumb/v6-m\libstdc++_nano.a(eh_exception.o) (operator delete(void*, unsigned int))
c:/opt/gnutoo~1/72018-~1/bin/../lib/gcc/arm-none-eabi/7.3.1/../../../../arm-none-eabi/lib/thumb/v6-m\libstdc++_nano.a(si_class_type_info.o)
                              c:/opt/gnutoo~1/72018-~1/bin/../lib/gcc/arm-none-eabi/7.3.1/../../../../arm-none-eabi/lib/thumb/v6-m\libstdc++_nano.a(eh_exception.o) (vtable for __cxxabiv1::__si_class_type_info)
c:/opt/gnutoo~1/72018-~1/bin/../lib/gcc/arm-none-eabi/7.3.1/../../../../arm-none-eabi/lib/thumb/v6-m\libstdc++_nano.a(tinfo.o)
                              c:/opt/gnutoo~1/72018-~1/bin/../lib/gcc/arm-none-eabi/7.3.1/../../../../arm-none-eabi/lib/thumb/v6-m\libstdc++_nano.a(si_class_type_info.o) (std::type_info::__is_pointer_p() const)
c:/opt/gnutoo~1/72018-~1/bin/../lib/gcc/arm-none-eabi/7.3.1/../../../../arm-none-eabi/lib/thumb/v6-m\libstdc++_nano.a(class_type_info.o)
                              c:/opt/gnutoo~1/72018-~1/bin/../lib/gcc/arm-none-eabi/7.3.1/../../../../arm-none-eabi/lib/thumb/v6-m\libstdc++_nano.a(si_class_type_info.o) (__cxxabiv1::__class_type_info::__do_upcast(__cxxabiv1::__class_type_info const*, void**) const)
[...]
Memory Configuration

Name             Origin             Length             Attributes
RAM              0x20000000         0x00001000         xrw
FLASH            0x08000000         0x00004000         xr
*default*        0x00000000         0xffffffff

Linker script and memory map

LOAD c:/opt/gnutoo~1/72018-~1/bin/../lib/gcc/arm-none-eabi/7.3.1/thumb/v6-m/crti.o
LOAD c:/opt/gnutoo~1/72018-~1/bin/../lib/gcc/arm-none-eabi/7.3.1/thumb/v6-m/crtbegin.o
LOAD c:/opt/gnutoo~1/72018-~1/bin/../lib/gcc/arm-none-eabi/7.3.1/../../../../arm-none-eabi/lib/thumb/v6-m/crt0.o
LOAD CMakeFiles/f030_cpp_demo.elf.dir/libmcu/F0/STM32F0xx_HAL_Driver/Src/stm32f0xx_hal.c.obj
LOAD CMakeFiles/f030_cpp_demo.elf.dir/libmcu/F0/STM32F0xx_HAL_Driver/Src/stm32f0xx_hal_adc.c.obj
LOAD CMakeFiles/f030_cpp_demo.elf.dir/libmcu/F0/STM32F0xx_HAL_Driver/Src/stm32f0xx_hal_adc_ex.c.obj
LOAD CMakeFiles/f030_cpp_demo.elf.dir/libmcu/F0/STM32F0xx_HAL_Driver/Src/stm32f0xx_hal_can.c.obj
LOAD CMakeFiles/f030_cpp_demo.elf.dir/libmcu/F0/STM32F0xx_HAL_Driver/Src/stm32f0xx_hal_cec.c.obj
LOAD CMakeFiles/f030_cpp_demo.elf.dir/libmcu/F0/STM32F0xx_HAL_Driver/Src/stm32f0xx_hal_comp.c.obj
LOAD CMakeFiles/f030_cpp_demo.elf.dir/libmcu/F0/STM32F0xx_HAL_Driver/Src/stm32f0xx_hal_cortex.c.obj
LOAD CMakeFiles/f030_cpp_demo.elf.dir/libmcu/F0/STM32F0xx_HAL_Driver/Src/stm32f0xx_hal_crc.c.obj
LOAD CMakeFiles/f030_cpp_demo.elf.dir/libmcu/F0/STM32F0xx_HAL_Driver/Src/stm32f0xx_hal_crc_ex.c.obj
LOAD CMakeFiles/f030_cpp_demo.elf.dir/libmcu/F0/STM32F0xx_HAL_Driver/Src/stm32f0xx_hal_dac.c.obj
LOAD CMakeFiles/f030_cpp_demo.elf.dir/libmcu/F0/STM32F0xx_HAL_Driver/Src/stm32f0xx_hal_dac_ex.c.obj
LOAD CMakeFiles/f030_cpp_demo.elf.dir/libmcu/F0/STM32F0xx_HAL_Driver/Src/stm32f0xx_hal_dma.c.obj
LOAD CMakeFiles/f030_cpp_demo.elf.dir/libmcu/F0/STM32F0xx_HAL_Driver/Src/stm32f0xx_hal_flash.c.obj
LOAD CMakeFiles/f030_cpp_demo.elf.dir/libmcu/F0/STM32F0xx_HAL_Driver/Src/stm32f0xx_hal_flash_ex.c.obj
LOAD CMakeFiles/f030_cpp_demo.elf.dir/libmcu/F0/STM32F0xx_HAL_Driver/Src/stm32f0xx_hal_gpio.c.obj
LOAD CMakeFiles/f030_cpp_demo.elf.dir/libmcu/F0/STM32F0xx_HAL_Driver/Src/stm32f0xx_hal_i2c.c.obj
LOAD CMakeFiles/f030_cpp_demo.elf.dir/libmcu/F0/STM32F0xx_HAL_Driver/Src/stm32f0xx_hal_i2c_ex.c.obj
LOAD CMakeFiles/f030_cpp_demo.elf.dir/libmcu/F0/STM32F0xx_HAL_Driver/Src/stm32f0xx_hal_i2s.c.obj
LOAD CMakeFiles/f030_cpp_demo.elf.dir/libmcu/F0/STM32F0xx_HAL_Driver/Src/stm32f0xx_hal_irda.c.obj
LOAD CMakeFiles/f030_cpp_demo.elf.dir/libmcu/F0/STM32F0xx_HAL_Driver/Src/stm32f0xx_hal_iwdg.c.obj
LOAD CMakeFiles/f030_cpp_demo.elf.dir/libmcu/F0/STM32F0xx_HAL_Driver/Src/stm32f0xx_hal_pcd.c.obj
LOAD CMakeFiles/f030_cpp_demo.elf.dir/libmcu/F0/STM32F0xx_HAL_Driver/Src/stm32f0xx_hal_pcd_ex.c.obj
LOAD CMakeFiles/f030_cpp_demo.elf.dir/libmcu/F0/STM32F0xx_HAL_Driver/Src/stm32f0xx_hal_pwr.c.obj
LOAD CMakeFiles/f030_cpp_demo.elf.dir/libmcu/F0/STM32F0xx_HAL_Driver/Src/stm32f0xx_hal_pwr_ex.c.obj
LOAD CMakeFiles/f030_cpp_demo.elf.dir/libmcu/F0/STM32F0xx_HAL_Driver/Src/stm32f0xx_hal_rcc.c.obj
LOAD CMakeFiles/f030_cpp_demo.elf.dir/libmcu/F0/STM32F0xx_HAL_Driver/Src/stm32f0xx_hal_rcc_ex.c.obj
LOAD CMakeFiles/f030_cpp_demo.elf.dir/libmcu/F0/STM32F0xx_HAL_Driver/Src/stm32f0xx_hal_rtc.c.obj
LOAD CMakeFiles/f030_cpp_demo.elf.dir/libmcu/F0/STM32F0xx_HAL_Driver/Src/stm32f0xx_hal_rtc_ex.c.obj
LOAD CMakeFiles/f030_cpp_demo.elf.dir/libmcu/F0/STM32F0xx_HAL_Driver/Src/stm32f0xx_hal_smartcard.c.obj
LOAD CMakeFiles/f030_cpp_demo.elf.dir/libmcu/F0/STM32F0xx_HAL_Driver/Src/stm32f0xx_hal_smartcard_ex.c.obj
LOAD CMakeFiles/f030_cpp_demo.elf.dir/libmcu/F0/STM32F0xx_HAL_Driver/Src/stm32f0xx_hal_smbus.c.obj
LOAD CMakeFiles/f030_cpp_demo.elf.dir/libmcu/F0/STM32F0xx_HAL_Driver/Src/stm32f0xx_hal_spi.c.obj
LOAD CMakeFiles/f030_cpp_demo.elf.dir/libmcu/F0/STM32F0xx_HAL_Driver/Src/stm32f0xx_hal_spi_ex.c.obj
LOAD CMakeFiles/f030_cpp_demo.elf.dir/libmcu/F0/STM32F0xx_HAL_Driver/Src/stm32f0xx_hal_tim.c.obj
LOAD CMakeFiles/f030_cpp_demo.elf.dir/libmcu/F0/STM32F0xx_HAL_Driver/Src/stm32f0xx_hal_tim_ex.c.obj
LOAD CMakeFiles/f030_cpp_demo.elf.dir/libmcu/F0/STM32F0xx_HAL_Driver/Src/stm32f0xx_hal_tsc.c.obj
LOAD CMakeFiles/f030_cpp_demo.elf.dir/libmcu/F0/STM32F0xx_HAL_Driver/Src/stm32f0xx_hal_uart.c.obj
LOAD CMakeFiles/f030_cpp_demo.elf.dir/libmcu/F0/STM32F0xx_HAL_Driver/Src/stm32f0xx_hal_uart_ex.c.obj
LOAD CMakeFiles/f030_cpp_demo.elf.dir/libmcu/F0/STM32F0xx_HAL_Driver/Src/stm32f0xx_hal_usart.c.obj
LOAD CMakeFiles/f030_cpp_demo.elf.dir/libmcu/F0/STM32F0xx_HAL_Driver/Src/stm32f0xx_hal_wwdg.c.obj
LOAD CMakeFiles/f030_cpp_demo.elf.dir/libmcu/F0/hal_cpp/font.cpp.obj
LOAD CMakeFiles/f030_cpp_demo.elf.dir/libmcu/F0/hal_cpp/ssd1306.cpp.obj
LOAD CMakeFiles/f030_cpp_demo.elf.dir/projects/f030_cpp_demo/mian.cpp.obj
LOAD CMakeFiles/f030_cpp_demo.elf.dir/projects/f030_cpp_demo/startup_stm32f030x6.s.obj
LOAD CMakeFiles/f030_cpp_demo.elf.dir/projects/f030_cpp_demo/stm32f0xx_it.cpp.obj
LOAD CMakeFiles/f030_cpp_demo.elf.dir/projects/f030_cpp_demo/system_stm32f0xx.c.obj
LOAD c:/opt/gnutoo~1/72018-~1/bin/../lib/gcc/arm-none-eabi/7.3.1/../../../../arm-none-eabi/lib/thumb/v6-m\libstdc++_nano.a
LOAD c:/opt/gnutoo~1/72018-~1/bin/../lib/gcc/arm-none-eabi/7.3.1/../../../../arm-none-eabi/lib/thumb/v6-m\libm.a
START GROUP
LOAD c:/opt/gnutoo~1/72018-~1/bin/../lib/gcc/arm-none-eabi/7.3.1/thumb/v6-m\libgcc.a
LOAD c:/opt/gnutoo~1/72018-~1/bin/../lib/gcc/arm-none-eabi/7.3.1/../../../../arm-none-eabi/lib/thumb/v6-m\libg_nano.a
LOAD c:/opt/gnutoo~1/72018-~1/bin/../lib/gcc/arm-none-eabi/7.3.1/../../../../arm-none-eabi/lib/thumb/v6-m\libc_nano.a
END GROUP
START GROUP
LOAD c:/opt/gnutoo~1/72018-~1/bin/../lib/gcc/arm-none-eabi/7.3.1/thumb/v6-m\libgcc.a
LOAD c:/opt/gnutoo~1/72018-~1/bin/../lib/gcc/arm-none-eabi/7.3.1/../../../../arm-none-eabi/lib/thumb/v6-m\libc_nano.a
LOAD c:/opt/gnutoo~1/72018-~1/bin/../lib/gcc/arm-none-eabi/7.3.1/../../../../arm-none-eabi/lib/thumb/v6-m\libnosys.a
END GROUP
START GROUP
LOAD c:/opt/gnutoo~1/72018-~1/bin/../lib/gcc/arm-none-eabi/7.3.1/thumb/v6-m\libgcc.a
LOAD c:/opt/gnutoo~1/72018-~1/bin/../lib/gcc/arm-none-eabi/7.3.1/../../../../arm-none-eabi/lib/thumb/v6-m\libc_nano.a
LOAD c:/opt/gnutoo~1/72018-~1/bin/../lib/gcc/arm-none-eabi/7.3.1/../../../../arm-none-eabi/lib/thumb/v6-m\libnosys.a
END GROUP
LOAD c:/opt/gnutoo~1/72018-~1/bin/../lib/gcc/arm-none-eabi/7.3.1/thumb/v6-m/crtend.o
LOAD c:/opt/gnutoo~1/72018-~1/bin/../lib/gcc/arm-none-eabi/7.3.1/thumb/v6-m/crtn.o
                0x20001000                _estack = 0x20001000
                0x00000200                _Min_Heap_Size = 0x200
                0x00000400                _Min_Stack_Size = 0x400

.isr_vector     0x08000000       0xc0
                0x08000000                . = ALIGN (0x4)
 *(.isr_vector)
 .isr_vector    0x08000000       0xc0 CMakeFiles/f030_cpp_demo.elf.dir/projects/f030_cpp_demo/startup_stm32f030x6.s.obj
                0x08000000                g_pfnVectors
                0x080000c0                . = ALIGN (0x4)

.text           0x080000c0     0x4308
                0x080000c0                . = ALIGN (0x4)
 *(.text)
 .text          0x080000c0       0x48 c:/opt/gnutoo~1/72018-~1/bin/../lib/gcc/arm-none-eabi/7.3.1/thumb/v6-m/crtbegin.o
 .text          0x08000108       0x14 c:/opt/gnutoo~1/72018-~1/bin/../lib/gcc/arm-none-eabi/7.3.1/thumb/v6-m\libgcc.a(_thumb1_case_uqi.o)
                0x08000108                __gnu_thumb1_case_uqi
 .text          0x0800011c       0x14 c:/opt/gnutoo~1/72018-~1/bin/../lib/gcc/arm-none-eabi/7.3.1/thumb/v6-m\libgcc.a(_thumb1_case_shi.o)
                0x0800011c                __gnu_thumb1_case_shi
 .text          0x08000130      0x114 c:/opt/gnutoo~1/72018-~1/bin/../lib/gcc/arm-none-eabi/7.3.1/thumb/v6-m\libgcc.a(_udivsi3.o)
                0x08000130                __aeabi_uidiv
                0x08000130                __udivsi3
                0x0800023c                __aeabi_uidivmod
 .text          0x08000244        0x4 c:/opt/gnutoo~1/72018-~1/bin/../lib/gcc/arm-none-eabi/7.3.1/thumb/v6-m\libgcc.a(_dvmd_tls.o)
                0x08000244                __aeabi_idiv0
                0x08000244                __aeabi_ldiv0
 .text          0x08000248      0xa08 c:/opt/gnutoo~1/72018-~1/bin/../lib/gcc/arm-none-eabi/7.3.1/thumb/v6-m\libgcc.a(unwind-arm.o)
                0x08000504                _Unwind_GetCFA
                0x08000508                __gnu_Unwind_RaiseException
                0x0800055c                __gnu_Unwind_ForcedUnwind
                0x08000570                __gnu_Unwind_Resume
                0x080005b8                __gnu_Unwind_Resume_or_Rethrow
                0x080005d4                _Unwind_Complete
                0x080005d8                _Unwind_DeleteException
                0x080005e8                _Unwind_VRS_Get
                0x08000630                _Unwind_VRS_Set
                0x08000678                __gnu_Unwind_Backtrace
                0x080009c8                __aeabi_unwind_cpp_pr0
                0x080009d4                __aeabi_unwind_cpp_pr1
                0x080009e0                __aeabi_unwind_cpp_pr2
                0x080009ec                _Unwind_VRS_Pop
 .text          0x08000c50      0x144 c:/opt/gnutoo~1/72018-~1/bin/../lib/gcc/arm-none-eabi/7.3.1/thumb/v6-m\libgcc.a(libunwind.o)
                0x08000c50                __restore_core_regs
                0x08000c50                restore_core_regs
                0x08000c7c                __gnu_Unwind_Restore_VFP
                0x08000c80                __gnu_Unwind_Save_VFP
                0x08000c84                __gnu_Unwind_Restore_VFP_D
                0x08000c88                __gnu_Unwind_Save_VFP_D
                0x08000c8c                __gnu_Unwind_Restore_VFP_D_16_to_31
                0x08000c90                __gnu_Unwind_Save_VFP_D_16_to_31
                0x08000c94                __gnu_Unwind_Restore_WMMXD
                0x08000c98                __gnu_Unwind_Save_WMMXD
                0x08000c9c                __gnu_Unwind_Restore_WMMXC
                0x08000ca0                __gnu_Unwind_Save_WMMXC
                0x08000ca4                ___Unwind_RaiseException
                0x08000ca4                _Unwind_RaiseException
                0x08000cd4                _Unwind_Resume
                0x08000cd4                ___Unwind_Resume
                0x08000d04                _Unwind_Resume_or_Rethrow
                0x08000d04                ___Unwind_Resume_or_Rethrow
                0x08000d34                _Unwind_ForcedUnwind
                0x08000d34                ___Unwind_ForcedUnwind
                0x08000d64                ___Unwind_Backtrace
                0x08000d64                _Unwind_Backtrace
 .text          0x08000d94      0x39c c:/opt/gnutoo~1/72018-~1/bin/../lib/gcc/arm-none-eabi/7.3.1/thumb/v6-m\libgcc.a(pr-support.o)
                0x08000de8                __gnu_unwind_execute
                0x080010d8                __gnu_unwind_frame
                0x08001100                _Unwind_GetRegionStart
                0x0800110c                _Unwind_GetLanguageSpecificData
                0x08001120                _Unwind_GetDataRelBase
                0x08001128                _Unwind_GetTextRelBase
 .text          0x08001130       0x14 c:/opt/gnutoo~1/72018-~1/bin/../lib/gcc/arm-none-eabi/7.3.1/../../../../arm-none-eabi/lib/thumb/v6-m\libg_nano.a(lib_a-strcmp.o)
                0x08001130                strcmp
 *(.text*)
 .text.HAL_Init
                0x08001144       0x28 CMakeFiles/f030_cpp_demo.elf.dir/libmcu/F0/STM32F0xx_HAL_Driver/Src/stm32f0xx_hal.c.obj
                0x08001144                HAL_Init
 .text.HAL_MspInit
                0x0800116c        0xa CMakeFiles/f030_cpp_demo.elf.dir/libmcu/F0/STM32F0xx_HAL_Driver/Src/stm32f0xx_hal.c.obj
                0x0800116c                HAL_MspInit
 .text.HAL_InitTick
                0x08001176       0x38 CMakeFiles/f030_cpp_demo.elf.dir/libmcu/F0/STM32F0xx_HAL_Driver/Src/stm32f0xx_hal.c.obj
                0x08001176                HAL_InitTick
 *fill*         0x080011ae        0x2 
 .text.HAL_IncTick
                0x080011b0       0x18 CMakeFiles/f030_cpp_demo.elf.dir/libmcu/F0/STM32F0xx_HAL_Driver/Src/stm32f0xx_hal.c.obj
                0x080011b0                HAL_IncTick
 .text.HAL_GetTick
                0x080011c8       0x14 CMakeFiles/f030_cpp_demo.elf.dir/libmcu/F0/STM32F0xx_HAL_Driver/Src/stm32f0xx_hal.c.obj
                0x080011c8                HAL_GetTick
 .text.HAL_Delay
                0x080011dc       0x3a CMakeFiles/f030_cpp_demo.elf.dir/libmcu/F0/STM32F0xx_HAL_Driver/Src/stm32f0xx_hal.c.obj
                0x080011dc                HAL_Delay
 *fill*         0x08001216        0x2 
 .text.NVIC_SetPriority
                0x08001218       0xdc CMakeFiles/f030_cpp_demo.elf.dir/libmcu/F0/STM32F0xx_HAL_Driver/Src/stm32f0xx_hal_cortex.c.obj
 .text.SysTick_Config
                0x080012f4       0x48 CMakeFiles/f030_cpp_demo.elf.dir/libmcu/F0/STM32F0xx_HAL_Driver/Src/stm32f0xx_hal_cortex.c.obj
 .text.HAL_NVIC_SetPriority
                0x0800133c       0x2a CMakeFiles/f030_cpp_demo.elf.dir/libmcu/F0/STM32F0xx_HAL_Driver/Src/stm32f0xx_hal_cortex.c.obj
                0x0800133c                HAL_NVIC_SetPriority
 .text.HAL_SYSTICK_Config
                0x08001366       0x1a CMakeFiles/f030_cpp_demo.elf.dir/libmcu/F0/STM32F0xx_HAL_Driver/Src/stm32f0xx_hal_cortex.c.obj
                0x08001366                HAL_SYSTICK_Config
 .text.HAL_SYSTICK_CLKSourceConfig
                0x08001380       0x34 CMakeFiles/f030_cpp_demo.elf.dir/libmcu/F0/STM32F0xx_HAL_Driver/Src/stm32f0xx_hal_cortex.c.obj
                0x08001380                HAL_SYSTICK_CLKSourceConfig
 .text.HAL_SYSTICK_IRQHandler
                0x080013b4        0xe CMakeFiles/f030_cpp_demo.elf.dir/libmcu/F0/STM32F0xx_HAL_Driver/Src/stm32f0xx_hal_cortex.c.obj
                0x080013b4                HAL_SYSTICK_IRQHandler
 .text.HAL_SYSTICK_Callback
                0x080013c2        0xa CMakeFiles/f030_cpp_demo.elf.dir/libmcu/F0/STM32F0xx_HAL_Driver/Src/stm32f0xx_hal_cortex.c.obj
                0x080013c2                HAL_SYSTICK_Callback
 .text.HAL_GPIO_Init
                0x080013cc      0x2e8 CMakeFiles/f030_cpp_demo.elf.dir/libmcu/F0/STM32F0xx_HAL_Driver/Src/stm32f0xx_hal_gpio.c.obj
                0x080013cc                HAL_GPIO_Init
 .text.HAL_GPIO_DeInit
                0x080016b4      0x1a4 CMakeFiles/f030_cpp_demo.elf.dir/libmcu/F0/STM32F0xx_HAL_Driver/Src/stm32f0xx_hal_gpio.c.obj
                0x080016b4                HAL_GPIO_DeInit
 .text.HAL_RCC_OscConfig
                0x08001858      0x5e8 CMakeFiles/f030_cpp_demo.elf.dir/libmcu/F0/STM32F0xx_HAL_Driver/Src/stm32f0xx_hal_rcc.c.obj
                0x08001858                HAL_RCC_OscConfig
 .text.HAL_RCC_ClockConfig
                0x08001e40      0x1d0 CMakeFiles/f030_cpp_demo.elf.dir/libmcu/F0/STM32F0xx_HAL_Driver/Src/stm32f0xx_hal_rcc.c.obj
                0x08001e40                HAL_RCC_ClockConfig
 .text.HAL_RCC_GetSysClockFreq
                0x08002010       0xc8 CMakeFiles/f030_cpp_demo.elf.dir/libmcu/F0/STM32F0xx_HAL_Driver/Src/stm32f0xx_hal_rcc.c.obj
                0x08002010                HAL_RCC_GetSysClockFreq
 .text.HAL_RCC_GetHCLKFreq
                0x080020d8       0x14 CMakeFiles/f030_cpp_demo.elf.dir/libmcu/F0/STM32F0xx_HAL_Driver/Src/stm32f0xx_hal_rcc.c.obj
                0x080020d8                HAL_RCC_GetHCLKFreq
 .text.HAL_RCCEx_PeriphCLKConfig
                0x080020ec      0x19c CMakeFiles/f030_cpp_demo.elf.dir/libmcu/F0/STM32F0xx_HAL_Driver/Src/stm32f0xx_hal_rcc_ex.c.obj
                0x080020ec                HAL_RCCEx_PeriphCLKConfig
 .text.HAL_SPI_Init
                0x08002288      0x160 CMakeFiles/f030_cpp_demo.elf.dir/libmcu/F0/STM32F0xx_HAL_Driver/Src/stm32f0xx_hal_spi.c.obj
                0x08002288                HAL_SPI_Init
 .text.HAL_SPI_MspInit
                0x080023e8       0x10 CMakeFiles/f030_cpp_demo.elf.dir/libmcu/F0/STM32F0xx_HAL_Driver/Src/stm32f0xx_hal_spi.c.obj
                0x080023e8                HAL_SPI_MspInit
 .text.HAL_SPI_Transmit
                0x080023f8      0x324 CMakeFiles/f030_cpp_demo.elf.dir/libmcu/F0/STM32F0xx_HAL_Driver/Src/stm32f0xx_hal_spi.c.obj
                0x080023f8                HAL_SPI_Transmit
 .text.SPI_WaitFlagStateUntilTimeout
                0x0800271c       0xdc CMakeFiles/f030_cpp_demo.elf.dir/libmcu/F0/STM32F0xx_HAL_Driver/Src/stm32f0xx_hal_spi.c.obj
 .text.SPI_WaitFifoStateUntilTimeout
                0x080027f8       0xf4 CMakeFiles/f030_cpp_demo.elf.dir/libmcu/F0/STM32F0xx_HAL_Driver/Src/stm32f0xx_hal_spi.c.obj
 .text.SPI_EndRxTxTransaction
                0x080028ec       0x8c CMakeFiles/f030_cpp_demo.elf.dir/libmcu/F0/STM32F0xx_HAL_Driver/Src/stm32f0xx_hal_spi.c.obj
 .text._ZN4Gpio4initENS_11Gpio_mode_tENS_11Gpio_pull_tENS_12Gpio_speed_tENS_18Gpio_outputlevel_tENS_9Gpio_af_tE
                0x08002978      0x1a0 CMakeFiles/f030_cpp_demo.elf.dir/libmcu/F0/hal_cpp/ssd1306.cpp.obj
                0x08002978                Gpio::init(Gpio::Gpio_mode_t, Gpio::Gpio_pull_t, Gpio::Gpio_speed_t, Gpio::Gpio_outputlevel_t, Gpio::Gpio_af_t)
 .text._ZN4Gpio3setEv
                0x08002b18       0x1a CMakeFiles/f030_cpp_demo.elf.dir/libmcu/F0/hal_cpp/ssd1306.cpp.obj
                0x08002b18                Gpio::set()
 .text._ZN4Gpio5resetEv
                0x08002b32       0x1a CMakeFiles/f030_cpp_demo.elf.dir/libmcu/F0/hal_cpp/ssd1306.cpp.obj
                0x08002b32                Gpio::reset()
 .text._ZN3Spi11init_spibusEb
                0x08002b4c       0xc4 CMakeFiles/f030_cpp_demo.elf.dir/libmcu/F0/hal_cpp/ssd1306.cpp.obj
                0x08002b4c                Spi::init_spibus(bool)
 .text._ZN3Spi5writeEPht
                0x08002c10       0x28 CMakeFiles/f030_cpp_demo.elf.dir/libmcu/F0/hal_cpp/ssd1306.cpp.obj
                0x08002c10                Spi::write(unsigned char*, unsigned short)
 .text._ZN20SpiDev_ssd1306_4wire5resetEv
                0x08002c38       0x34 CMakeFiles/f030_cpp_demo.elf.dir/libmcu/F0/hal_cpp/ssd1306.cpp.obj
                0x08002c38                SpiDev_ssd1306_4wire::reset()
 .text._ZN20SpiDev_ssd1306_4wire9write_cmdEh
                0x08002c6c       0x2e CMakeFiles/f030_cpp_demo.elf.dir/libmcu/F0/hal_cpp/ssd1306.cpp.obj
                0x08002c6c                SpiDev_ssd1306_4wire::write_cmd(unsigned char)
 .text._ZN20SpiDev_ssd1306_4wire10write_dataEPhj
                0x08002c9a       0x2e CMakeFiles/f030_cpp_demo.elf.dir/libmcu/F0/hal_cpp/ssd1306.cpp.obj
                0x08002c9a                SpiDev_ssd1306_4wire::write_data(unsigned char*, unsigned int)
 .text._ZN20SpiDev_ssd1306_4wire12init_ssd1306Eb
                0x08002cc8      0x1b0 CMakeFiles/f030_cpp_demo.elf.dir/libmcu/F0/hal_cpp/ssd1306.cpp.obj
                0x08002cc8                SpiDev_ssd1306_4wire::init_ssd1306(bool)
 .text._ZN20SpiDev_ssd1306_4wire4fillENS_7Color_tE
                0x08002e78       0x4c CMakeFiles/f030_cpp_demo.elf.dir/libmcu/F0/hal_cpp/ssd1306.cpp.obj
                0x08002e78                SpiDev_ssd1306_4wire::fill(SpiDev_ssd1306_4wire::Color_t)
 .text._ZN20SpiDev_ssd1306_4wire6updateEv
                0x08002ec4       0x6e CMakeFiles/f030_cpp_demo.elf.dir/libmcu/F0/hal_cpp/ssd1306.cpp.obj
                0x08002ec4                SpiDev_ssd1306_4wire::update()
 .text._ZN20SpiDev_ssd1306_4wire10draw_pixelEhhNS_7Color_tE
                0x08002f32       0xf8 CMakeFiles/f030_cpp_demo.elf.dir/libmcu/F0/hal_cpp/ssd1306.cpp.obj
                0x08002f32                SpiDev_ssd1306_4wire::draw_pixel(unsigned char, unsigned char, SpiDev_ssd1306_4wire::Color_t)
 *fill*         0x0800302a        0x2 
 .text._ZN20SpiDev_ssd1306_4wire11test_borderEv
                0x0800302c      0x20c CMakeFiles/f030_cpp_demo.elf.dir/libmcu/F0/hal_cpp/ssd1306.cpp.obj
                0x0800302c                SpiDev_ssd1306_4wire::test_border()
 .text._ZN4GpioC2Ech
                0x08003238       0x74 CMakeFiles/f030_cpp_demo.elf.dir/projects/f030_cpp_demo/mian.cpp.obj
                0x08003238                Gpio::Gpio(char, unsigned char)
                0x08003238                Gpio::Gpio(char, unsigned char)
 .text._ZN4GpioD2Ev
                0x080032ac       0x22 CMakeFiles/f030_cpp_demo.elf.dir/projects/f030_cpp_demo/mian.cpp.obj
                0x080032ac                Gpio::~Gpio()
                0x080032ac                Gpio::~Gpio()
 *fill*         0x080032ce        0x2 
 .text._ZN3SpiC2EP11SPI_TypeDefR4GpioS3_S3_RNS_12Spi_config_tE
                0x080032d0      0x1dc CMakeFiles/f030_cpp_demo.elf.dir/projects/f030_cpp_demo/mian.cpp.obj
                0x080032d0                Spi::Spi(SPI_TypeDef*, Gpio&, Gpio&, Gpio&, Spi::Spi_config_t&)
                0x080032d0                Spi::Spi(SPI_TypeDef*, Gpio&, Gpio&, Gpio&, Spi::Spi_config_t&)
 .text._ZN20SpiDev_ssd1306_4wireC2EP11SPI_TypeDefR4GpioS3_S3_S3_S3_RN3Spi12Spi_config_tE
                0x080034ac       0x3e CMakeFiles/f030_cpp_demo.elf.dir/projects/f030_cpp_demo/mian.cpp.obj
                0x080034ac                SpiDev_ssd1306_4wire::SpiDev_ssd1306_4wire(SPI_TypeDef*, Gpio&, Gpio&, Gpio&, Gpio&, Gpio&, Spi::Spi_config_t&)
                0x080034ac                SpiDev_ssd1306_4wire::SpiDev_ssd1306_4wire(SPI_TypeDef*, Gpio&, Gpio&, Gpio&, Gpio&, Gpio&, Spi::Spi_config_t&)
 *fill*         0x080034ea        0x2 
 .text.main     0x080034ec       0x24 CMakeFiles/f030_cpp_demo.elf.dir/projects/f030_cpp_demo/mian.cpp.obj
                0x080034ec                main
 .text._Z18SystemClock_Configv
                0x08003510       0xa4 CMakeFiles/f030_cpp_demo.elf.dir/projects/f030_cpp_demo/mian.cpp.obj
                0x08003510                SystemClock_Config()
 .text._Z41__static_initialization_and_destruction_0ii
                0x080035b4       0xe4 CMakeFiles/f030_cpp_demo.elf.dir/projects/f030_cpp_demo/mian.cpp.obj
 .text._GLOBAL__sub_I_PA3
                0x08003698       0x18 CMakeFiles/f030_cpp_demo.elf.dir/projects/f030_cpp_demo/mian.cpp.obj
 .text.Reset_Handler
                0x080036b0       0x50 CMakeFiles/f030_cpp_demo.elf.dir/projects/f030_cpp_demo/startup_stm32f030x6.s.obj
                0x080036b0                Reset_Handler
 .text.Default_Handler
                0x08003700        0x2 CMakeFiles/f030_cpp_demo.elf.dir/projects/f030_cpp_demo/startup_stm32f030x6.s.obj
                0x08003700                TIM1_CC_IRQHandler
                0x08003700                I2C1_IRQHandler
                0x08003700                SPI1_IRQHandler
                0x08003700                EXTI2_3_IRQHandler
                0x08003700                ADC1_IRQHandler
                0x08003700                TIM17_IRQHandler
                0x08003700                RTC_IRQHandler
                0x08003700                TIM16_IRQHandler
                0x08003700                TIM3_IRQHandler
                0x08003700                EXTI4_15_IRQHandler
                0x08003700                RCC_IRQHandler
                0x08003700                DMA1_Channel1_IRQHandler
                0x08003700                Default_Handler
                0x08003700                TIM14_IRQHandler
                0x08003700                DMA1_Channel4_5_IRQHandler
                0x08003700                EXTI0_1_IRQHandler
                0x08003700                WWDG_IRQHandler
                0x08003700                DMA1_Channel2_3_IRQHandler
                0x08003700                FLASH_IRQHandler
                0x08003700                USART1_IRQHandler
                0x08003700                TIM1_BRK_UP_TRG_COM_IRQHandler
 .text.NMI_Handler
                0x08003702        0xa CMakeFiles/f030_cpp_demo.elf.dir/projects/f030_cpp_demo/stm32f0xx_it.cpp.obj
                0x08003702                NMI_Handler
 .text.HardFault_Handler
                0x0800370c        0x6 CMakeFiles/f030_cpp_demo.elf.dir/projects/f030_cpp_demo/stm32f0xx_it.cpp.obj
                0x0800370c                HardFault_Handler
 .text.SVC_Handler
                0x08003712        0xa CMakeFiles/f030_cpp_demo.elf.dir/projects/f030_cpp_demo/stm32f0xx_it.cpp.obj
                0x08003712                SVC_Handler
 .text.PendSV_Handler
                0x0800371c        0xa CMakeFiles/f030_cpp_demo.elf.dir/projects/f030_cpp_demo/stm32f0xx_it.cpp.obj
                0x0800371c                PendSV_Handler
 .text.SysTick_Handler
                0x08003726       0x12 CMakeFiles/f030_cpp_demo.elf.dir/projects/f030_cpp_demo/stm32f0xx_it.cpp.obj
                0x08003726                SysTick_Handler
 .text.SystemInit
                0x08003738       0x88 CMakeFiles/f030_cpp_demo.elf.dir/projects/f030_cpp_demo/system_stm32f0xx.c.obj
                0x08003738                SystemInit
 .text._ZL12read_uleb128PKhPm
                0x080037c0       0x2c c:/opt/gnutoo~1/72018-~1/bin/../lib/gcc/arm-none-eabi/7.3.1/../../../../arm-none-eabi/lib/thumb/v6-m\libstdc++_nano.a(eh_personality.o)
 .text._ZL12read_sleb128PKhPl
                0x080037ec       0x34 c:/opt/gnutoo~1/72018-~1/bin/../lib/gcc/arm-none-eabi/7.3.1/../../../../arm-none-eabi/lib/thumb/v6-m\libstdc++_nano.a(eh_personality.o)
 .text._ZL28read_encoded_value_with_basehjPKhPj
                0x08003820       0xb2 c:/opt/gnutoo~1/72018-~1/bin/../lib/gcc/arm-none-eabi/7.3.1/../../../../arm-none-eabi/lib/thumb/v6-m\libstdc++_nano.a(eh_personality.o)
 .text._Unwind_GetGR
                0x080038d2       0x16 c:/opt/gnutoo~1/72018-~1/bin/../lib/gcc/arm-none-eabi/7.3.1/../../../../arm-none-eabi/lib/thumb/v6-m\libstdc++_nano.a(eh_personality.o)
 .text._ZL21base_of_encoded_valuehP15_Unwind_Context.part.3
                0x080038e8       0x3e c:/opt/gnutoo~1/72018-~1/bin/../lib/gcc/arm-none-eabi/7.3.1/../../../../arm-none-eabi/lib/thumb/v6-m\libstdc++_nano.a(eh_personality.o)
 .text._ZL18read_encoded_valueP15_Unwind_ContexthPKhPj
                0x08003926       0x24 c:/opt/gnutoo~1/72018-~1/bin/../lib/gcc/arm-none-eabi/7.3.1/../../../../arm-none-eabi/lib/thumb/v6-m\libstdc++_nano.a(eh_personality.o)
 .text._ZL17parse_lsda_headerP15_Unwind_ContextPKhP16lsda_header_info
                0x0800394a       0x62 c:/opt/gnutoo~1/72018-~1/bin/../lib/gcc/arm-none-eabi/7.3.1/../../../../arm-none-eabi/lib/thumb/v6-m\libstdc++_nano.a(eh_personality.o)
 .text.__gxx_personality_v0
                0x080039ac      0x370 c:/opt/gnutoo~1/72018-~1/bin/../lib/gcc/arm-none-eabi/7.3.1/../../../../arm-none-eabi/lib/thumb/v6-m\libstdc++_nano.a(eh_personality.o)
                0x080039ac                __gxx_personality_v0
 .text._ZN10__cxxabiv1L24__is_gxx_exception_classEPc
                0x08003d1c       0x3a c:/opt/gnutoo~1/72018-~1/bin/../lib/gcc/arm-none-eabi/7.3.1/../../../../arm-none-eabi/lib/thumb/v6-m\libstdc++_nano.a(eh_call.o)
 .text.__cxa_call_terminate
                0x08003d56       0x20 c:/opt/gnutoo~1/72018-~1/bin/../lib/gcc/arm-none-eabi/7.3.1/../../../../arm-none-eabi/lib/thumb/v6-m\libstdc++_nano.a(eh_call.o)
                0x08003d56                __cxa_call_terminate
 .text.__cxa_call_unexpected
                0x08003d76       0x2e c:/opt/gnutoo~1/72018-~1/bin/../lib/gcc/arm-none-eabi/7.3.1/../../../../arm-none-eabi/lib/thumb/v6-m\libstdc++_nano.a(eh_call.o)
                0x08003d76                __cxa_call_unexpected
 .text._ZN10__cxxabiv1L24__is_gxx_exception_classEPc
                0x08003da4       0x3a c:/opt/gnutoo~1/72018-~1/bin/../lib/gcc/arm-none-eabi/7.3.1/../../../../arm-none-eabi/lib/thumb/v6-m\libstdc++_nano.a(eh_catch.o)
 .text.__cxa_begin_catch
                0x08003dde       0x4e c:/opt/gnutoo~1/72018-~1/bin/../lib/gcc/arm-none-eabi/7.3.1/../../../../arm-none-eabi/lib/thumb/v6-m\libstdc++_nano.a(eh_catch.o)
                0x08003dde                __cxa_begin_catch
 .text.__cxa_get_globals
                0x08003e2c        0x8 c:/opt/gnutoo~1/72018-~1/bin/../lib/gcc/arm-none-eabi/7.3.1/../../../../arm-none-eabi/lib/thumb/v6-m\libstdc++_nano.a(eh_globals.o)
                0x08003e2c                __cxa_get_globals
 .text._ZN10__cxxabiv111__terminateEPFvvE
                0x08003e34        0x8 c:/opt/gnutoo~1/72018-~1/bin/../lib/gcc/arm-none-eabi/7.3.1/../../../../arm-none-eabi/lib/thumb/v6-m\libstdc++_nano.a(eh_terminate.o)
                0x08003e34                __cxxabiv1::__terminate(void (*)())
 .text._ZSt9terminatev
                0x08003e3c       0x10 c:/opt/gnutoo~1/72018-~1/bin/../lib/gcc/arm-none-eabi/7.3.1/../../../../arm-none-eabi/lib/thumb/v6-m\libstdc++_nano.a(eh_terminate.o)
                0x08003e3c                std::terminate()
 .text._ZN10__cxxabiv112__unexpectedEPFvvE
                0x08003e4c        0x8 c:/opt/gnutoo~1/72018-~1/bin/../lib/gcc/arm-none-eabi/7.3.1/../../../../arm-none-eabi/lib/thumb/v6-m\libstdc++_nano.a(eh_terminate.o)
                0x08003e4c                __cxxabiv1::__unexpected(void (*)())
 .text._ZSt10unexpectedv
                0x08003e54       0x10 c:/opt/gnutoo~1/72018-~1/bin/../lib/gcc/arm-none-eabi/7.3.1/../../../../arm-none-eabi/lib/thumb/v6-m\libstdc++_nano.a(eh_terminate.o)
                0x08003e54                std::unexpected()
 .text._ZN10__cxxabiv1L24__is_gxx_exception_classEPc
                0x08003e64       0x3a c:/opt/gnutoo~1/72018-~1/bin/../lib/gcc/arm-none-eabi/7.3.1/../../../../arm-none-eabi/lib/thumb/v6-m\libstdc++_nano.a(eh_arm.o)
 *fill*         0x08003e9e        0x2 
 .text.__cxa_type_match
                0x08003ea0       0xb8 c:/opt/gnutoo~1/72018-~1/bin/../lib/gcc/arm-none-eabi/7.3.1/../../../../arm-none-eabi/lib/thumb/v6-m\libstdc++_nano.a(eh_arm.o)
                0x08003ea0                __cxa_type_match
 .text.__cxa_begin_cleanup
                0x08003f58       0x36 c:/opt/gnutoo~1/72018-~1/bin/../lib/gcc/arm-none-eabi/7.3.1/../../../../arm-none-eabi/lib/thumb/v6-m\libstdc++_nano.a(eh_arm.o)
                0x08003f58                __cxa_begin_cleanup
 .text.__aeabi_atexit
                0x08003f8e        0xe c:/opt/gnutoo~1/72018-~1/bin/../lib/gcc/arm-none-eabi/7.3.1/../../../../arm-none-eabi/lib/thumb/v6-m\libstdc++_nano.a(atexit_arm.o)
                0x08003f8e                __aeabi_atexit
 .text._ZdlPvj  0x08003f9c        0x8 c:/opt/gnutoo~1/72018-~1/bin/../lib/gcc/arm-none-eabi/7.3.1/../../../../arm-none-eabi/lib/thumb/v6-m\libstdc++_nano.a(del_ops.o)
                0x08003f9c                operator delete(void*, unsigned int)
 .text._ZN10__cxxabiv120__si_class_type_infoD2Ev
                0x08003fa4       0x18 c:/opt/gnutoo~1/72018-~1/bin/../lib/gcc/arm-none-eabi/7.3.1/../../../../arm-none-eabi/lib/thumb/v6-m\libstdc++_nano.a(si_class_type_info.o)
                0x08003fa4                __cxxabiv1::__si_class_type_info::~__si_class_type_info()
                0x08003fa4                __cxxabiv1::__si_class_type_info::~__si_class_type_info()
 .text._ZN10__cxxabiv120__si_class_type_infoD0Ev
                0x08003fbc       0x14 c:/opt/gnutoo~1/72018-~1/bin/../lib/gcc/arm-none-eabi/7.3.1/../../../../arm-none-eabi/lib/thumb/v6-m\libstdc++_nano.a(si_class_type_info.o)
                0x08003fbc                __cxxabiv1::__si_class_type_info::~__si_class_type_info()
 .text._ZNK10__cxxabiv120__si_class_type_info20__do_find_public_srcEiPKvPKNS_17__class_type_infoES2_
                0x08003fd0       0x32 c:/opt/gnutoo~1/72018-~1/bin/../lib/gcc/arm-none-eabi/7.3.1/../../../../arm-none-eabi/lib/thumb/v6-m\libstdc++_nano.a(si_class_type_info.o)
                0x08003fd0                __cxxabiv1::__si_class_type_info::__do_find_public_src(int, void const*, __cxxabiv1::__class_type_info const*, void const*) const
 .text._ZNK10__cxxabiv120__si_class_type_info12__do_dyncastEiNS_17__class_type_info10__sub_kindEPKS1_PKvS4_S6_RNS1_16__dyncast_resultE
                0x08004002       0x80 c:/opt/gnutoo~1/72018-~1/bin/../lib/gcc/arm-none-eabi/7.3.1/../../../../arm-none-eabi/lib/thumb/v6-m\libstdc++_nano.a(si_class_type_info.o)
                0x08004002                __cxxabiv1::__si_class_type_info::__do_dyncast(int, __cxxabiv1::__class_type_info::__sub_kind, __cxxabiv1::__class_type_info const*, void const*, __cxxabiv1::__class_type_info const*, void const*, __cxxabiv1::__class_type_info::__dyncast_result&) const
 .text._ZNK10__cxxabiv120__si_class_type_info11__do_upcastEPKNS_17__class_type_infoEPKvRNS1_15__upcast_resultE
                0x08004082       0x22 c:/opt/gnutoo~1/72018-~1/bin/../lib/gcc/arm-none-eabi/7.3.1/../../../../arm-none-eabi/lib/thumb/v6-m\libstdc++_nano.a(si_class_type_info.o)
                0x08004082                __cxxabiv1::__si_class_type_info::__do_upcast(__cxxabiv1::__class_type_info const*, void const*, __cxxabiv1::__class_type_info::__upcast_result&) const
 .text._ZNSt9type_infoD2Ev
                0x080040a4        0x2 c:/opt/gnutoo~1/72018-~1/bin/../lib/gcc/arm-none-eabi/7.3.1/../../../../arm-none-eabi/lib/thumb/v6-m\libstdc++_nano.a(tinfo.o)
                0x080040a4                std::type_info::~type_info()
                0x080040a4                std::type_info::~type_info()
 .text._ZNKSt9type_info14__is_pointer_pEv
                0x080040a6        0x4 c:/opt/gnutoo~1/72018-~1/bin/../lib/gcc/arm-none-eabi/7.3.1/../../../../arm-none-eabi/lib/thumb/v6-m\libstdc++_nano.a(tinfo.o)
                0x080040a6                std::type_info::__is_pointer_p() const
                0x080040a6                std::type_info::__is_function_p() const
 .text._ZNKSt9type_infoeqERKS_
                0x080040aa       0x2c c:/opt/gnutoo~1/72018-~1/bin/../lib/gcc/arm-none-eabi/7.3.1/../../../../arm-none-eabi/lib/thumb/v6-m\libstdc++_nano.a(tinfo.o)
                0x080040aa                std::type_info::operator==(std::type_info const&) const
 .text._ZNK10__cxxabiv117__class_type_info11__do_upcastEPKS0_PPv
                0x080040d6       0x34 c:/opt/gnutoo~1/72018-~1/bin/../lib/gcc/arm-none-eabi/7.3.1/../../../../arm-none-eabi/lib/thumb/v6-m\libstdc++_nano.a(class_type_info.o)
                0x080040d6                __cxxabiv1::__class_type_info::__do_upcast(__cxxabiv1::__class_type_info const*, void**) const
 .text._ZNK10__cxxabiv117__class_type_info20__do_find_public_srcEiPKvPKS0_S2_
                0x0800410a        0xc c:/opt/gnutoo~1/72018-~1/bin/../lib/gcc/arm-none-eabi/7.3.1/../../../../arm-none-eabi/lib/thumb/v6-m\libstdc++_nano.a(class_type_info.o)
                0x0800410a                __cxxabiv1::__class_type_info::__do_find_public_src(int, void const*, __cxxabiv1::__class_type_info const*, void const*) const
 *fill*         0x08004116        0x2 
 .text._ZN10__cxxabiv117__class_type_infoD2Ev
                0x08004118       0x18 c:/opt/gnutoo~1/72018-~1/bin/../lib/gcc/arm-none-eabi/7.3.1/../../../../arm-none-eabi/lib/thumb/v6-m\libstdc++_nano.a(class_type_info.o)
                0x08004118                __cxxabiv1::__class_type_info::~__class_type_info()
                0x08004118                __cxxabiv1::__class_type_info::~__class_type_info()
 .text._ZN10__cxxabiv117__class_type_infoD0Ev
                0x08004130       0x14 c:/opt/gnutoo~1/72018-~1/bin/../lib/gcc/arm-none-eabi/7.3.1/../../../../arm-none-eabi/lib/thumb/v6-m\libstdc++_nano.a(class_type_info.o)
                0x08004130                __cxxabiv1::__class_type_info::~__class_type_info()
 .text._ZNK10__cxxabiv117__class_type_info12__do_dyncastEiNS0_10__sub_kindEPKS0_PKvS3_S5_RNS0_16__dyncast_resultE
                0x08004144       0x3a c:/opt/gnutoo~1/72018-~1/bin/../lib/gcc/arm-none-eabi/7.3.1/../../../../arm-none-eabi/lib/thumb/v6-m\libstdc++_nano.a(class_type_info.o)
                0x08004144                __cxxabiv1::__class_type_info::__do_dyncast(int, __cxxabiv1::__class_type_info::__sub_kind, __cxxabiv1::__class_type_info const*, void const*, __cxxabiv1::__class_type_info const*, void const*, __cxxabiv1::__class_type_info::__dyncast_result&) const
 .text._ZNK10__cxxabiv117__class_type_info11__do_upcastEPKS0_PKvRNS0_15__upcast_resultE
                0x0800417e       0x1a c:/opt/gnutoo~1/72018-~1/bin/../lib/gcc/arm-none-eabi/7.3.1/../../../../arm-none-eabi/lib/thumb/v6-m\libstdc++_nano.a(class_type_info.o)
                0x0800417e                __cxxabiv1::__class_type_info::__do_upcast(__cxxabiv1::__class_type_info const*, void const*, __cxxabiv1::__class_type_info::__upcast_result&) const
 .text._ZNK10__cxxabiv117__class_type_info10__do_catchEPKSt9type_infoPPvj
                0x08004198       0x24 c:/opt/gnutoo~1/72018-~1/bin/../lib/gcc/arm-none-eabi/7.3.1/../../../../arm-none-eabi/lib/thumb/v6-m\libstdc++_nano.a(class_type_info.o)
                0x08004198                __cxxabiv1::__class_type_info::__do_catch(std::type_info const*, void**, unsigned int) const
 .text._ZdlPv   0x080041bc        0x8 c:/opt/gnutoo~1/72018-~1/bin/../lib/gcc/arm-none-eabi/7.3.1/../../../../arm-none-eabi/lib/thumb/v6-m\libstdc++_nano.a(del_op.o)
                0x080041bc                operator delete(void*)
 .text.abort    0x080041c4        0xe c:/opt/gnutoo~1/72018-~1/bin/../lib/gcc/arm-none-eabi/7.3.1/../../../../arm-none-eabi/lib/thumb/v6-m\libg_nano.a(lib_a-abort.o)
                0x080041c4                abort
 *fill*         0x080041d2        0x2 
 .text.__cxa_atexit
                0x080041d4       0x1c c:/opt/gnutoo~1/72018-~1/bin/../lib/gcc/arm-none-eabi/7.3.1/../../../../arm-none-eabi/lib/thumb/v6-m\libg_nano.a(lib_a-cxa_atexit.o)
                0x080041d4                __cxa_atexit
 .text.__libc_init_array
                0x080041f0       0x48 c:/opt/gnutoo~1/72018-~1/bin/../lib/gcc/arm-none-eabi/7.3.1/../../../../arm-none-eabi/lib/thumb/v6-m\libg_nano.a(lib_a-init.o)
                0x080041f0                __libc_init_array
 .text.free     0x08004238       0x14 c:/opt/gnutoo~1/72018-~1/bin/../lib/gcc/arm-none-eabi/7.3.1/../../../../arm-none-eabi/lib/thumb/v6-m\libg_nano.a(lib_a-malloc.o)
                0x08004238                free
 .text.memcpy   0x0800424c       0x12 c:/opt/gnutoo~1/72018-~1/bin/../lib/gcc/arm-none-eabi/7.3.1/../../../../arm-none-eabi/lib/thumb/v6-m\libg_nano.a(lib_a-memcpy-stub.o)
                0x0800424c                memcpy
 *fill*         0x0800425e        0x2 
 .text._free_r  0x08004260       0x94 c:/opt/gnutoo~1/72018-~1/bin/../lib/gcc/arm-none-eabi/7.3.1/../../../../arm-none-eabi/lib/thumb/v6-m\libg_nano.a(lib_a-nano-freer.o)
                0x08004260                _free_r
 .text._raise_r
                0x080042f4       0x54 c:/opt/gnutoo~1/72018-~1/bin/../lib/gcc/arm-none-eabi/7.3.1/../../../../arm-none-eabi/lib/thumb/v6-m\libg_nano.a(lib_a-signal.o)
                0x080042f4                _raise_r
 .text.raise    0x08004348       0x14 c:/opt/gnutoo~1/72018-~1/bin/../lib/gcc/arm-none-eabi/7.3.1/../../../../arm-none-eabi/lib/thumb/v6-m\libg_nano.a(lib_a-signal.o)
                0x08004348                raise
 .text._kill_r  0x0800435c       0x24 c:/opt/gnutoo~1/72018-~1/bin/../lib/gcc/arm-none-eabi/7.3.1/../../../../arm-none-eabi/lib/thumb/v6-m\libg_nano.a(lib_a-signalr.o)
                0x0800435c                _kill_r
 .text._getpid_r
                0x08004380        0x8 c:/opt/gnutoo~1/72018-~1/bin/../lib/gcc/arm-none-eabi/7.3.1/../../../../arm-none-eabi/lib/thumb/v6-m\libg_nano.a(lib_a-signalr.o)
                0x08004380                _getpid_r
 .text.__malloc_lock
                0x08004388        0x2 c:/opt/gnutoo~1/72018-~1/bin/../lib/gcc/arm-none-eabi/7.3.1/../../../../arm-none-eabi/lib/thumb/v6-m\libg_nano.a(lib_a-mlock.o)
                0x08004388                __malloc_lock
 .text.__malloc_unlock
                0x0800438a        0x2 c:/opt/gnutoo~1/72018-~1/bin/../lib/gcc/arm-none-eabi/7.3.1/../../../../arm-none-eabi/lib/thumb/v6-m\libg_nano.a(lib_a-mlock.o)
                0x0800438a                __malloc_unlock
 .text._getpid  0x0800438c       0x10 c:/opt/gnutoo~1/72018-~1/bin/../lib/gcc/arm-none-eabi/7.3.1/../../../../arm-none-eabi/lib/thumb/v6-m\libnosys.a(getpid.o)
                0x0800438c                _getpid
 .text._kill    0x0800439c       0x10 c:/opt/gnutoo~1/72018-~1/bin/../lib/gcc/arm-none-eabi/7.3.1/../../../../arm-none-eabi/lib/thumb/v6-m\libnosys.a(kill.o)
                0x0800439c                _kill
 .text._exit    0x080043ac        0x4 c:/opt/gnutoo~1/72018-~1/bin/../lib/gcc/arm-none-eabi/7.3.1/../../../../arm-none-eabi/lib/thumb/v6-m\libnosys.a(_exit.o)
                0x080043ac                _exit
 *(.glue_7)
 .glue_7        0x080043b0        0x0 linker stubs
 *(.glue_7t)
 .glue_7t       0x080043b0        0x0 linker stubs
 *(.eh_frame)
 .eh_frame      0x080043b0        0x0 c:/opt/gnutoo~1/72018-~1/bin/../lib/gcc/arm-none-eabi/7.3.1/thumb/v6-m/crtbegin.o
 *(.init)
 .init          0x080043b0        0x4 c:/opt/gnutoo~1/72018-~1/bin/../lib/gcc/arm-none-eabi/7.3.1/thumb/v6-m/crti.o
                0x080043b0                _init
 .init          0x080043b4        0x8 c:/opt/gnutoo~1/72018-~1/bin/../lib/gcc/arm-none-eabi/7.3.1/thumb/v6-m/crtn.o
 *(.fini)
 .fini          0x080043bc        0x4 c:/opt/gnutoo~1/72018-~1/bin/../lib/gcc/arm-none-eabi/7.3.1/thumb/v6-m/crti.o
                0x080043bc                _fini
 .fini          0x080043c0        0x8 c:/opt/gnutoo~1/72018-~1/bin/../lib/gcc/arm-none-eabi/7.3.1/thumb/v6-m/crtn.o
                0x080043c8                . = ALIGN (0x4)
                0x080043c8                _etext = .

.vfp11_veneer   0x080043c8        0x0
 .vfp11_veneer  0x080043c8        0x0 linker stubs

.v4_bx          0x080043c8        0x0
 .v4_bx         0x080043c8        0x0 linker stubs

.iplt           0x080043c8        0x0
 .iplt          0x080043c8        0x0 c:/opt/gnutoo~1/72018-~1/bin/../lib/gcc/arm-none-eabi/7.3.1/thumb/v6-m/crtbegin.o

.rodata         0x080043c8      0x1ac
                0x080043c8                . = ALIGN (0x4)
 *(.rodata)
 .rodata        0x080043c8       0x20 CMakeFiles/f030_cpp_demo.elf.dir/libmcu/F0/STM32F0xx_HAL_Driver/Src/stm32f0xx_hal_rcc.c.obj
 *(.rodata*)
 .rodata._ZN3SpiC2EP11SPI_TypeDefR4GpioS3_S3_RNS_12Spi_config_tE
                0x080043e8       0x54 CMakeFiles/f030_cpp_demo.elf.dir/projects/f030_cpp_demo/mian.cpp.obj
 .rodata.AHBPrescTable
                0x0800443c       0x10 CMakeFiles/f030_cpp_demo.elf.dir/projects/f030_cpp_demo/system_stm32f0xx.c.obj
                0x0800443c                AHBPrescTable
 .rodata._ZTIN10__cxxabiv115__forced_unwindE
                0x0800444c        0x8 c:/opt/gnutoo~1/72018-~1/bin/../lib/gcc/arm-none-eabi/7.3.1/../../../../arm-none-eabi/lib/thumb/v6-m\libstdc++_nano.a(eh_exception.o)
                0x0800444c                typeinfo for __cxxabiv1::__forced_unwind
 .rodata._ZTIN10__cxxabiv119__foreign_exceptionE
                0x08004454        0x8 c:/opt/gnutoo~1/72018-~1/bin/../lib/gcc/arm-none-eabi/7.3.1/../../../../arm-none-eabi/lib/thumb/v6-m\libstdc++_nano.a(eh_exception.o)
                0x08004454                typeinfo for __cxxabiv1::__foreign_exception
 .rodata._ZTSN10__cxxabiv115__forced_unwindE
                0x0800445c       0x20 c:/opt/gnutoo~1/72018-~1/bin/../lib/gcc/arm-none-eabi/7.3.1/../../../../arm-none-eabi/lib/thumb/v6-m\libstdc++_nano.a(eh_exception.o)
                0x0800445c                typeinfo name for __cxxabiv1::__forced_unwind
 .rodata._ZTSN10__cxxabiv119__foreign_exceptionE
                0x0800447c       0x24 c:/opt/gnutoo~1/72018-~1/bin/../lib/gcc/arm-none-eabi/7.3.1/../../../../arm-none-eabi/lib/thumb/v6-m\libstdc++_nano.a(eh_exception.o)
                0x0800447c                typeinfo name for __cxxabiv1::__foreign_exception
 .rodata._ZTIN10__cxxabiv120__si_class_type_infoE
                0x080044a0        0xc c:/opt/gnutoo~1/72018-~1/bin/../lib/gcc/arm-none-eabi/7.3.1/../../../../arm-none-eabi/lib/thumb/v6-m\libstdc++_nano.a(si_class_type_info.o)
                0x080044a0                typeinfo for __cxxabiv1::__si_class_type_info
 .rodata._ZTSN10__cxxabiv120__si_class_type_infoE
                0x080044ac       0x25 c:/opt/gnutoo~1/72018-~1/bin/../lib/gcc/arm-none-eabi/7.3.1/../../../../arm-none-eabi/lib/thumb/v6-m\libstdc++_nano.a(si_class_type_info.o)
                0x080044ac                typeinfo name for __cxxabiv1::__si_class_type_info
 *fill*         0x080044d1        0x3 
 .rodata._ZTVN10__cxxabiv120__si_class_type_infoE
                0x080044d4       0x2c c:/opt/gnutoo~1/72018-~1/bin/../lib/gcc/arm-none-eabi/7.3.1/../../../../arm-none-eabi/lib/thumb/v6-m\libstdc++_nano.a(si_class_type_info.o)
                0x080044d4                vtable for __cxxabiv1::__si_class_type_info
 .rodata._ZTISt9type_info
                0x08004500        0x8 c:/opt/gnutoo~1/72018-~1/bin/../lib/gcc/arm-none-eabi/7.3.1/../../../../arm-none-eabi/lib/thumb/v6-m\libstdc++_nano.a(tinfo.o)
                0x08004500                typeinfo for std::type_info
 .rodata._ZTSSt9type_info
                0x08004508        0xd c:/opt/gnutoo~1/72018-~1/bin/../lib/gcc/arm-none-eabi/7.3.1/../../../../arm-none-eabi/lib/thumb/v6-m\libstdc++_nano.a(tinfo.o)
                0x08004508                typeinfo name for std::type_info
 *fill*         0x08004515        0x3 
 .rodata._ZTIN10__cxxabiv117__class_type_infoE
                0x08004518        0xc c:/opt/gnutoo~1/72018-~1/bin/../lib/gcc/arm-none-eabi/7.3.1/../../../../arm-none-eabi/lib/thumb/v6-m\libstdc++_nano.a(class_type_info.o)
                0x08004518                typeinfo for __cxxabiv1::__class_type_info
 .rodata._ZTSN10__cxxabiv117__class_type_infoE
                0x08004524       0x22 c:/opt/gnutoo~1/72018-~1/bin/../lib/gcc/arm-none-eabi/7.3.1/../../../../arm-none-eabi/lib/thumb/v6-m\libstdc++_nano.a(class_type_info.o)
                0x08004524                typeinfo name for __cxxabiv1::__class_type_info
 *fill*         0x08004546        0x2 
 .rodata._ZTVN10__cxxabiv117__class_type_infoE
                0x08004548       0x2c c:/opt/gnutoo~1/72018-~1/bin/../lib/gcc/arm-none-eabi/7.3.1/../../../../arm-none-eabi/lib/thumb/v6-m\libstdc++_nano.a(class_type_info.o)
                0x08004548                vtable for __cxxabiv1::__class_type_info
                0x08004574                . = ALIGN (0x4)

.ARM.extab      0x08004574       0xb8
 *(.ARM.extab* .gnu.linkonce.armextab.*)
 .ARM.extab.text._ZN4Gpio4initENS_11Gpio_mode_tENS_11Gpio_pull_tENS_12Gpio_speed_tENS_18Gpio_outputlevel_tENS_9Gpio_af_tE
                0x08004574        0xc CMakeFiles/f030_cpp_demo.elf.dir/libmcu/F0/hal_cpp/ssd1306.cpp.obj
 .ARM.extab.text._ZN4Gpio3setEv
                0x08004580        0x0 CMakeFiles/f030_cpp_demo.elf.dir/libmcu/F0/hal_cpp/ssd1306.cpp.obj
 .ARM.extab.text._ZN4Gpio5resetEv
                0x08004580        0x0 CMakeFiles/f030_cpp_demo.elf.dir/libmcu/F0/hal_cpp/ssd1306.cpp.obj
 .ARM.extab.text._ZN3Spi11init_spibusEb
                0x08004580        0xc CMakeFiles/f030_cpp_demo.elf.dir/libmcu/F0/hal_cpp/ssd1306.cpp.obj
 .ARM.extab.text._ZN3Spi5writeEPht
                0x0800458c        0xc CMakeFiles/f030_cpp_demo.elf.dir/libmcu/F0/hal_cpp/ssd1306.cpp.obj
 .ARM.extab.text._ZN20SpiDev_ssd1306_4wire5resetEv
                0x08004598        0xc CMakeFiles/f030_cpp_demo.elf.dir/libmcu/F0/hal_cpp/ssd1306.cpp.obj
 .ARM.extab.text._ZN20SpiDev_ssd1306_4wire9write_cmdEh
                0x080045a4        0xc CMakeFiles/f030_cpp_demo.elf.dir/libmcu/F0/hal_cpp/ssd1306.cpp.obj
 .ARM.extab.text._ZN20SpiDev_ssd1306_4wire10write_dataEPhj
                0x080045b0        0xc CMakeFiles/f030_cpp_demo.elf.dir/libmcu/F0/hal_cpp/ssd1306.cpp.obj
 .ARM.extab.text._ZN20SpiDev_ssd1306_4wire12init_ssd1306Eb
                0x080045bc        0xc CMakeFiles/f030_cpp_demo.elf.dir/libmcu/F0/hal_cpp/ssd1306.cpp.obj
 .ARM.extab.text._ZN20SpiDev_ssd1306_4wire6updateEv
                0x080045c8        0xc CMakeFiles/f030_cpp_demo.elf.dir/libmcu/F0/hal_cpp/ssd1306.cpp.obj
 .ARM.extab.text._ZN20SpiDev_ssd1306_4wire11test_borderEv
                0x080045d4        0xc CMakeFiles/f030_cpp_demo.elf.dir/libmcu/F0/hal_cpp/ssd1306.cpp.obj
 .ARM.extab.text._ZN4GpioC2Ech
                0x080045e0        0x0 CMakeFiles/f030_cpp_demo.elf.dir/projects/f030_cpp_demo/mian.cpp.obj
 .ARM.extab.text._ZN4GpioD2Ev
                0x080045e0       0x10 CMakeFiles/f030_cpp_demo.elf.dir/projects/f030_cpp_demo/mian.cpp.obj
 .ARM.extab.text._ZN3SpiC2EP11SPI_TypeDefR4GpioS3_S3_RNS_12Spi_config_tE
                0x080045f0        0x0 CMakeFiles/f030_cpp_demo.elf.dir/projects/f030_cpp_demo/mian.cpp.obj
 .ARM.extab.text._ZN20SpiDev_ssd1306_4wireC2EP11SPI_TypeDefR4GpioS3_S3_S3_S3_RN3Spi12Spi_config_tE
                0x080045f0        0x0 CMakeFiles/f030_cpp_demo.elf.dir/projects/f030_cpp_demo/mian.cpp.obj
 .ARM.extab.text._Z18SystemClock_Configv
                0x080045f0        0xc CMakeFiles/f030_cpp_demo.elf.dir/projects/f030_cpp_demo/mian.cpp.obj
 .ARM.extab     0x080045fc       0x24 c:/opt/gnutoo~1/72018-~1/bin/../lib/gcc/arm-none-eabi/7.3.1/thumb/v6-m\libgcc.a(unwind-arm.o)
 .ARM.extab     0x08004620        0xc c:/opt/gnutoo~1/72018-~1/bin/../lib/gcc/arm-none-eabi/7.3.1/thumb/v6-m\libgcc.a(pr-support.o)

.ARM            0x0800462c      0x168
                0x0800462c                __exidx_start = .
 *(.ARM.exidx*)
 .ARM.exidx.text._ZN4Gpio4initENS_11Gpio_mode_tENS_11Gpio_pull_tENS_12Gpio_speed_tENS_18Gpio_outputlevel_tENS_9Gpio_af_tE
                0x080046f4        0x8 CMakeFiles/f030_cpp_demo.elf.dir/libmcu/F0/hal_cpp/ssd1306.cpp.obj
 .ARM.exidx.text._ZN4Gpio3setEv
                0x080046fc        0x8 CMakeFiles/f030_cpp_demo.elf.dir/libmcu/F0/hal_cpp/ssd1306.cpp.obj
 .ARM.exidx.text._ZN4Gpio5resetEv
                0x08004704        0x0 CMakeFiles/f030_cpp_demo.elf.dir/libmcu/F0/hal_cpp/ssd1306.cpp.obj
                                  0x8 (size before relaxing)
 .ARM.exidx.text._ZN3Spi11init_spibusEb
                0x08004704        0x8 CMakeFiles/f030_cpp_demo.elf.dir/libmcu/F0/hal_cpp/ssd1306.cpp.obj
 .ARM.exidx.text._ZN3Spi5writeEPht
                0x0800470c        0x8 CMakeFiles/f030_cpp_demo.elf.dir/libmcu/F0/hal_cpp/ssd1306.cpp.obj
 .ARM.exidx.text._ZN20SpiDev_ssd1306_4wire5resetEv
                0x08004714        0x8 CMakeFiles/f030_cpp_demo.elf.dir/libmcu/F0/hal_cpp/ssd1306.cpp.obj
 .ARM.exidx.text._ZN20SpiDev_ssd1306_4wire9write_cmdEh
                0x0800471c        0x8 CMakeFiles/f030_cpp_demo.elf.dir/libmcu/F0/hal_cpp/ssd1306.cpp.obj
 .ARM.exidx.text._ZN20SpiDev_ssd1306_4wire10write_dataEPhj
                0x08004724        0x8 CMakeFiles/f030_cpp_demo.elf.dir/libmcu/F0/hal_cpp/ssd1306.cpp.obj
 .ARM.exidx.text._ZN20SpiDev_ssd1306_4wire12init_ssd1306Eb
                0x0800472c        0x8 CMakeFiles/f030_cpp_demo.elf.dir/libmcu/F0/hal_cpp/ssd1306.cpp.obj
 .ARM.exidx.text._ZN20SpiDev_ssd1306_4wire4fillENS_7Color_tE
                0x08004734        0x8 CMakeFiles/f030_cpp_demo.elf.dir/libmcu/F0/hal_cpp/ssd1306.cpp.obj
 .ARM.exidx.text._ZN20SpiDev_ssd1306_4wire6updateEv
                0x0800473c        0x8 CMakeFiles/f030_cpp_demo.elf.dir/libmcu/F0/hal_cpp/ssd1306.cpp.obj
 .ARM.exidx.text._ZN20SpiDev_ssd1306_4wire10draw_pixelEhhNS_7Color_tE
                0x08004744        0x8 CMakeFiles/f030_cpp_demo.elf.dir/libmcu/F0/hal_cpp/ssd1306.cpp.obj
 .ARM.exidx.text._ZN20SpiDev_ssd1306_4wire11test_borderEv
                0x0800474c        0x8 CMakeFiles/f030_cpp_demo.elf.dir/libmcu/F0/hal_cpp/ssd1306.cpp.obj
 .ARM.exidx.text._ZN4GpioC2Ech
                0x08004754        0x8 CMakeFiles/f030_cpp_demo.elf.dir/projects/f030_cpp_demo/mian.cpp.obj
 .ARM.exidx.text._ZN4GpioD2Ev
                0x0800475c        0x8 CMakeFiles/f030_cpp_demo.elf.dir/projects/f030_cpp_demo/mian.cpp.obj
 .ARM.exidx.text._ZN3SpiC2EP11SPI_TypeDefR4GpioS3_S3_RNS_12Spi_config_tE
                0x08004764        0x8 CMakeFiles/f030_cpp_demo.elf.dir/projects/f030_cpp_demo/mian.cpp.obj
 .ARM.exidx.text._ZN20SpiDev_ssd1306_4wireC2EP11SPI_TypeDefR4GpioS3_S3_S3_S3_RN3Spi12Spi_config_tE
                0x0800476c        0x0 CMakeFiles/f030_cpp_demo.elf.dir/projects/f030_cpp_demo/mian.cpp.obj
                                  0x8 (size before relaxing)
 .ARM.exidx.text.main
                0x0800476c        0x8 CMakeFiles/f030_cpp_demo.elf.dir/projects/f030_cpp_demo/mian.cpp.obj
 .ARM.exidx.text._Z18SystemClock_Configv
                0x08004774        0x8 CMakeFiles/f030_cpp_demo.elf.dir/projects/f030_cpp_demo/mian.cpp.obj
 .ARM.exidx.text._Z41__static_initialization_and_destruction_0ii
                0x0800477c        0x8 CMakeFiles/f030_cpp_demo.elf.dir/projects/f030_cpp_demo/mian.cpp.obj
 .ARM.exidx.text._GLOBAL__sub_I_PA3
                0x08004784        0x0 CMakeFiles/f030_cpp_demo.elf.dir/projects/f030_cpp_demo/mian.cpp.obj
                                  0x8 (size before relaxing)
 .ARM.exidx.text.NMI_Handler
                0x08004784        0x0 CMakeFiles/f030_cpp_demo.elf.dir/projects/f030_cpp_demo/stm32f0xx_it.cpp.obj
                                  0x8 (size before relaxing)
 .ARM.exidx.text.HardFault_Handler
                0x08004784        0x0 CMakeFiles/f030_cpp_demo.elf.dir/projects/f030_cpp_demo/stm32f0xx_it.cpp.obj
                                  0x8 (size before relaxing)
 .ARM.exidx.text.SVC_Handler
                0x08004784        0x0 CMakeFiles/f030_cpp_demo.elf.dir/projects/f030_cpp_demo/stm32f0xx_it.cpp.obj
                                  0x8 (size before relaxing)
 .ARM.exidx.text.PendSV_Handler
                0x08004784        0x0 CMakeFiles/f030_cpp_demo.elf.dir/projects/f030_cpp_demo/stm32f0xx_it.cpp.obj
                                  0x8 (size before relaxing)
 .ARM.exidx.text.SysTick_Handler
                0x08004784       0x10 CMakeFiles/f030_cpp_demo.elf.dir/projects/f030_cpp_demo/stm32f0xx_it.cpp.obj
                                  0x8 (size before relaxing)
 .ARM.exidx     0x0800462c       0x98 c:/opt/gnutoo~1/72018-~1/bin/../lib/gcc/arm-none-eabi/7.3.1/thumb/v6-m\libgcc.a(unwind-arm.o)
                                 0xd8 (size before relaxing)
 .ARM.exidx     0x080046c4       0x30 c:/opt/gnutoo~1/72018-~1/bin/../lib/gcc/arm-none-eabi/7.3.1/thumb/v6-m\libgcc.a(pr-support.o)
                                 0x48 (size before relaxing)
                0x08004794                __exidx_end = .

.rel.dyn        0x08004794        0x0
 .rel.iplt      0x08004794        0x0 c:/opt/gnutoo~1/72018-~1/bin/../lib/gcc/arm-none-eabi/7.3.1/thumb/v6-m/crtbegin.o

.preinit_array  0x08004794        0x0
                0x08004794                PROVIDE (__preinit_array_start = .)
 *(.preinit_array*)
                0x08004794                PROVIDE (__preinit_array_end = .)

.init_array     0x08004794        0x8
                0x08004794                PROVIDE (__init_array_start = .)
 *(SORT_BY_NAME(.init_array.*))
 *(.init_array*)
 .init_array    0x08004794        0x4 c:/opt/gnutoo~1/72018-~1/bin/../lib/gcc/arm-none-eabi/7.3.1/thumb/v6-m/crtbegin.o
 .init_array    0x08004798        0x4 CMakeFiles/f030_cpp_demo.elf.dir/projects/f030_cpp_demo/mian.cpp.obj
                0x0800479c                PROVIDE (__init_array_end = .)

.fini_array     0x0800479c        0x4
                [!provide]                PROVIDE (__fini_array_start = .)
 *(SORT_BY_NAME(.fini_array.*))
 *(.fini_array*)
 .fini_array    0x0800479c        0x4 c:/opt/gnutoo~1/72018-~1/bin/../lib/gcc/arm-none-eabi/7.3.1/thumb/v6-m/crtbegin.o
                [!provide]                PROVIDE (__fini_array_end = .)
                0x080047a0                _sidata = LOADADDR (.data)

.data           0x20000000       0x80 load address 0x080047a0
                0x20000000                . = ALIGN (0x4)
                0x20000000                _sdata = .
 *(.data)
 .data          0x20000000        0x4 c:/opt/gnutoo~1/72018-~1/bin/../lib/gcc/arm-none-eabi/7.3.1/thumb/v6-m/crtbegin.o
                0x20000000                __dso_handle
 *(.data*)
 .data.oled_spi_config
                0x20000004        0xc CMakeFiles/f030_cpp_demo.elf.dir/projects/f030_cpp_demo/mian.cpp.obj
                0x20000004                oled_spi_config
 .data.SystemCoreClock
                0x20000010        0x4 CMakeFiles/f030_cpp_demo.elf.dir/projects/f030_cpp_demo/system_stm32f0xx.c.obj
                0x20000010                SystemCoreClock
 .data._ZN10__cxxabiv119__terminate_handlerE
                0x20000014        0x4 c:/opt/gnutoo~1/72018-~1/bin/../lib/gcc/arm-none-eabi/7.3.1/../../../../arm-none-eabi/lib/thumb/v6-m\libstdc++_nano.a(eh_term_handler.o)
                0x20000014                __cxxabiv1::__terminate_handler
 .data._ZN10__cxxabiv120__unexpected_handlerE
                0x20000018        0x4 c:/opt/gnutoo~1/72018-~1/bin/../lib/gcc/arm-none-eabi/7.3.1/../../../../arm-none-eabi/lib/thumb/v6-m\libstdc++_nano.a(eh_unex_handler.o)
                0x20000018                __cxxabiv1::__unexpected_handler
 .data._impure_ptr
                0x2000001c        0x4 c:/opt/gnutoo~1/72018-~1/bin/../lib/gcc/arm-none-eabi/7.3.1/../../../../arm-none-eabi/lib/thumb/v6-m\libg_nano.a(lib_a-impure.o)
                0x2000001c                _impure_ptr
 .data.impure_data
                0x20000020       0x60 c:/opt/gnutoo~1/72018-~1/bin/../lib/gcc/arm-none-eabi/7.3.1/../../../../arm-none-eabi/lib/thumb/v6-m\libg_nano.a(lib_a-impure.o)
                0x20000080                . = ALIGN (0x4)
                0x20000080                _edata = .

.igot.plt       0x20000080        0x0 load address 0x08004820
 .igot.plt      0x20000080        0x0 c:/opt/gnutoo~1/72018-~1/bin/../lib/gcc/arm-none-eabi/7.3.1/thumb/v6-m/crtbegin.o
                0x20000080                . = ALIGN (0x4)

.bss            0x20000080      0x304 load address 0x08004820
                0x20000080                _sbss = .
                0x20000080                __bss_start__ = _sbss
 *(.bss)
 .bss           0x20000080       0x1c c:/opt/gnutoo~1/72018-~1/bin/../lib/gcc/arm-none-eabi/7.3.1/thumb/v6-m/crtbegin.o
 *(.bss*)
 .bss.uwTick    0x2000009c        0x4 CMakeFiles/f030_cpp_demo.elf.dir/libmcu/F0/STM32F0xx_HAL_Driver/Src/stm32f0xx_hal.c.obj
                0x2000009c                uwTick
 .bss.PA3       0x200000a0        0xc CMakeFiles/f030_cpp_demo.elf.dir/projects/f030_cpp_demo/mian.cpp.obj
                0x200000a0                PA3
 .bss.PA4       0x200000ac        0xc CMakeFiles/f030_cpp_demo.elf.dir/projects/f030_cpp_demo/mian.cpp.obj
                0x200000ac                PA4
 .bss.PA5       0x200000b8        0xc CMakeFiles/f030_cpp_demo.elf.dir/projects/f030_cpp_demo/mian.cpp.obj
                0x200000b8                PA5
 .bss.PA6       0x200000c4        0xc CMakeFiles/f030_cpp_demo.elf.dir/projects/f030_cpp_demo/mian.cpp.obj
                0x200000c4                PA6
 .bss.PA7       0x200000d0        0xc CMakeFiles/f030_cpp_demo.elf.dir/projects/f030_cpp_demo/mian.cpp.obj
                0x200000d0                PA7
 .bss.oled      0x200000dc      0x294 CMakeFiles/f030_cpp_demo.elf.dir/projects/f030_cpp_demo/mian.cpp.obj
                0x200000dc                oled
 .bss._ZL10eh_globals
                0x20000370        0xc c:/opt/gnutoo~1/72018-~1/bin/../lib/gcc/arm-none-eabi/7.3.1/../../../../arm-none-eabi/lib/thumb/v6-m\libstdc++_nano.a(eh_globals.o)
 .bss.__malloc_free_list
                0x2000037c        0x4 c:/opt/gnutoo~1/72018-~1/bin/../lib/gcc/arm-none-eabi/7.3.1/../../../../arm-none-eabi/lib/thumb/v6-m\libg_nano.a(lib_a-nano-mallocr.o)
                0x2000037c                __malloc_free_list
 *(COMMON)
 COMMON         0x20000380        0x4 c:/opt/gnutoo~1/72018-~1/bin/../lib/gcc/arm-none-eabi/7.3.1/../../../../arm-none-eabi/lib/thumb/v6-m\libg_nano.a(lib_a-reent.o)
                0x20000380                errno
                0x20000384                . = ALIGN (0x4)
                0x20000384                _ebss = .
                0x20000384                __bss_end__ = _ebss

._user_heap_stack
                0x20000384      0x604 load address 0x08004820
                0x20000388                . = ALIGN (0x8)
 *fill*         0x20000384        0x4 
                0x20000388                PROVIDE (end = .)
                [!provide]                PROVIDE (_end = .)
                0x20000588                . = (. + _Min_Heap_Size)
 *fill*         0x20000388      0x200 
                0x20000988                . = (. + _Min_Stack_Size)
 *fill*         0x20000588      0x400 
                0x20000988                . = ALIGN (0x8)

/DISCARD/
 libc.a(*)
 libm.a(*)
 libgcc.a(*)

.ARM.attributes
                0x00000000       0x28
 *(.ARM.attributes)
 .ARM.attributes
                0x00000000       0x1e c:/opt/gnutoo~1/72018-~1/bin/../lib/gcc/arm-none-eabi/7.3.1/thumb/v6-m/crti.o
 .ARM.attributes
                0x0000001e       0x2c c:/opt/gnutoo~1/72018-~1/bin/../lib/gcc/arm-none-eabi/7.3.1/thumb/v6-m/crtbegin.o
 .ARM.attributes
                0x0000004a       0x31 CMakeFiles/f030_cpp_demo.elf.dir/libmcu/F0/STM32F0xx_HAL_Driver/Src/stm32f0xx_hal.c.obj
 .ARM.attributes
                0x0000007b       0x31 CMakeFiles/f030_cpp_demo.elf.dir/libmcu/F0/STM32F0xx_HAL_Driver/Src/stm32f0xx_hal_cortex.c.obj
 .ARM.attributes
                0x000000ac       0x31 CMakeFiles/f030_cpp_demo.elf.dir/libmcu/F0/STM32F0xx_HAL_Driver/Src/stm32f0xx_hal_gpio.c.obj
 .ARM.attributes
                0x000000dd       0x31 CMakeFiles/f030_cpp_demo.elf.dir/libmcu/F0/STM32F0xx_HAL_Driver/Src/stm32f0xx_hal_rcc.c.obj
 .ARM.attributes
                0x0000010e       0x31 CMakeFiles/f030_cpp_demo.elf.dir/libmcu/F0/STM32F0xx_HAL_Driver/Src/stm32f0xx_hal_rcc_ex.c.obj
 .ARM.attributes
                0x0000013f       0x31 CMakeFiles/f030_cpp_demo.elf.dir/libmcu/F0/STM32F0xx_HAL_Driver/Src/stm32f0xx_hal_spi.c.obj
 .ARM.attributes
                0x00000170       0x31 CMakeFiles/f030_cpp_demo.elf.dir/libmcu/F0/hal_cpp/ssd1306.cpp.obj
 .ARM.attributes
                0x000001a1       0x31 CMakeFiles/f030_cpp_demo.elf.dir/projects/f030_cpp_demo/mian.cpp.obj
 .ARM.attributes
                0x000001d2       0x21 CMakeFiles/f030_cpp_demo.elf.dir/projects/f030_cpp_demo/startup_stm32f030x6.s.obj
 .ARM.attributes
                0x000001f3       0x31 CMakeFiles/f030_cpp_demo.elf.dir/projects/f030_cpp_demo/stm32f0xx_it.cpp.obj
 .ARM.attributes
                0x00000224       0x31 CMakeFiles/f030_cpp_demo.elf.dir/projects/f030_cpp_demo/system_stm32f0xx.c.obj
 .ARM.attributes
                0x00000255       0x2c c:/opt/gnutoo~1/72018-~1/bin/../lib/gcc/arm-none-eabi/7.3.1/../../../../arm-none-eabi/lib/thumb/v6-m\libstdc++_nano.a(eh_personality.o)
 .ARM.attributes
                0x00000281       0x2c c:/opt/gnutoo~1/72018-~1/bin/../lib/gcc/arm-none-eabi/7.3.1/../../../../arm-none-eabi/lib/thumb/v6-m\libstdc++_nano.a(eh_call.o)
 .ARM.attributes
                0x000002ad       0x2c c:/opt/gnutoo~1/72018-~1/bin/../lib/gcc/arm-none-eabi/7.3.1/../../../../arm-none-eabi/lib/thumb/v6-m\libstdc++_nano.a(eh_catch.o)
 .ARM.attributes
                0x000002d9       0x2c c:/opt/gnutoo~1/72018-~1/bin/../lib/gcc/arm-none-eabi/7.3.1/../../../../arm-none-eabi/lib/thumb/v6-m\libstdc++_nano.a(eh_globals.o)
 .ARM.attributes
                0x00000305       0x2c c:/opt/gnutoo~1/72018-~1/bin/../lib/gcc/arm-none-eabi/7.3.1/../../../../arm-none-eabi/lib/thumb/v6-m\libstdc++_nano.a(eh_terminate.o)
 .ARM.attributes
                0x00000331       0x2c c:/opt/gnutoo~1/72018-~1/bin/../lib/gcc/arm-none-eabi/7.3.1/../../../../arm-none-eabi/lib/thumb/v6-m\libstdc++_nano.a(eh_arm.o)
 .ARM.attributes
                0x0000035d       0x2c c:/opt/gnutoo~1/72018-~1/bin/../lib/gcc/arm-none-eabi/7.3.1/../../../../arm-none-eabi/lib/thumb/v6-m\libstdc++_nano.a(atexit_arm.o)
 .ARM.attributes
                0x00000389       0x2c c:/opt/gnutoo~1/72018-~1/bin/../lib/gcc/arm-none-eabi/7.3.1/../../../../arm-none-eabi/lib/thumb/v6-m\libstdc++_nano.a(eh_exception.o)
 .ARM.attributes
                0x000003b5       0x2c c:/opt/gnutoo~1/72018-~1/bin/../lib/gcc/arm-none-eabi/7.3.1/../../../../arm-none-eabi/lib/thumb/v6-m\libstdc++_nano.a(eh_term_handler.o)
 .ARM.attributes
                0x000003e1       0x2c c:/opt/gnutoo~1/72018-~1/bin/../lib/gcc/arm-none-eabi/7.3.1/../../../../arm-none-eabi/lib/thumb/v6-m\libstdc++_nano.a(eh_unex_handler.o)
 .ARM.attributes
                0x0000040d       0x2c c:/opt/gnutoo~1/72018-~1/bin/../lib/gcc/arm-none-eabi/7.3.1/../../../../arm-none-eabi/lib/thumb/v6-m\libstdc++_nano.a(del_ops.o)
 .ARM.attributes
                0x00000439       0x2c c:/opt/gnutoo~1/72018-~1/bin/../lib/gcc/arm-none-eabi/7.3.1/../../../../arm-none-eabi/lib/thumb/v6-m\libstdc++_nano.a(si_class_type_info.o)
 .ARM.attributes
                0x00000465       0x2c c:/opt/gnutoo~1/72018-~1/bin/../lib/gcc/arm-none-eabi/7.3.1/../../../../arm-none-eabi/lib/thumb/v6-m\libstdc++_nano.a(tinfo.o)
 .ARM.attributes
                0x00000491       0x2c c:/opt/gnutoo~1/72018-~1/bin/../lib/gcc/arm-none-eabi/7.3.1/../../../../arm-none-eabi/lib/thumb/v6-m\libstdc++_nano.a(class_type_info.o)
 .ARM.attributes
                0x000004bd       0x2c c:/opt/gnutoo~1/72018-~1/bin/../lib/gcc/arm-none-eabi/7.3.1/../../../../arm-none-eabi/lib/thumb/v6-m\libstdc++_nano.a(del_op.o)
 .ARM.attributes
                0x000004e9       0x1e c:/opt/gnutoo~1/72018-~1/bin/../lib/gcc/arm-none-eabi/7.3.1/thumb/v6-m\libgcc.a(_thumb1_case_uqi.o)
 .ARM.attributes
                0x00000507       0x1e c:/opt/gnutoo~1/72018-~1/bin/../lib/gcc/arm-none-eabi/7.3.1/thumb/v6-m\libgcc.a(_thumb1_case_shi.o)
 .ARM.attributes
                0x00000525       0x1e c:/opt/gnutoo~1/72018-~1/bin/../lib/gcc/arm-none-eabi/7.3.1/thumb/v6-m\libgcc.a(_udivsi3.o)
 .ARM.attributes
                0x00000543       0x1e c:/opt/gnutoo~1/72018-~1/bin/../lib/gcc/arm-none-eabi/7.3.1/thumb/v6-m\libgcc.a(_dvmd_tls.o)
 .ARM.attributes
                0x00000561       0x2c c:/opt/gnutoo~1/72018-~1/bin/../lib/gcc/arm-none-eabi/7.3.1/thumb/v6-m\libgcc.a(unwind-arm.o)
 .ARM.attributes
                0x0000058d       0x1e c:/opt/gnutoo~1/72018-~1/bin/../lib/gcc/arm-none-eabi/7.3.1/thumb/v6-m\libgcc.a(libunwind.o)
 .ARM.attributes
                0x000005ab       0x2c c:/opt/gnutoo~1/72018-~1/bin/../lib/gcc/arm-none-eabi/7.3.1/thumb/v6-m\libgcc.a(pr-support.o)
 .ARM.attributes
                0x000005d7       0x2c c:/opt/gnutoo~1/72018-~1/bin/../lib/gcc/arm-none-eabi/7.3.1/../../../../arm-none-eabi/lib/thumb/v6-m\libg_nano.a(lib_a-abort.o)
 .ARM.attributes
                0x00000603       0x2c c:/opt/gnutoo~1/72018-~1/bin/../lib/gcc/arm-none-eabi/7.3.1/../../../../arm-none-eabi/lib/thumb/v6-m\libg_nano.a(lib_a-cxa_atexit.o)
 .ARM.attributes
                0x0000062f       0x2c c:/opt/gnutoo~1/72018-~1/bin/../lib/gcc/arm-none-eabi/7.3.1/../../../../arm-none-eabi/lib/thumb/v6-m\libg_nano.a(lib_a-impure.o)
 .ARM.attributes
                0x0000065b       0x2c c:/opt/gnutoo~1/72018-~1/bin/../lib/gcc/arm-none-eabi/7.3.1/../../../../arm-none-eabi/lib/thumb/v6-m\libg_nano.a(lib_a-init.o)
 .ARM.attributes
                0x00000687       0x2c c:/opt/gnutoo~1/72018-~1/bin/../lib/gcc/arm-none-eabi/7.3.1/../../../../arm-none-eabi/lib/thumb/v6-m\libg_nano.a(lib_a-malloc.o)
 .ARM.attributes
                0x000006b3       0x2c c:/opt/gnutoo~1/72018-~1/bin/../lib/gcc/arm-none-eabi/7.3.1/../../../../arm-none-eabi/lib/thumb/v6-m\libg_nano.a(lib_a-memcpy-stub.o)
 .ARM.attributes
                0x000006df       0x2c c:/opt/gnutoo~1/72018-~1/bin/../lib/gcc/arm-none-eabi/7.3.1/../../../../arm-none-eabi/lib/thumb/v6-m\libg_nano.a(lib_a-nano-freer.o)
 .ARM.attributes
                0x0000070b       0x2c c:/opt/gnutoo~1/72018-~1/bin/../lib/gcc/arm-none-eabi/7.3.1/../../../../arm-none-eabi/lib/thumb/v6-m\libg_nano.a(lib_a-nano-mallocr.o)
 .ARM.attributes
                0x00000737       0x2c c:/opt/gnutoo~1/72018-~1/bin/../lib/gcc/arm-none-eabi/7.3.1/../../../../arm-none-eabi/lib/thumb/v6-m\libg_nano.a(lib_a-signal.o)
 .ARM.attributes
                0x00000763       0x2c c:/opt/gnutoo~1/72018-~1/bin/../lib/gcc/arm-none-eabi/7.3.1/../../../../arm-none-eabi/lib/thumb/v6-m\libg_nano.a(lib_a-signalr.o)
 .ARM.attributes
                0x0000078f       0x1c c:/opt/gnutoo~1/72018-~1/bin/../lib/gcc/arm-none-eabi/7.3.1/../../../../arm-none-eabi/lib/thumb/v6-m\libg_nano.a(lib_a-strcmp.o)
 .ARM.attributes
                0x000007ab       0x2c c:/opt/gnutoo~1/72018-~1/bin/../lib/gcc/arm-none-eabi/7.3.1/../../../../arm-none-eabi/lib/thumb/v6-m\libg_nano.a(lib_a-mlock.o)
 .ARM.attributes
                0x000007d7       0x2c c:/opt/gnutoo~1/72018-~1/bin/../lib/gcc/arm-none-eabi/7.3.1/../../../../arm-none-eabi/lib/thumb/v6-m\libg_nano.a(lib_a-reent.o)
 .ARM.attributes
                0x00000803       0x2c c:/opt/gnutoo~1/72018-~1/bin/../lib/gcc/arm-none-eabi/7.3.1/../../../../arm-none-eabi/lib/thumb/v6-m\libnosys.a(getpid.o)
 .ARM.attributes
                0x0000082f       0x2c c:/opt/gnutoo~1/72018-~1/bin/../lib/gcc/arm-none-eabi/7.3.1/../../../../arm-none-eabi/lib/thumb/v6-m\libnosys.a(kill.o)
 .ARM.attributes
                0x0000085b       0x2c c:/opt/gnutoo~1/72018-~1/bin/../lib/gcc/arm-none-eabi/7.3.1/../../../../arm-none-eabi/lib/thumb/v6-m\libnosys.a(_exit.o)
 .ARM.attributes
                0x00000887       0x1e c:/opt/gnutoo~1/72018-~1/bin/../lib/gcc/arm-none-eabi/7.3.1/thumb/v6-m/crtn.o
OUTPUT(f030_cpp_demo.elf elf32-littlearm)

.debug_info     0x00000000     0xbb3e
 .debug_info    0x00000000      0xd96 CMakeFiles/f030_cpp_demo.elf.dir/libmcu/F0/STM32F0xx_HAL_Driver/Src/stm32f0xx_hal.c.obj
 .debug_info    0x00000d96      0xeed CMakeFiles/f030_cpp_demo.elf.dir/libmcu/F0/STM32F0xx_HAL_Driver/Src/stm32f0xx_hal_cortex.c.obj
 .debug_info    0x00001c83      0xe3d CMakeFiles/f030_cpp_demo.elf.dir/libmcu/F0/STM32F0xx_HAL_Driver/Src/stm32f0xx_hal_gpio.c.obj
 .debug_info    0x00002ac0      0xf83 CMakeFiles/f030_cpp_demo.elf.dir/libmcu/F0/STM32F0xx_HAL_Driver/Src/stm32f0xx_hal_rcc.c.obj
 .debug_info    0x00003a43      0xb84 CMakeFiles/f030_cpp_demo.elf.dir/libmcu/F0/STM32F0xx_HAL_Driver/Src/stm32f0xx_hal_rcc_ex.c.obj
 .debug_info    0x000045c7     0x1e9b CMakeFiles/f030_cpp_demo.elf.dir/libmcu/F0/STM32F0xx_HAL_Driver/Src/stm32f0xx_hal_spi.c.obj
 .debug_info    0x00006462     0x21f5 CMakeFiles/f030_cpp_demo.elf.dir/libmcu/F0/hal_cpp/ssd1306.cpp.obj
 .debug_info    0x00008657     0x210a CMakeFiles/f030_cpp_demo.elf.dir/projects/f030_cpp_demo/mian.cpp.obj
 .debug_info    0x0000a761       0x22 CMakeFiles/f030_cpp_demo.elf.dir/projects/f030_cpp_demo/startup_stm32f030x6.s.obj
 .debug_info    0x0000a783      0x95f CMakeFiles/f030_cpp_demo.elf.dir/projects/f030_cpp_demo/stm32f0xx_it.cpp.obj
 .debug_info    0x0000b0e2      0xa5c CMakeFiles/f030_cpp_demo.elf.dir/projects/f030_cpp_demo/system_stm32f0xx.c.obj

.debug_abbrev   0x00000000     0x1b13
 .debug_abbrev  0x00000000      0x268 CMakeFiles/f030_cpp_demo.elf.dir/libmcu/F0/STM32F0xx_HAL_Driver/Src/stm32f0xx_hal.c.obj
 .debug_abbrev  0x00000268      0x311 CMakeFiles/f030_cpp_demo.elf.dir/libmcu/F0/STM32F0xx_HAL_Driver/Src/stm32f0xx_hal_cortex.c.obj
 .debug_abbrev  0x00000579      0x24e CMakeFiles/f030_cpp_demo.elf.dir/libmcu/F0/STM32F0xx_HAL_Driver/Src/stm32f0xx_hal_gpio.c.obj
 .debug_abbrev  0x000007c7      0x283 CMakeFiles/f030_cpp_demo.elf.dir/libmcu/F0/STM32F0xx_HAL_Driver/Src/stm32f0xx_hal_rcc.c.obj
 .debug_abbrev  0x00000a4a      0x225 CMakeFiles/f030_cpp_demo.elf.dir/libmcu/F0/STM32F0xx_HAL_Driver/Src/stm32f0xx_hal_rcc_ex.c.obj
 .debug_abbrev  0x00000c6f      0x296 CMakeFiles/f030_cpp_demo.elf.dir/libmcu/F0/STM32F0xx_HAL_Driver/Src/stm32f0xx_hal_spi.c.obj
 .debug_abbrev  0x00000f05      0x427 CMakeFiles/f030_cpp_demo.elf.dir/libmcu/F0/hal_cpp/ssd1306.cpp.obj
 .debug_abbrev  0x0000132c      0x483 CMakeFiles/f030_cpp_demo.elf.dir/projects/f030_cpp_demo/mian.cpp.obj
 .debug_abbrev  0x000017af       0x12 CMakeFiles/f030_cpp_demo.elf.dir/projects/f030_cpp_demo/startup_stm32f030x6.s.obj
 .debug_abbrev  0x000017c1      0x188 CMakeFiles/f030_cpp_demo.elf.dir/projects/f030_cpp_demo/stm32f0xx_it.cpp.obj
 .debug_abbrev  0x00001949      0x1ca CMakeFiles/f030_cpp_demo.elf.dir/projects/f030_cpp_demo/system_stm32f0xx.c.obj

.debug_aranges  0x00000000      0x600
 .debug_aranges
                0x00000000       0xb8 CMakeFiles/f030_cpp_demo.elf.dir/libmcu/F0/STM32F0xx_HAL_Driver/Src/stm32f0xx_hal.c.obj
 .debug_aranges
                0x000000b8       0xc0 CMakeFiles/f030_cpp_demo.elf.dir/libmcu/F0/STM32F0xx_HAL_Driver/Src/stm32f0xx_hal_cortex.c.obj
 .debug_aranges
                0x00000178       0x58 CMakeFiles/f030_cpp_demo.elf.dir/libmcu/F0/STM32F0xx_HAL_Driver/Src/stm32f0xx_hal_gpio.c.obj
 .debug_aranges
                0x000001d0       0x80 CMakeFiles/f030_cpp_demo.elf.dir/libmcu/F0/STM32F0xx_HAL_Driver/Src/stm32f0xx_hal_rcc.c.obj
 .debug_aranges
                0x00000250       0x30 CMakeFiles/f030_cpp_demo.elf.dir/libmcu/F0/STM32F0xx_HAL_Driver/Src/stm32f0xx_hal_rcc_ex.c.obj
 .debug_aranges
                0x00000280      0x1f8 CMakeFiles/f030_cpp_demo.elf.dir/libmcu/F0/STM32F0xx_HAL_Driver/Src/stm32f0xx_hal_spi.c.obj
 .debug_aranges
                0x00000478       0x98 CMakeFiles/f030_cpp_demo.elf.dir/libmcu/F0/hal_cpp/ssd1306.cpp.obj
 .debug_aranges
                0x00000510       0x60 CMakeFiles/f030_cpp_demo.elf.dir/projects/f030_cpp_demo/mian.cpp.obj
 .debug_aranges
                0x00000570       0x28 CMakeFiles/f030_cpp_demo.elf.dir/projects/f030_cpp_demo/startup_stm32f030x6.s.obj
 .debug_aranges
                0x00000598       0x40 CMakeFiles/f030_cpp_demo.elf.dir/projects/f030_cpp_demo/stm32f0xx_it.cpp.obj
 .debug_aranges
                0x000005d8       0x28 CMakeFiles/f030_cpp_demo.elf.dir/projects/f030_cpp_demo/system_stm32f0xx.c.obj

.debug_ranges   0x00000000      0x558
 .debug_ranges  0x00000000       0xa8 CMakeFiles/f030_cpp_demo.elf.dir/libmcu/F0/STM32F0xx_HAL_Driver/Src/stm32f0xx_hal.c.obj
 .debug_ranges  0x000000a8       0xb0 CMakeFiles/f030_cpp_demo.elf.dir/libmcu/F0/STM32F0xx_HAL_Driver/Src/stm32f0xx_hal_cortex.c.obj
 .debug_ranges  0x00000158       0x48 CMakeFiles/f030_cpp_demo.elf.dir/libmcu/F0/STM32F0xx_HAL_Driver/Src/stm32f0xx_hal_gpio.c.obj
 .debug_ranges  0x000001a0       0x70 CMakeFiles/f030_cpp_demo.elf.dir/libmcu/F0/STM32F0xx_HAL_Driver/Src/stm32f0xx_hal_rcc.c.obj
 .debug_ranges  0x00000210       0x20 CMakeFiles/f030_cpp_demo.elf.dir/libmcu/F0/STM32F0xx_HAL_Driver/Src/stm32f0xx_hal_rcc_ex.c.obj
 .debug_ranges  0x00000230      0x1e8 CMakeFiles/f030_cpp_demo.elf.dir/libmcu/F0/STM32F0xx_HAL_Driver/Src/stm32f0xx_hal_spi.c.obj
 .debug_ranges  0x00000418       0x88 CMakeFiles/f030_cpp_demo.elf.dir/libmcu/F0/hal_cpp/ssd1306.cpp.obj
 .debug_ranges  0x000004a0       0x50 CMakeFiles/f030_cpp_demo.elf.dir/projects/f030_cpp_demo/mian.cpp.obj
 .debug_ranges  0x000004f0       0x20 CMakeFiles/f030_cpp_demo.elf.dir/projects/f030_cpp_demo/startup_stm32f030x6.s.obj
 .debug_ranges  0x00000510       0x30 CMakeFiles/f030_cpp_demo.elf.dir/projects/f030_cpp_demo/stm32f0xx_it.cpp.obj
 .debug_ranges  0x00000540       0x18 CMakeFiles/f030_cpp_demo.elf.dir/projects/f030_cpp_demo/system_stm32f0xx.c.obj

.debug_line     0x00000000     0x32c1
 .debug_line    0x00000000      0x42c CMakeFiles/f030_cpp_demo.elf.dir/libmcu/F0/STM32F0xx_HAL_Driver/Src/stm32f0xx_hal.c.obj
 .debug_line    0x0000042c      0x420 CMakeFiles/f030_cpp_demo.elf.dir/libmcu/F0/STM32F0xx_HAL_Driver/Src/stm32f0xx_hal_cortex.c.obj
 .debug_line    0x0000084c      0x403 CMakeFiles/f030_cpp_demo.elf.dir/libmcu/F0/STM32F0xx_HAL_Driver/Src/stm32f0xx_hal_gpio.c.obj
 .debug_line    0x00000c4f      0x4f4 CMakeFiles/f030_cpp_demo.elf.dir/libmcu/F0/STM32F0xx_HAL_Driver/Src/stm32f0xx_hal_rcc.c.obj
 .debug_line    0x00001143      0x35c CMakeFiles/f030_cpp_demo.elf.dir/libmcu/F0/STM32F0xx_HAL_Driver/Src/stm32f0xx_hal_rcc_ex.c.obj
 .debug_line    0x0000149f      0xe25 CMakeFiles/f030_cpp_demo.elf.dir/libmcu/F0/STM32F0xx_HAL_Driver/Src/stm32f0xx_hal_spi.c.obj
 .debug_line    0x000022c4      0x652 CMakeFiles/f030_cpp_demo.elf.dir/libmcu/F0/hal_cpp/ssd1306.cpp.obj
 .debug_line    0x00002916      0x52d CMakeFiles/f030_cpp_demo.elf.dir/projects/f030_cpp_demo/mian.cpp.obj
 .debug_line    0x00002e43       0xc2 CMakeFiles/f030_cpp_demo.elf.dir/projects/f030_cpp_demo/startup_stm32f030x6.s.obj
 .debug_line    0x00002f05      0x1de CMakeFiles/f030_cpp_demo.elf.dir/projects/f030_cpp_demo/stm32f0xx_it.cpp.obj
 .debug_line    0x000030e3      0x1de CMakeFiles/f030_cpp_demo.elf.dir/projects/f030_cpp_demo/system_stm32f0xx.c.obj

.debug_str      0x00000000     0x2c77
 .debug_str     0x00000000      0x957 CMakeFiles/f030_cpp_demo.elf.dir/libmcu/F0/STM32F0xx_HAL_Driver/Src/stm32f0xx_hal.c.obj
                                0xa2a (size before relaxing)
 .debug_str     0x00000957      0x23f CMakeFiles/f030_cpp_demo.elf.dir/libmcu/F0/STM32F0xx_HAL_Driver/Src/stm32f0xx_hal_cortex.c.obj
                                0xa6e (size before relaxing)
 .debug_str     0x00000b96      0x1d2 CMakeFiles/f030_cpp_demo.elf.dir/libmcu/F0/STM32F0xx_HAL_Driver/Src/stm32f0xx_hal_gpio.c.obj
                                0x8c8 (size before relaxing)
 .debug_str     0x00000d68      0x2e2 CMakeFiles/f030_cpp_demo.elf.dir/libmcu/F0/STM32F0xx_HAL_Driver/Src/stm32f0xx_hal_rcc.c.obj
                                0xa7a (size before relaxing)
 .debug_str     0x0000104a      0x140 CMakeFiles/f030_cpp_demo.elf.dir/libmcu/F0/STM32F0xx_HAL_Driver/Src/stm32f0xx_hal_rcc_ex.c.obj
                                0x82f (size before relaxing)
 .debug_str     0x0000118a      0x8eb CMakeFiles/f030_cpp_demo.elf.dir/libmcu/F0/STM32F0xx_HAL_Driver/Src/stm32f0xx_hal_spi.c.obj
                               0x103b (size before relaxing)
 .debug_str     0x00001a75      0xde4 CMakeFiles/f030_cpp_demo.elf.dir/libmcu/F0/hal_cpp/ssd1306.cpp.obj
                               0x19bb (size before relaxing)
 .debug_str     0x00002859      0x26f CMakeFiles/f030_cpp_demo.elf.dir/projects/f030_cpp_demo/mian.cpp.obj
                               0x1dc3 (size before relaxing)
 .debug_str     0x00002ac8       0x6e CMakeFiles/f030_cpp_demo.elf.dir/projects/f030_cpp_demo/startup_stm32f030x6.s.obj
                                 0xb3 (size before relaxing)
 .debug_str     0x00002b36       0xa4 CMakeFiles/f030_cpp_demo.elf.dir/projects/f030_cpp_demo/stm32f0xx_it.cpp.obj
                                0x6e1 (size before relaxing)
 .debug_str     0x00002bda       0x9d CMakeFiles/f030_cpp_demo.elf.dir/projects/f030_cpp_demo/system_stm32f0xx.c.obj
                                0x6ff (size before relaxing)

.comment        0x00000000       0x7f
 .comment       0x00000000       0x7f CMakeFiles/f030_cpp_demo.elf.dir/libmcu/F0/STM32F0xx_HAL_Driver/Src/stm32f0xx_hal.c.obj
                                 0x80 (size before relaxing)
 .comment       0x0000007f       0x80 CMakeFiles/f030_cpp_demo.elf.dir/libmcu/F0/STM32F0xx_HAL_Driver/Src/stm32f0xx_hal_cortex.c.obj
 .comment       0x0000007f       0x80 CMakeFiles/f030_cpp_demo.elf.dir/libmcu/F0/STM32F0xx_HAL_Driver/Src/stm32f0xx_hal_gpio.c.obj
 .comment       0x0000007f       0x80 CMakeFiles/f030_cpp_demo.elf.dir/libmcu/F0/STM32F0xx_HAL_Driver/Src/stm32f0xx_hal_rcc.c.obj
 .comment       0x0000007f       0x80 CMakeFiles/f030_cpp_demo.elf.dir/libmcu/F0/STM32F0xx_HAL_Driver/Src/stm32f0xx_hal_rcc_ex.c.obj
 .comment       0x0000007f       0x80 CMakeFiles/f030_cpp_demo.elf.dir/libmcu/F0/STM32F0xx_HAL_Driver/Src/stm32f0xx_hal_spi.c.obj
 .comment       0x0000007f       0x80 CMakeFiles/f030_cpp_demo.elf.dir/libmcu/F0/hal_cpp/ssd1306.cpp.obj
 .comment       0x0000007f       0x80 CMakeFiles/f030_cpp_demo.elf.dir/projects/f030_cpp_demo/mian.cpp.obj
 .comment       0x0000007f       0x80 CMakeFiles/f030_cpp_demo.elf.dir/projects/f030_cpp_demo/stm32f0xx_it.cpp.obj
 .comment       0x0000007f       0x80 CMakeFiles/f030_cpp_demo.elf.dir/projects/f030_cpp_demo/system_stm32f0xx.c.obj

.debug_frame    0x00000000     0x2170
 .debug_frame   0x00000000      0x248 CMakeFiles/f030_cpp_demo.elf.dir/libmcu/F0/STM32F0xx_HAL_Driver/Src/stm32f0xx_hal.c.obj
 .debug_frame   0x00000248      0x2a0 CMakeFiles/f030_cpp_demo.elf.dir/libmcu/F0/STM32F0xx_HAL_Driver/Src/stm32f0xx_hal_cortex.c.obj
 .debug_frame   0x000004e8      0x110 CMakeFiles/f030_cpp_demo.elf.dir/libmcu/F0/STM32F0xx_HAL_Driver/Src/stm32f0xx_hal_gpio.c.obj
 .debug_frame   0x000005f8      0x194 CMakeFiles/f030_cpp_demo.elf.dir/libmcu/F0/STM32F0xx_HAL_Driver/Src/stm32f0xx_hal_rcc.c.obj
 .debug_frame   0x0000078c       0x70 CMakeFiles/f030_cpp_demo.elf.dir/libmcu/F0/STM32F0xx_HAL_Driver/Src/stm32f0xx_hal_rcc_ex.c.obj
 .debug_frame   0x000007fc      0x790 CMakeFiles/f030_cpp_demo.elf.dir/libmcu/F0/STM32F0xx_HAL_Driver/Src/stm32f0xx_hal_spi.c.obj
 .debug_frame   0x00000f8c      0x210 CMakeFiles/f030_cpp_demo.elf.dir/libmcu/F0/hal_cpp/ssd1306.cpp.obj
 .debug_frame   0x0000119c      0x128 CMakeFiles/f030_cpp_demo.elf.dir/projects/f030_cpp_demo/mian.cpp.obj
 .debug_frame   0x000012c4       0x9c CMakeFiles/f030_cpp_demo.elf.dir/projects/f030_cpp_demo/stm32f0xx_it.cpp.obj
 .debug_frame   0x00001360       0x4c CMakeFiles/f030_cpp_demo.elf.dir/projects/f030_cpp_demo/system_stm32f0xx.c.obj
 .debug_frame   0x000013ac      0x108 c:/opt/gnutoo~1/72018-~1/bin/../lib/gcc/arm-none-eabi/7.3.1/../../../../arm-none-eabi/lib/thumb/v6-m\libstdc++_nano.a(eh_personality.o)
 .debug_frame   0x000014b4       0x54 c:/opt/gnutoo~1/72018-~1/bin/../lib/gcc/arm-none-eabi/7.3.1/../../../../arm-none-eabi/lib/thumb/v6-m\libstdc++_nano.a(eh_call.o)
 .debug_frame   0x00001508       0x8c c:/opt/gnutoo~1/72018-~1/bin/../lib/gcc/arm-none-eabi/7.3.1/../../../../arm-none-eabi/lib/thumb/v6-m\libstdc++_nano.a(eh_catch.o)
 .debug_frame   0x00001594       0x30 c:/opt/gnutoo~1/72018-~1/bin/../lib/gcc/arm-none-eabi/7.3.1/../../../../arm-none-eabi/lib/thumb/v6-m\libstdc++_nano.a(eh_globals.o)
 .debug_frame   0x000015c4       0xb0 c:/opt/gnutoo~1/72018-~1/bin/../lib/gcc/arm-none-eabi/7.3.1/../../../../arm-none-eabi/lib/thumb/v6-m\libstdc++_nano.a(eh_terminate.o)
 .debug_frame   0x00001674       0x78 c:/opt/gnutoo~1/72018-~1/bin/../lib/gcc/arm-none-eabi/7.3.1/../../../../arm-none-eabi/lib/thumb/v6-m\libstdc++_nano.a(eh_arm.o)
 .debug_frame   0x000016ec       0x28 c:/opt/gnutoo~1/72018-~1/bin/../lib/gcc/arm-none-eabi/7.3.1/../../../../arm-none-eabi/lib/thumb/v6-m\libstdc++_nano.a(atexit_arm.o)
 .debug_frame   0x00001714       0xf0 c:/opt/gnutoo~1/72018-~1/bin/../lib/gcc/arm-none-eabi/7.3.1/../../../../arm-none-eabi/lib/thumb/v6-m\libstdc++_nano.a(eh_exception.o)
 .debug_frame   0x00001804       0x28 c:/opt/gnutoo~1/72018-~1/bin/../lib/gcc/arm-none-eabi/7.3.1/../../../../arm-none-eabi/lib/thumb/v6-m\libstdc++_nano.a(del_ops.o)
 .debug_frame   0x0000182c       0xa4 c:/opt/gnutoo~1/72018-~1/bin/../lib/gcc/arm-none-eabi/7.3.1/../../../../arm-none-eabi/lib/thumb/v6-m\libstdc++_nano.a(si_class_type_info.o)
 .debug_frame   0x000018d0       0x88 c:/opt/gnutoo~1/72018-~1/bin/../lib/gcc/arm-none-eabi/7.3.1/../../../../arm-none-eabi/lib/thumb/v6-m\libstdc++_nano.a(tinfo.o)
 .debug_frame   0x00001958       0xd0 c:/opt/gnutoo~1/72018-~1/bin/../lib/gcc/arm-none-eabi/7.3.1/../../../../arm-none-eabi/lib/thumb/v6-m\libstdc++_nano.a(class_type_info.o)
 .debug_frame   0x00001a28       0x28 c:/opt/gnutoo~1/72018-~1/bin/../lib/gcc/arm-none-eabi/7.3.1/../../../../arm-none-eabi/lib/thumb/v6-m\libstdc++_nano.a(del_op.o)
 .debug_frame   0x00001a50       0x20 c:/opt/gnutoo~1/72018-~1/bin/../lib/gcc/arm-none-eabi/7.3.1/thumb/v6-m\libgcc.a(_udivsi3.o)
 .debug_frame   0x00001a70      0x2b4 c:/opt/gnutoo~1/72018-~1/bin/../lib/gcc/arm-none-eabi/7.3.1/thumb/v6-m\libgcc.a(unwind-arm.o)
 .debug_frame   0x00001d24       0xf4 c:/opt/gnutoo~1/72018-~1/bin/../lib/gcc/arm-none-eabi/7.3.1/thumb/v6-m\libgcc.a(pr-support.o)
 .debug_frame   0x00001e18       0x28 c:/opt/gnutoo~1/72018-~1/bin/../lib/gcc/arm-none-eabi/7.3.1/../../../../arm-none-eabi/lib/thumb/v6-m\libg_nano.a(lib_a-abort.o)
 .debug_frame   0x00001e40       0x28 c:/opt/gnutoo~1/72018-~1/bin/../lib/gcc/arm-none-eabi/7.3.1/../../../../arm-none-eabi/lib/thumb/v6-m\libg_nano.a(lib_a-cxa_atexit.o)
 .debug_frame   0x00001e68       0x2c c:/opt/gnutoo~1/72018-~1/bin/../lib/gcc/arm-none-eabi/7.3.1/../../../../arm-none-eabi/lib/thumb/v6-m\libg_nano.a(lib_a-init.o)
 .debug_frame   0x00001e94       0x40 c:/opt/gnutoo~1/72018-~1/bin/../lib/gcc/arm-none-eabi/7.3.1/../../../../arm-none-eabi/lib/thumb/v6-m\libg_nano.a(lib_a-malloc.o)
 .debug_frame   0x00001ed4       0x28 c:/opt/gnutoo~1/72018-~1/bin/../lib/gcc/arm-none-eabi/7.3.1/../../../../arm-none-eabi/lib/thumb/v6-m\libg_nano.a(lib_a-memcpy-stub.o)
 .debug_frame   0x00001efc       0x2c c:/opt/gnutoo~1/72018-~1/bin/../lib/gcc/arm-none-eabi/7.3.1/../../../../arm-none-eabi/lib/thumb/v6-m\libg_nano.a(lib_a-nano-freer.o)
 .debug_frame   0x00001f28       0x2c c:/opt/gnutoo~1/72018-~1/bin/../lib/gcc/arm-none-eabi/7.3.1/../../../../arm-none-eabi/lib/thumb/v6-m\libg_nano.a(lib_a-nano-mallocr.o)
 .debug_frame   0x00001f54       0xe0 c:/opt/gnutoo~1/72018-~1/bin/../lib/gcc/arm-none-eabi/7.3.1/../../../../arm-none-eabi/lib/thumb/v6-m\libg_nano.a(lib_a-signal.o)
 .debug_frame   0x00002034       0x44 c:/opt/gnutoo~1/72018-~1/bin/../lib/gcc/arm-none-eabi/7.3.1/../../../../arm-none-eabi/lib/thumb/v6-m\libg_nano.a(lib_a-signalr.o)
 .debug_frame   0x00002078       0x20 c:/opt/gnutoo~1/72018-~1/bin/../lib/gcc/arm-none-eabi/7.3.1/../../../../arm-none-eabi/lib/thumb/v6-m\libg_nano.a(lib_a-strcmp.o)
 .debug_frame   0x00002098       0x30 c:/opt/gnutoo~1/72018-~1/bin/../lib/gcc/arm-none-eabi/7.3.1/../../../../arm-none-eabi/lib/thumb/v6-m\libg_nano.a(lib_a-mlock.o)
 .debug_frame   0x000020c8       0x48 c:/opt/gnutoo~1/72018-~1/bin/../lib/gcc/arm-none-eabi/7.3.1/../../../../arm-none-eabi/lib/thumb/v6-m\libg_nano.a(lib_a-reent.o)
 .debug_frame   0x00002110       0x20 c:/opt/gnutoo~1/72018-~1/bin/../lib/gcc/arm-none-eabi/7.3.1/../../../../arm-none-eabi/lib/thumb/v6-m\libnosys.a(getpid.o)
 .debug_frame   0x00002130       0x20 c:/opt/gnutoo~1/72018-~1/bin/../lib/gcc/arm-none-eabi/7.3.1/../../../../arm-none-eabi/lib/thumb/v6-m\libnosys.a(kill.o)
 .debug_frame   0x00002150       0x20 c:/opt/gnutoo~1/72018-~1/bin/../lib/gcc/arm-none-eabi/7.3.1/../../../../arm-none-eabi/lib/thumb/v6-m\libnosys.a(_exit.o)

.stab           0x00000000       0x3c
 .stab          0x00000000       0x24 c:/opt/gnutoo~1/72018-~1/bin/../lib/gcc/arm-none-eabi/7.3.1/../../../../arm-none-eabi/lib/thumb/v6-m\libnosys.a(getpid.o)
 .stab          0x00000024       0x18 c:/opt/gnutoo~1/72018-~1/bin/../lib/gcc/arm-none-eabi/7.3.1/../../../../arm-none-eabi/lib/thumb/v6-m\libnosys.a(kill.o)
                                 0x24 (size before relaxing)

.stabstr        0x00000000       0x76
 .stabstr       0x00000000       0x76 c:/opt/gnutoo~1/72018-~1/bin/../lib/gcc/arm-none-eabi/7.3.1/../../../../arm-none-eabi/lib/thumb/v6-m\libnosys.a(getpid.o)
